

================================================================
== Vitis HLS Report for 'Loop_LoadLoop_proc'
================================================================
* Date:           Fri Nov 21 01:08:01 2025

* Version:        2023.2 (Build 4023990 on Oct 11 2023)
* Project:        sobel_hls
* Solution:       solution1 (Vivado IP Flow Target)
* Product family: virtexuplusHBM
* Target device:  xcu280-fsvh2892-2L-e


================================================================
== Performance Estimates
================================================================
+ Timing: 
    * Summary: 
    +--------+---------+----------+------------+
    |  Clock |  Target | Estimated| Uncertainty|
    +--------+---------+----------+------------+
    |ap_clk  |  3.33 ns|  2.527 ns|     0.90 ns|
    +--------+---------+----------+------------+

+ Latency: 
    * Summary: 
    +---------+---------+----------+----------+--------+--------+---------+
    |  Latency (cycles) |  Latency (absolute) |     Interval    | Pipeline|
    |   min   |   max   |    min   |    max   |   min  |   max  |   Type  |
    +---------+---------+----------+----------+--------+--------+---------+
    |   262155|   262155|  0.873 ms|  0.873 ms|  262155|  262155|       no|
    +---------+---------+----------+----------+--------+--------+---------+

    + Detail: 
        * Instance: 
        N/A

        * Loop: 
        +----------------------------+---------+---------+----------+-----------+-----------+--------+----------+
        |                            |  Latency (cycles) | Iteration|  Initiation Interval  |  Trip  |          |
        |          Loop Name         |   min   |   max   |  Latency |  achieved |   target  |  Count | Pipelined|
        +----------------------------+---------+---------+----------+-----------+-----------+--------+----------+
        |- LoadLoop_VITIS_LOOP_19_1  |   262153|   262153|        11|          1|          1|  262144|       yes|
        +----------------------------+---------+---------+----------+-----------+-----------+--------+----------+



================================================================
== Utilization Estimates
================================================================
* Summary: 
+---------------------+---------+------+---------+---------+-----+
|         Name        | BRAM_18K|  DSP |    FF   |   LUT   | URAM|
+---------------------+---------+------+---------+---------+-----+
|DSP                  |        -|     -|        -|        -|    -|
|Expression           |        -|     -|        0|      162|    -|
|FIFO                 |        -|     -|        -|        -|    -|
|Instance             |        -|     -|        -|        -|    -|
|Memory               |        -|     -|        -|        -|    -|
|Multiplexer          |        -|     -|        -|       90|    -|
|Register             |        -|     -|      225|       32|    -|
+---------------------+---------+------+---------+---------+-----+
|Total                |        0|     0|      225|      284|    0|
+---------------------+---------+------+---------+---------+-----+
|Available SLR        |     1344|  3008|   869120|   434560|  320|
+---------------------+---------+------+---------+---------+-----+
|Utilization SLR (%)  |        0|     0|       ~0|       ~0|    0|
+---------------------+---------+------+---------+---------+-----+
|Available            |     4032|  9024|  2607360|  1303680|  960|
+---------------------+---------+------+---------+---------+-----+
|Utilization (%)      |        0|     0|       ~0|       ~0|    0|
+---------------------+---------+------+---------+---------+-----+

+ Detail: 
    * Instance: 
    N/A

    * DSP: 
    N/A

    * Memory: 
    N/A

    * FIFO: 
    N/A

    * Expression: 
    +-----------------------------------+----------+----+---+----+------------+------------+
    |           Variable Name           | Operation| DSP| FF| LUT| Bitwidth P0| Bitwidth P1|
    +-----------------------------------+----------+----+---+----+------------+------------+
    |add_ln18_1_fu_143_p2               |         +|   0|  0|  26|          19|           1|
    |add_ln18_fu_166_p2                 |         +|   0|  0|  17|          10|           1|
    |add_ln19_fu_216_p2                 |         +|   0|  0|  17|          10|           1|
    |add_ln21_fu_210_p2                 |         +|   0|  0|  25|          18|          18|
    |ap_block_state10_pp0_stage0_iter9  |       and|   0|  0|   2|           1|           1|
    |ap_block_state2_io                 |       and|   0|  0|   2|           1|           1|
    |ap_condition_278                   |       and|   0|  0|   2|           1|           1|
    |ap_condition_384                   |       and|   0|  0|   2|           1|           1|
    |icmp_ln18_fu_137_p2                |      icmp|   0|  0|  27|          19|          20|
    |icmp_ln19_fu_172_p2                |      icmp|   0|  0|  18|          10|          11|
    |ap_block_pp0_stage0_11001          |        or|   0|  0|   2|           1|           1|
    |select_ln18_1_fu_186_p3            |    select|   0|  0|  10|           1|          10|
    |select_ln18_fu_178_p3              |    select|   0|  0|  10|           1|           1|
    |ap_enable_pp0                      |       xor|   0|  0|   2|           1|           2|
    +-----------------------------------+----------+----+---+----+------------+------------+
    |Total                              |          |   0|  0| 162|          94|          70|
    +-----------------------------------+----------+----+---+----+------------+------------+

    * Multiplexer: 
    +--------------------------------------+----+-----------+-----+-----------+
    |                 Name                 | LUT| Input Size| Bits| Total Bits|
    +--------------------------------------+----+-----------+-----+-----------+
    |ap_done_int                           |   9|          2|    1|          2|
    |ap_enable_reg_pp0_iter1               |   9|          2|    1|          2|
    |ap_sig_allocacmp_c_load               |   9|          2|   10|         20|
    |ap_sig_allocacmp_indvar_flatten_load  |   9|          2|   19|         38|
    |ap_sig_allocacmp_r_load               |   9|          2|   10|         20|
    |c_fu_64                               |   9|          2|   10|         20|
    |gmem_blk_n_AR                         |   9|          2|    1|          2|
    |gmem_blk_n_R                          |   9|          2|    1|          2|
    |indvar_flatten_fu_72                  |   9|          2|   19|         38|
    |r_fu_68                               |   9|          2|   10|         20|
    +--------------------------------------+----+-----------+-----+-----------+
    |Total                                 |  90|         20|   82|        164|
    +--------------------------------------+----+-----------+-----+-----------+

    * Register: 
    +----------------------------------+----+----+-----+-----------+
    |               Name               | FF | LUT| Bits| Const Bits|
    +----------------------------------+----+----+-----+-----------+
    |add_ln21_reg_272                  |  18|   0|   18|          0|
    |ap_CS_fsm                         |   1|   0|    1|          0|
    |ap_done_reg                       |   1|   0|    1|          0|
    |ap_enable_reg_pp0_iter1           |   1|   0|    1|          0|
    |ap_enable_reg_pp0_iter10          |   1|   0|    1|          0|
    |ap_enable_reg_pp0_iter2           |   1|   0|    1|          0|
    |ap_enable_reg_pp0_iter3           |   1|   0|    1|          0|
    |ap_enable_reg_pp0_iter4           |   1|   0|    1|          0|
    |ap_enable_reg_pp0_iter5           |   1|   0|    1|          0|
    |ap_enable_reg_pp0_iter6           |   1|   0|    1|          0|
    |ap_enable_reg_pp0_iter7           |   1|   0|    1|          0|
    |ap_enable_reg_pp0_iter8           |   1|   0|    1|          0|
    |ap_enable_reg_pp0_iter9           |   1|   0|    1|          0|
    |ap_loop_exit_ready_pp0_iter1_reg  |   1|   0|    1|          0|
    |ap_loop_exit_ready_pp0_iter2_reg  |   1|   0|    1|          0|
    |ap_loop_exit_ready_pp0_iter3_reg  |   1|   0|    1|          0|
    |ap_loop_exit_ready_pp0_iter4_reg  |   1|   0|    1|          0|
    |ap_loop_exit_ready_pp0_iter5_reg  |   1|   0|    1|          0|
    |ap_loop_exit_ready_pp0_iter6_reg  |   1|   0|    1|          0|
    |ap_loop_exit_ready_pp0_iter7_reg  |   1|   0|    1|          0|
    |ap_loop_exit_ready_pp0_iter8_reg  |   1|   0|    1|          0|
    |ap_loop_exit_ready_pp0_iter9_reg  |   1|   0|    1|          0|
    |ap_loop_init_pp0_iter1_reg        |   1|   0|    1|          0|
    |ap_loop_init_pp0_iter2_reg        |   1|   0|    1|          0|
    |ap_loop_init_pp0_iter3_reg        |   1|   0|    1|          0|
    |ap_loop_init_pp0_iter4_reg        |   1|   0|    1|          0|
    |ap_loop_init_pp0_iter5_reg        |   1|   0|    1|          0|
    |ap_loop_init_pp0_iter6_reg        |   1|   0|    1|          0|
    |ap_loop_init_pp0_iter7_reg        |   1|   0|    1|          0|
    |ap_loop_init_pp0_iter8_reg        |   1|   0|    1|          0|
    |ap_loop_init_pp0_iter9_reg        |   1|   0|    1|          0|
    |c_fu_64                           |  10|   0|   10|          0|
    |first_iter_0_reg_107              |   1|   0|    1|          0|
    |gmem_addr_read_reg_277            |   8|   0|    8|          0|
    |icmp_ln18_reg_262                 |   1|   0|    1|          0|
    |in_r_read_reg_257                 |  64|   0|   64|          0|
    |indvar_flatten_fu_72              |  19|   0|   19|          0|
    |r_fu_68                           |  10|   0|   10|          0|
    |icmp_ln18_reg_262                 |  64|  32|    1|          0|
    +----------------------------------+----+----+-----+-----------+
    |Total                             | 225|  32|  162|          0|
    +----------------------------------+----+----+-----+-----------+



================================================================
== Interface
================================================================
* Summary: 
+---------------------+-----+-----+------------+--------------------+--------------+
|      RTL Ports      | Dir | Bits|  Protocol  |    Source Object   |    C Type    |
+---------------------+-----+-----+------------+--------------------+--------------+
|ap_clk               |   in|    1|  ap_ctrl_hs|  Loop_LoadLoop_proc|  return value|
|ap_rst               |   in|    1|  ap_ctrl_hs|  Loop_LoadLoop_proc|  return value|
|ap_start             |   in|    1|  ap_ctrl_hs|  Loop_LoadLoop_proc|  return value|
|ap_done              |  out|    1|  ap_ctrl_hs|  Loop_LoadLoop_proc|  return value|
|ap_continue          |   in|    1|  ap_ctrl_hs|  Loop_LoadLoop_proc|  return value|
|ap_idle              |  out|    1|  ap_ctrl_hs|  Loop_LoadLoop_proc|  return value|
|ap_ready             |  out|    1|  ap_ctrl_hs|  Loop_LoadLoop_proc|  return value|
|m_axi_gmem_AWVALID   |  out|    1|       m_axi|                gmem|       pointer|
|m_axi_gmem_AWREADY   |   in|    1|       m_axi|                gmem|       pointer|
|m_axi_gmem_AWADDR    |  out|   64|       m_axi|                gmem|       pointer|
|m_axi_gmem_AWID      |  out|    1|       m_axi|                gmem|       pointer|
|m_axi_gmem_AWLEN     |  out|   32|       m_axi|                gmem|       pointer|
|m_axi_gmem_AWSIZE    |  out|    3|       m_axi|                gmem|       pointer|
|m_axi_gmem_AWBURST   |  out|    2|       m_axi|                gmem|       pointer|
|m_axi_gmem_AWLOCK    |  out|    2|       m_axi|                gmem|       pointer|
|m_axi_gmem_AWCACHE   |  out|    4|       m_axi|                gmem|       pointer|
|m_axi_gmem_AWPROT    |  out|    3|       m_axi|                gmem|       pointer|
|m_axi_gmem_AWQOS     |  out|    4|       m_axi|                gmem|       pointer|
|m_axi_gmem_AWREGION  |  out|    4|       m_axi|                gmem|       pointer|
|m_axi_gmem_AWUSER    |  out|    1|       m_axi|                gmem|       pointer|
|m_axi_gmem_WVALID    |  out|    1|       m_axi|                gmem|       pointer|
|m_axi_gmem_WREADY    |   in|    1|       m_axi|                gmem|       pointer|
|m_axi_gmem_WDATA     |  out|    8|       m_axi|                gmem|       pointer|
|m_axi_gmem_WSTRB     |  out|    1|       m_axi|                gmem|       pointer|
|m_axi_gmem_WLAST     |  out|    1|       m_axi|                gmem|       pointer|
|m_axi_gmem_WID       |  out|    1|       m_axi|                gmem|       pointer|
|m_axi_gmem_WUSER     |  out|    1|       m_axi|                gmem|       pointer|
|m_axi_gmem_ARVALID   |  out|    1|       m_axi|                gmem|       pointer|
|m_axi_gmem_ARREADY   |   in|    1|       m_axi|                gmem|       pointer|
|m_axi_gmem_ARADDR    |  out|   64|       m_axi|                gmem|       pointer|
|m_axi_gmem_ARID      |  out|    1|       m_axi|                gmem|       pointer|
|m_axi_gmem_ARLEN     |  out|   32|       m_axi|                gmem|       pointer|
|m_axi_gmem_ARSIZE    |  out|    3|       m_axi|                gmem|       pointer|
|m_axi_gmem_ARBURST   |  out|    2|       m_axi|                gmem|       pointer|
|m_axi_gmem_ARLOCK    |  out|    2|       m_axi|                gmem|       pointer|
|m_axi_gmem_ARCACHE   |  out|    4|       m_axi|                gmem|       pointer|
|m_axi_gmem_ARPROT    |  out|    3|       m_axi|                gmem|       pointer|
|m_axi_gmem_ARQOS     |  out|    4|       m_axi|                gmem|       pointer|
|m_axi_gmem_ARREGION  |  out|    4|       m_axi|                gmem|       pointer|
|m_axi_gmem_ARUSER    |  out|    1|       m_axi|                gmem|       pointer|
|m_axi_gmem_RVALID    |   in|    1|       m_axi|                gmem|       pointer|
|m_axi_gmem_RREADY    |  out|    1|       m_axi|                gmem|       pointer|
|m_axi_gmem_RDATA     |   in|    8|       m_axi|                gmem|       pointer|
|m_axi_gmem_RLAST     |   in|    1|       m_axi|                gmem|       pointer|
|m_axi_gmem_RID       |   in|    1|       m_axi|                gmem|       pointer|
|m_axi_gmem_RFIFONUM  |   in|   11|       m_axi|                gmem|       pointer|
|m_axi_gmem_RUSER     |   in|    1|       m_axi|                gmem|       pointer|
|m_axi_gmem_RRESP     |   in|    2|       m_axi|                gmem|       pointer|
|m_axi_gmem_BVALID    |   in|    1|       m_axi|                gmem|       pointer|
|m_axi_gmem_BREADY    |  out|    1|       m_axi|                gmem|       pointer|
|m_axi_gmem_BRESP     |   in|    2|       m_axi|                gmem|       pointer|
|m_axi_gmem_BID       |   in|    1|       m_axi|                gmem|       pointer|
|m_axi_gmem_BUSER     |   in|    1|       m_axi|                gmem|       pointer|
|in_r                 |   in|   64|     ap_none|                in_r|        scalar|
|in_img_address0      |  out|   18|   ap_memory|              in_img|         array|
|in_img_ce0           |  out|    1|   ap_memory|              in_img|         array|
|in_img_we0           |  out|    1|   ap_memory|              in_img|         array|
|in_img_d0            |  out|    8|   ap_memory|              in_img|         array|
+---------------------+-----+-----+------------+--------------------+--------------+

============================================================
+ Verbose Summary: Synthesis Manager
============================================================
InlineROM: 1
ExposeGlobal: 0
============================================================
+ Verbose Summary: CDFG Model
============================================================
IsTopModel: 0
ResetActiveHigh: 1
IsCombinational: 2
IsDatapathOnly: 0
HasWiredReturn: 1
HasMFsm: 2
HasVarLatency: 1
IsPipeline: 0
IsRtlPipelined: 0
IsInstanceOverlapped: 0
IsDontTouch: 0
HasImplIP: 0
IsGatedGlobalClock: 0

+ Individual pipeline summary: 
  * Pipeline-0: initiation interval (II) = 1, depth = 11


============================================================
+ Verbose Summary: Schedule
============================================================
* Number of FSM states : 11
* Pipeline : 1
  Pipeline-0 : II = 1, D = 11, States = { 1 2 3 4 5 6 7 8 9 10 11 }
* Dataflow Pipeline: 0

* FSM state transitions: 
1 --> 2 
2 --> 3 
3 --> 4 
4 --> 5 
5 --> 6 
6 --> 7 
7 --> 8 
8 --> 9 
9 --> 10 
10 --> 11 
11 --> 

* FSM state operations: 

State 1 <SV = 0> <Delay = 1.57>
ST_1 : Operation 14 [1/1] (0.00ns)   --->   "%c = alloca i32 1" [../src/kernel.cpp:19]   --->   Operation 14 'alloca' 'c' <Predicate = true> <Delay = 0.00>
ST_1 : Operation 15 [1/1] (0.00ns)   --->   "%r = alloca i32 1" [../src/kernel.cpp:18]   --->   Operation 15 'alloca' 'r' <Predicate = true> <Delay = 0.00>
ST_1 : Operation 16 [1/1] (0.00ns)   --->   "%indvar_flatten = alloca i32 1"   --->   Operation 16 'alloca' 'indvar_flatten' <Predicate = true> <Delay = 0.00>
ST_1 : Operation 17 [1/1] (0.00ns)   --->   "%specinterface_ln0 = specinterface void @_ssdm_op_SpecInterface, i8 %gmem, void @empty_2, i32 0, i32 0, void @empty_1, i32 0, i32 0, void @empty_9, void @empty, void @empty_1, i32 16, i32 16, i32 16, i32 16, void @empty_1, void @empty_1, i32 4294967295, i32 0"   --->   Operation 17 'specinterface' 'specinterface_ln0' <Predicate = true> <Delay = 0.00>
ST_1 : Operation 18 [1/1] (0.00ns)   --->   "%in_r_read = read i64 @_ssdm_op_Read.ap_auto.i64, i64 %in_r" [../src/kernel.cpp:4]   --->   Operation 18 'read' 'in_r_read' <Predicate = true> <Delay = 0.00>
ST_1 : Operation 19 [1/1] (0.38ns)   --->   "%store_ln0 = store i19 0, i19 %indvar_flatten"   --->   Operation 19 'store' 'store_ln0' <Predicate = true> <Delay = 0.38>
ST_1 : Operation 22 [1/1] (0.38ns)   --->   "%br_ln18 = br void %for.inc" [../src/kernel.cpp:18]   --->   Operation 22 'br' 'br_ln18' <Predicate = true> <Delay = 0.38>
ST_1 : Operation 23 [1/1] (0.00ns)   --->   "%first_iter_0 = phi i1 0, void %for.inc9, i1 1, void %newFuncRoot"   --->   Operation 23 'phi' 'first_iter_0' <Predicate = true> <Delay = 0.00>
ST_1 : Operation 24 [1/1] (0.00ns)   --->   "%indvar_flatten_load = load i19 %indvar_flatten" [../src/kernel.cpp:18]   --->   Operation 24 'load' 'indvar_flatten_load' <Predicate = true> <Delay = 0.00>
ST_1 : Operation 25 [1/1] (0.80ns)   --->   "%icmp_ln18 = icmp_eq  i19 %indvar_flatten_load, i19 262144" [../src/kernel.cpp:18]   --->   Operation 25 'icmp' 'icmp_ln18' <Predicate = true> <Delay = 0.80> <CoreInst = "Cmp">   --->   Core 9 'Cmp' <Latency = 0> <II = 1> <Delay = 0.80> <FuncUnit> <Opcode : 'icmp'> <InPorts = 2> <OutPorts = 1>
ST_1 : Operation 26 [1/1] (0.80ns)   --->   "%add_ln18_1 = add i19 %indvar_flatten_load, i19 1" [../src/kernel.cpp:18]   --->   Operation 26 'add' 'add_ln18_1' <Predicate = true> <Delay = 0.80> <CoreInst = "Adder">   --->   Core 1 'Adder' <Latency = 0> <II = 1> <Delay = 0.80> <FuncUnit> <Opcode : 'add' 'sub'> <InPorts = 2> <OutPorts = 1>
ST_1 : Operation 27 [1/1] (0.00ns)   --->   "%br_ln18 = br i1 %icmp_ln18, void %new.body.for.inc, void %for.end11.exitStub" [../src/kernel.cpp:18]   --->   Operation 27 'br' 'br_ln18' <Predicate = true> <Delay = 0.00>
ST_1 : Operation 28 [1/1] (0.00ns)   --->   "%br_ln0 = br i1 %first_iter_0, void %for.inc9, void %for.first.iter.for.inc"   --->   Operation 28 'br' 'br_ln0' <Predicate = (!icmp_ln18)> <Delay = 0.00>
ST_1 : Operation 29 [1/1] (0.38ns)   --->   "%store_ln18 = store i19 %add_ln18_1, i19 %indvar_flatten" [../src/kernel.cpp:18]   --->   Operation 29 'store' 'store_ln18' <Predicate = (!icmp_ln18)> <Delay = 0.38>
ST_1 : Operation 30 [1/1] (0.00ns)   --->   "%br_ln19 = br void %for.inc" [../src/kernel.cpp:19]   --->   Operation 30 'br' 'br_ln19' <Predicate = (!icmp_ln18)> <Delay = 0.00>

State 2 <SV = 1> <Delay = 2.43>
ST_2 : Operation 31 [1/1] (0.00ns)   --->   "%gmem_addr = getelementptr i8 %gmem, i64 %in_r_read" [../src/kernel.cpp:18]   --->   Operation 31 'getelementptr' 'gmem_addr' <Predicate = true> <Delay = 0.00>
ST_2 : Operation 32 [8/8] (2.43ns)   --->   "%empty = readreq i1 @_ssdm_op_ReadReq.m_axi.p1i8, i64 %gmem_addr, i32 262144" [../src/kernel.cpp:18]   --->   Operation 32 'readreq' 'empty' <Predicate = (first_iter_0)> <Delay = 2.43> <CoreInst = "m_axi">   --->   Core 121 'm_axi' <Latency = 0> <II = 1> <Delay = 1.00> <Adapter> <Opcode : 'read' 'write' 'readreq' 'writereq' 'writeresp'>

State 3 <SV = 2> <Delay = 2.43>
ST_3 : Operation 33 [7/8] (2.43ns)   --->   "%empty = readreq i1 @_ssdm_op_ReadReq.m_axi.p1i8, i64 %gmem_addr, i32 262144" [../src/kernel.cpp:18]   --->   Operation 33 'readreq' 'empty' <Predicate = (first_iter_0)> <Delay = 2.43> <CoreInst = "m_axi">   --->   Core 121 'm_axi' <Latency = 0> <II = 1> <Delay = 1.00> <Adapter> <Opcode : 'read' 'write' 'readreq' 'writereq' 'writeresp'>

State 4 <SV = 3> <Delay = 2.43>
ST_4 : Operation 34 [6/8] (2.43ns)   --->   "%empty = readreq i1 @_ssdm_op_ReadReq.m_axi.p1i8, i64 %gmem_addr, i32 262144" [../src/kernel.cpp:18]   --->   Operation 34 'readreq' 'empty' <Predicate = (first_iter_0)> <Delay = 2.43> <CoreInst = "m_axi">   --->   Core 121 'm_axi' <Latency = 0> <II = 1> <Delay = 1.00> <Adapter> <Opcode : 'read' 'write' 'readreq' 'writereq' 'writeresp'>

State 5 <SV = 4> <Delay = 2.43>
ST_5 : Operation 35 [5/8] (2.43ns)   --->   "%empty = readreq i1 @_ssdm_op_ReadReq.m_axi.p1i8, i64 %gmem_addr, i32 262144" [../src/kernel.cpp:18]   --->   Operation 35 'readreq' 'empty' <Predicate = (first_iter_0)> <Delay = 2.43> <CoreInst = "m_axi">   --->   Core 121 'm_axi' <Latency = 0> <II = 1> <Delay = 1.00> <Adapter> <Opcode : 'read' 'write' 'readreq' 'writereq' 'writeresp'>

State 6 <SV = 5> <Delay = 2.43>
ST_6 : Operation 36 [4/8] (2.43ns)   --->   "%empty = readreq i1 @_ssdm_op_ReadReq.m_axi.p1i8, i64 %gmem_addr, i32 262144" [../src/kernel.cpp:18]   --->   Operation 36 'readreq' 'empty' <Predicate = (first_iter_0)> <Delay = 2.43> <CoreInst = "m_axi">   --->   Core 121 'm_axi' <Latency = 0> <II = 1> <Delay = 1.00> <Adapter> <Opcode : 'read' 'write' 'readreq' 'writereq' 'writeresp'>

State 7 <SV = 6> <Delay = 2.43>
ST_7 : Operation 37 [3/8] (2.43ns)   --->   "%empty = readreq i1 @_ssdm_op_ReadReq.m_axi.p1i8, i64 %gmem_addr, i32 262144" [../src/kernel.cpp:18]   --->   Operation 37 'readreq' 'empty' <Predicate = (first_iter_0)> <Delay = 2.43> <CoreInst = "m_axi">   --->   Core 121 'm_axi' <Latency = 0> <II = 1> <Delay = 1.00> <Adapter> <Opcode : 'read' 'write' 'readreq' 'writereq' 'writeresp'>

State 8 <SV = 7> <Delay = 2.43>
ST_8 : Operation 38 [2/8] (2.43ns)   --->   "%empty = readreq i1 @_ssdm_op_ReadReq.m_axi.p1i8, i64 %gmem_addr, i32 262144" [../src/kernel.cpp:18]   --->   Operation 38 'readreq' 'empty' <Predicate = (first_iter_0)> <Delay = 2.43> <CoreInst = "m_axi">   --->   Core 121 'm_axi' <Latency = 0> <II = 1> <Delay = 1.00> <Adapter> <Opcode : 'read' 'write' 'readreq' 'writereq' 'writeresp'>

State 9 <SV = 8> <Delay = 2.43>
ST_9 : Operation 39 [1/8] (2.43ns)   --->   "%empty = readreq i1 @_ssdm_op_ReadReq.m_axi.p1i8, i64 %gmem_addr, i32 262144" [../src/kernel.cpp:18]   --->   Operation 39 'readreq' 'empty' <Predicate = (first_iter_0)> <Delay = 2.43> <CoreInst = "m_axi">   --->   Core 121 'm_axi' <Latency = 0> <II = 1> <Delay = 1.00> <Adapter> <Opcode : 'read' 'write' 'readreq' 'writereq' 'writeresp'>
ST_9 : Operation 40 [1/1] (0.00ns)   --->   "%br_ln0 = br void %for.inc9"   --->   Operation 40 'br' 'br_ln0' <Predicate = (first_iter_0)> <Delay = 0.00>

State 10 <SV = 9> <Delay = 2.52>
ST_10 : Operation 21 [1/1] (0.38ns)   --->   "%store_ln19 = store i10 0, i10 %c" [../src/kernel.cpp:19]   --->   Operation 21 'store' 'store_ln19' <Predicate = true> <Delay = 0.38>
ST_10 : Operation 20 [1/1] (0.38ns)   --->   "%store_ln18 = store i10 0, i10 %r" [../src/kernel.cpp:18]   --->   Operation 20 'store' 'store_ln18' <Predicate = true> <Delay = 0.38>
ST_10 : Operation 41 [1/1] (0.00ns)   --->   "%c_load = load i10 %c" [../src/kernel.cpp:19]   --->   Operation 41 'load' 'c_load' <Predicate = (!icmp_ln18)> <Delay = 0.00>
ST_10 : Operation 42 [1/1] (0.00ns)   --->   "%r_load = load i10 %r" [../src/kernel.cpp:18]   --->   Operation 42 'load' 'r_load' <Predicate = (!icmp_ln18)> <Delay = 0.00>
ST_10 : Operation 43 [1/1] (0.72ns)   --->   "%add_ln18 = add i10 %r_load, i10 1" [../src/kernel.cpp:18]   --->   Operation 43 'add' 'add_ln18' <Predicate = (!icmp_ln18)> <Delay = 0.72> <CoreInst = "Adder">   --->   Core 1 'Adder' <Latency = 0> <II = 1> <Delay = 0.72> <FuncUnit> <Opcode : 'add' 'sub'> <InPorts = 2> <OutPorts = 1>
ST_10 : Operation 44 [1/1] (0.72ns)   --->   "%icmp_ln19 = icmp_eq  i10 %c_load, i10 512" [../src/kernel.cpp:19]   --->   Operation 44 'icmp' 'icmp_ln19' <Predicate = (!icmp_ln18)> <Delay = 0.72> <CoreInst = "Cmp">   --->   Core 9 'Cmp' <Latency = 0> <II = 1> <Delay = 0.73> <FuncUnit> <Opcode : 'icmp'> <InPorts = 2> <OutPorts = 1>
ST_10 : Operation 45 [1/1] (0.30ns)   --->   "%select_ln18 = select i1 %icmp_ln19, i10 0, i10 %c_load" [../src/kernel.cpp:18]   --->   Operation 45 'select' 'select_ln18' <Predicate = (!icmp_ln18)> <Delay = 0.30> <CoreInst = "Sel">   --->   Core 73 'Sel' <Latency = 0> <II = 1> <Delay = 0.30> <FuncUnit> <Opcode : 'select'> <InPorts = 3> <OutPorts = 1>
ST_10 : Operation 46 [1/1] (0.30ns)   --->   "%select_ln18_1 = select i1 %icmp_ln19, i10 %add_ln18, i10 %r_load" [../src/kernel.cpp:18]   --->   Operation 46 'select' 'select_ln18_1' <Predicate = (!icmp_ln18)> <Delay = 0.30> <CoreInst = "Sel">   --->   Core 73 'Sel' <Latency = 0> <II = 1> <Delay = 0.30> <FuncUnit> <Opcode : 'select'> <InPorts = 3> <OutPorts = 1>
ST_10 : Operation 47 [1/1] (0.00ns)   --->   "%trunc_ln21 = trunc i10 %select_ln18_1" [../src/kernel.cpp:21]   --->   Operation 47 'trunc' 'trunc_ln21' <Predicate = (!icmp_ln18)> <Delay = 0.00>
ST_10 : Operation 48 [1/1] (0.00ns)   --->   "%tmp = bitconcatenate i18 @_ssdm_op_BitConcatenate.i18.i9.i9, i9 %trunc_ln21, i9 0" [../src/kernel.cpp:21]   --->   Operation 48 'bitconcatenate' 'tmp' <Predicate = (!icmp_ln18)> <Delay = 0.00>
ST_10 : Operation 49 [1/1] (0.00ns)   --->   "%zext_ln21 = zext i10 %select_ln18" [../src/kernel.cpp:21]   --->   Operation 49 'zext' 'zext_ln21' <Predicate = (!icmp_ln18)> <Delay = 0.00>
ST_10 : Operation 50 [1/1] (0.79ns)   --->   "%add_ln21 = add i18 %tmp, i18 %zext_ln21" [../src/kernel.cpp:21]   --->   Operation 50 'add' 'add_ln21' <Predicate = (!icmp_ln18)> <Delay = 0.79> <CoreInst = "Adder">   --->   Core 1 'Adder' <Latency = 0> <II = 1> <Delay = 0.79> <FuncUnit> <Opcode : 'add' 'sub'> <InPorts = 2> <OutPorts = 1>
ST_10 : Operation 51 [1/1] (2.43ns)   --->   "%gmem_addr_read = read i8 @_ssdm_op_Read.m_axi.p1i8, i64 %gmem_addr" [../src/kernel.cpp:21]   --->   Operation 51 'read' 'gmem_addr_read' <Predicate = (!icmp_ln18)> <Delay = 2.43> <CoreInst = "m_axi">   --->   Core 121 'm_axi' <Latency = 0> <II = 1> <Delay = 1.00> <Adapter> <Opcode : 'read' 'write' 'readreq' 'writereq' 'writeresp'>
ST_10 : Operation 52 [1/1] (0.72ns)   --->   "%add_ln19 = add i10 %select_ln18, i10 1" [../src/kernel.cpp:19]   --->   Operation 52 'add' 'add_ln19' <Predicate = (!icmp_ln18)> <Delay = 0.72> <CoreInst = "Adder">   --->   Core 1 'Adder' <Latency = 0> <II = 1> <Delay = 0.72> <FuncUnit> <Opcode : 'add' 'sub'> <InPorts = 2> <OutPorts = 1>
ST_10 : Operation 53 [1/1] (0.38ns)   --->   "%store_ln18 = store i10 %select_ln18_1, i10 %r" [../src/kernel.cpp:18]   --->   Operation 53 'store' 'store_ln18' <Predicate = (!icmp_ln18)> <Delay = 0.38>
ST_10 : Operation 54 [1/1] (0.38ns)   --->   "%store_ln19 = store i10 %add_ln19, i10 %c" [../src/kernel.cpp:19]   --->   Operation 54 'store' 'store_ln19' <Predicate = (!icmp_ln18)> <Delay = 0.38>
ST_10 : Operation 61 [1/1] (0.00ns)   --->   "%ret_ln0 = ret"   --->   Operation 61 'ret' 'ret_ln0' <Predicate = (icmp_ln18)> <Delay = 0.00>

State 11 <SV = 10> <Delay = 1.24>
ST_11 : Operation 55 [1/1] (0.00ns)   --->   "%specloopname_ln0 = specloopname void @_ssdm_op_SpecLoopName, void @LoadLoop_VITIS_LOOP_19_1_str"   --->   Operation 55 'specloopname' 'specloopname_ln0' <Predicate = (!icmp_ln18)> <Delay = 0.00>
ST_11 : Operation 56 [1/1] (0.00ns)   --->   "%speclooptripcount_ln0 = speclooptripcount void @_ssdm_op_SpecLoopTripCount, i64 262144, i64 262144, i64 262144"   --->   Operation 56 'speclooptripcount' 'speclooptripcount_ln0' <Predicate = (!icmp_ln18)> <Delay = 0.00>
ST_11 : Operation 57 [1/1] (0.00ns)   --->   "%zext_ln21_1 = zext i18 %add_ln21" [../src/kernel.cpp:21]   --->   Operation 57 'zext' 'zext_ln21_1' <Predicate = (!icmp_ln18)> <Delay = 0.00>
ST_11 : Operation 58 [1/1] (0.00ns)   --->   "%in_img_addr = getelementptr i8 %in_img, i64 0, i64 %zext_ln21_1" [../src/kernel.cpp:21]   --->   Operation 58 'getelementptr' 'in_img_addr' <Predicate = (!icmp_ln18)> <Delay = 0.00>
ST_11 : Operation 59 [1/1] (0.00ns)   --->   "%specpipeline_ln20 = specpipeline void @_ssdm_op_SpecPipeline, i32 1, i32 0, i32 0, i32 0, void @empty_1" [../src/kernel.cpp:20]   --->   Operation 59 'specpipeline' 'specpipeline_ln20' <Predicate = (!icmp_ln18)> <Delay = 0.00>
ST_11 : Operation 60 [1/1] (1.24ns)   --->   "%store_ln21 = store i8 %gmem_addr_read, i18 %in_img_addr" [../src/kernel.cpp:21]   --->   Operation 60 'store' 'store_ln21' <Predicate = (!icmp_ln18)> <Delay = 1.24> <CoreInst = "RAM">   --->   Core 83 'RAM' <Latency = 1> <II = 1> <Delay = 1.24> <Storage> <Opcode : 'load' 'store'> <Ports = 2> <Width = 8> <Depth = 262144> <RAM>


============================================================
+ Verbose Summary: Binding
============================================================
STG Binding: 
---------------- STG Properties BEGIN ----------------
- Is combinational: 0
- Is one-state seq: 0
- Is datapath-only: 0
- Is pipelined: 0
- Is top level: 0
Port [ Return ] is wired: 1; IO mode=ap_ctrl_hs:ce=0
Port [ gmem]:  wired=1; compound=1; hidden=0; nouse=0; global=0; static=0; extern=0; dir=0; type=4; pingpong=0; private_global=0; IO mode=m_axi:ce=0
Port [ in_r]:  wired=1; compound=0; hidden=0; nouse=0; global=0; static=0; extern=0; dir=0; type=0; pingpong=0; private_global=0; IO mode=ap_none:ce=0
Port [ in_img]:  wired=1; compound=1; hidden=0; nouse=0; global=0; static=0; extern=0; dir=1; type=1; pingpong=1; private_global=0; MemPort=[03]; IO mode=ap_memory:ce=0
---------------- STG Properties END ------------------

---------------- Datapath Model BEGIN ----------------

<LifeTime>
<method=bitvector/>
c                     (alloca           ) [ 011111111110]
r                     (alloca           ) [ 011111111110]
indvar_flatten        (alloca           ) [ 010000000000]
specinterface_ln0     (specinterface    ) [ 000000000000]
in_r_read             (read             ) [ 011000000000]
store_ln0             (store            ) [ 000000000000]
store_ln18            (store            ) [ 000000000000]
store_ln19            (store            ) [ 000000000000]
br_ln18               (br               ) [ 000000000000]
first_iter_0          (phi              ) [ 011111111100]
indvar_flatten_load   (load             ) [ 000000000000]
icmp_ln18             (icmp             ) [ 011111111111]
add_ln18_1            (add              ) [ 000000000000]
br_ln18               (br               ) [ 000000000000]
br_ln0                (br               ) [ 000000000000]
store_ln18            (store            ) [ 000000000000]
br_ln19               (br               ) [ 010000000000]
gmem_addr             (getelementptr    ) [ 010111111110]
empty                 (readreq          ) [ 000000000000]
br_ln0                (br               ) [ 000000000000]
c_load                (load             ) [ 000000000000]
r_load                (load             ) [ 000000000000]
add_ln18              (add              ) [ 000000000000]
icmp_ln19             (icmp             ) [ 000000000000]
select_ln18           (select           ) [ 000000000000]
select_ln18_1         (select           ) [ 000000000000]
trunc_ln21            (trunc            ) [ 000000000000]
tmp                   (bitconcatenate   ) [ 000000000000]
zext_ln21             (zext             ) [ 000000000000]
add_ln21              (add              ) [ 010000000001]
gmem_addr_read        (read             ) [ 010000000001]
add_ln19              (add              ) [ 000000000000]
store_ln18            (store            ) [ 000000000000]
store_ln19            (store            ) [ 000000000000]
specloopname_ln0      (specloopname     ) [ 000000000000]
speclooptripcount_ln0 (speclooptripcount) [ 000000000000]
zext_ln21_1           (zext             ) [ 000000000000]
in_img_addr           (getelementptr    ) [ 000000000000]
specpipeline_ln20     (specpipeline     ) [ 000000000000]
store_ln21            (store            ) [ 000000000000]
ret_ln0               (ret              ) [ 000000000000]
</LifeTime>

<model>

<comp_list>
<comp id="0" class="1000" name="gmem">
<pin_list>
<pin id="1" dir="1" index="0" bw="1" slack="0"/>
</pin_list>
<bind>
<StgValue><ssdm name="gmem"/></StgValue>
</bind>
</comp>

<comp id="2" class="1000" name="in_r">
<pin_list>
<pin id="3" dir="1" index="0" bw="1" slack="0"/>
</pin_list>
<bind>
<StgValue><ssdm name="in_r"/></StgValue>
</bind>
</comp>

<comp id="4" class="1000" name="in_img">
<pin_list>
<pin id="5" dir="1" index="0" bw="1" slack="0"/>
</pin_list>
<bind>
<StgValue><ssdm name="in_img"/><MemPortTyVec>0 3 </MemPortTyVec>
</StgValue>
</bind>
</comp>

<comp id="6" class="1001" name="const_6">
<pin_list>
<pin id="7" dir="1" index="0" bw="1" slack="0"/>
</pin_list>
<bind>
<StgValue><ssdm name=""/></StgValue>
</bind>
</comp>

<comp id="8" class="1001" name="const_8">
<pin_list>
<pin id="9" dir="1" index="0" bw="1" slack="2147483647"/>
</pin_list>
<bind>
<StgValue><ssdm name="_ssdm_op_SpecInterface"/></StgValue>
</bind>
</comp>

<comp id="10" class="1001" name="const_10">
<pin_list>
<pin id="11" dir="1" index="0" bw="1" slack="2147483647"/>
</pin_list>
<bind>
<StgValue><ssdm name="empty_2"/></StgValue>
</bind>
</comp>

<comp id="12" class="1001" name="const_12">
<pin_list>
<pin id="13" dir="1" index="0" bw="1" slack="2147483647"/>
</pin_list>
<bind>
<StgValue><ssdm name=""/></StgValue>
</bind>
</comp>

<comp id="14" class="1001" name="const_14">
<pin_list>
<pin id="15" dir="1" index="0" bw="1" slack="2147483647"/>
</pin_list>
<bind>
<StgValue><ssdm name="empty_1"/></StgValue>
</bind>
</comp>

<comp id="16" class="1001" name="const_16">
<pin_list>
<pin id="17" dir="1" index="0" bw="1" slack="2147483647"/>
</pin_list>
<bind>
<StgValue><ssdm name="empty_9"/></StgValue>
</bind>
</comp>

<comp id="18" class="1001" name="const_18">
<pin_list>
<pin id="19" dir="1" index="0" bw="1" slack="2147483647"/>
</pin_list>
<bind>
<StgValue><ssdm name="empty"/></StgValue>
</bind>
</comp>

<comp id="20" class="1001" name="const_20">
<pin_list>
<pin id="21" dir="1" index="0" bw="1" slack="2147483647"/>
</pin_list>
<bind>
<StgValue><ssdm name=""/></StgValue>
</bind>
</comp>

<comp id="22" class="1001" name="const_22">
<pin_list>
<pin id="23" dir="1" index="0" bw="1" slack="2147483647"/>
</pin_list>
<bind>
<StgValue><ssdm name=""/></StgValue>
</bind>
</comp>

<comp id="24" class="1001" name="const_24">
<pin_list>
<pin id="25" dir="1" index="0" bw="1" slack="0"/>
</pin_list>
<bind>
<StgValue><ssdm name="_ssdm_op_Read.ap_auto.i64"/></StgValue>
</bind>
</comp>

<comp id="26" class="1001" name="const_26">
<pin_list>
<pin id="27" dir="1" index="0" bw="1" slack="0"/>
</pin_list>
<bind>
<StgValue><ssdm name=""/></StgValue>
</bind>
</comp>

<comp id="28" class="1001" name="const_28">
<pin_list>
<pin id="29" dir="1" index="0" bw="1" slack="0"/>
</pin_list>
<bind>
<StgValue><ssdm name=""/></StgValue>
</bind>
</comp>

<comp id="30" class="1001" name="const_30">
<pin_list>
<pin id="31" dir="1" index="0" bw="1" slack="0"/>
</pin_list>
<bind>
<StgValue><ssdm name=""/></StgValue>
</bind>
</comp>

<comp id="32" class="1001" name="const_32">
<pin_list>
<pin id="33" dir="1" index="0" bw="1" slack="0"/>
</pin_list>
<bind>
<StgValue><ssdm name=""/></StgValue>
</bind>
</comp>

<comp id="34" class="1001" name="const_34">
<pin_list>
<pin id="35" dir="1" index="0" bw="1" slack="0"/>
</pin_list>
<bind>
<StgValue><ssdm name=""/></StgValue>
</bind>
</comp>

<comp id="36" class="1001" name="const_36">
<pin_list>
<pin id="37" dir="1" index="0" bw="1" slack="0"/>
</pin_list>
<bind>
<StgValue><ssdm name=""/></StgValue>
</bind>
</comp>

<comp id="38" class="1001" name="const_38">
<pin_list>
<pin id="39" dir="1" index="0" bw="1" slack="0"/>
</pin_list>
<bind>
<StgValue><ssdm name="_ssdm_op_ReadReq.m_axi.p1i8"/></StgValue>
</bind>
</comp>

<comp id="40" class="1001" name="const_40">
<pin_list>
<pin id="41" dir="1" index="0" bw="1" slack="0"/>
</pin_list>
<bind>
<StgValue><ssdm name=""/></StgValue>
</bind>
</comp>

<comp id="42" class="1001" name="const_42">
<pin_list>
<pin id="43" dir="1" index="0" bw="1" slack="0"/>
</pin_list>
<bind>
<StgValue><ssdm name=""/></StgValue>
</bind>
</comp>

<comp id="44" class="1001" name="const_44">
<pin_list>
<pin id="45" dir="1" index="0" bw="1" slack="0"/>
</pin_list>
<bind>
<StgValue><ssdm name=""/></StgValue>
</bind>
</comp>

<comp id="46" class="1001" name="const_46">
<pin_list>
<pin id="47" dir="1" index="0" bw="1" slack="0"/>
</pin_list>
<bind>
<StgValue><ssdm name="_ssdm_op_BitConcatenate.i18.i9.i9"/></StgValue>
</bind>
</comp>

<comp id="48" class="1001" name="const_48">
<pin_list>
<pin id="49" dir="1" index="0" bw="1" slack="0"/>
</pin_list>
<bind>
<StgValue><ssdm name=""/></StgValue>
</bind>
</comp>

<comp id="50" class="1001" name="const_50">
<pin_list>
<pin id="51" dir="1" index="0" bw="1" slack="0"/>
</pin_list>
<bind>
<StgValue><ssdm name="_ssdm_op_Read.m_axi.p1i8"/></StgValue>
</bind>
</comp>

<comp id="52" class="1001" name="const_52">
<pin_list>
<pin id="53" dir="1" index="0" bw="1" slack="2147483647"/>
</pin_list>
<bind>
<StgValue><ssdm name="_ssdm_op_SpecLoopName"/></StgValue>
</bind>
</comp>

<comp id="54" class="1001" name="const_54">
<pin_list>
<pin id="55" dir="1" index="0" bw="1" slack="2147483647"/>
</pin_list>
<bind>
<StgValue><ssdm name="LoadLoop_VITIS_LOOP_19_1_str"/></StgValue>
</bind>
</comp>

<comp id="56" class="1001" name="const_56">
<pin_list>
<pin id="57" dir="1" index="0" bw="1" slack="2147483647"/>
</pin_list>
<bind>
<StgValue><ssdm name="_ssdm_op_SpecLoopTripCount"/></StgValue>
</bind>
</comp>

<comp id="58" class="1001" name="const_58">
<pin_list>
<pin id="59" dir="1" index="0" bw="1" slack="2147483647"/>
</pin_list>
<bind>
<StgValue><ssdm name=""/></StgValue>
</bind>
</comp>

<comp id="60" class="1001" name="const_60">
<pin_list>
<pin id="61" dir="1" index="0" bw="1" slack="0"/>
</pin_list>
<bind>
<StgValue><ssdm name=""/></StgValue>
</bind>
</comp>

<comp id="62" class="1001" name="const_62">
<pin_list>
<pin id="63" dir="1" index="0" bw="1" slack="2147483647"/>
</pin_list>
<bind>
<StgValue><ssdm name="_ssdm_op_SpecPipeline"/></StgValue>
</bind>
</comp>

<comp id="64" class="1004" name="c_fu_64">
<pin_list>
<pin id="65" dir="0" index="0" bw="1" slack="0"/>
<pin id="66" dir="1" index="1" bw="10" slack="9"/>
</pin_list>
<bind>
<opcode="alloca(26) " fcode="alloca"/>
<opset="c/1 "/>
</bind>
</comp>

<comp id="68" class="1004" name="r_fu_68">
<pin_list>
<pin id="69" dir="0" index="0" bw="1" slack="0"/>
<pin id="70" dir="1" index="1" bw="10" slack="9"/>
</pin_list>
<bind>
<opcode="alloca(26) " fcode="alloca"/>
<opset="r/1 "/>
</bind>
</comp>

<comp id="72" class="1004" name="indvar_flatten_fu_72">
<pin_list>
<pin id="73" dir="0" index="0" bw="1" slack="0"/>
<pin id="74" dir="1" index="1" bw="19" slack="0"/>
</pin_list>
<bind>
<opcode="alloca(26) " fcode="alloca"/>
<opset="indvar_flatten/1 "/>
</bind>
</comp>

<comp id="76" class="1004" name="in_r_read_read_fu_76">
<pin_list>
<pin id="77" dir="0" index="0" bw="64" slack="0"/>
<pin id="78" dir="0" index="1" bw="64" slack="0"/>
<pin id="79" dir="1" index="2" bw="64" slack="1"/>
</pin_list>
<bind>
<opcode="read(1150) " fcode="read"/>
<opset="in_r_read/1 "/>
</bind>
</comp>

<comp id="82" class="1004" name="grp_readreq_fu_82">
<pin_list>
<pin id="83" dir="0" index="0" bw="1" slack="0"/>
<pin id="84" dir="0" index="1" bw="8" slack="0"/>
<pin id="85" dir="0" index="2" bw="20" slack="0"/>
<pin id="86" dir="1" index="3" bw="1" slack="2147483647"/>
</pin_list>
<bind>
<opcode="readreq(1154) " fcode="readreq"/>
<opset="empty/2 "/>
</bind>
</comp>

<comp id="89" class="1004" name="gmem_addr_read_read_fu_89">
<pin_list>
<pin id="90" dir="0" index="0" bw="8" slack="0"/>
<pin id="91" dir="0" index="1" bw="8" slack="8"/>
<pin id="92" dir="1" index="2" bw="8" slack="1"/>
</pin_list>
<bind>
<opcode="read(1150) " fcode="read"/>
<opset="gmem_addr_read/10 "/>
</bind>
</comp>

<comp id="94" class="1004" name="in_img_addr_gep_fu_94">
<pin_list>
<pin id="95" dir="0" index="0" bw="8" slack="0"/>
<pin id="96" dir="0" index="1" bw="1" slack="0"/>
<pin id="97" dir="0" index="2" bw="18" slack="0"/>
<pin id="98" dir="1" index="3" bw="18" slack="0"/>
</pin_list>
<bind>
<opcode="getelementptr(29) " fcode="getelementptr"/>
<opset="in_img_addr/11 "/>
</bind>
</comp>

<comp id="101" class="1004" name="store_ln21_access_fu_101">
<pin_list>
<pin id="102" dir="0" index="0" bw="18" slack="0"/>
<pin id="103" dir="0" index="1" bw="8" slack="1"/>
<pin id="104" dir="0" index="2" bw="0" slack="2147483647"/>
<pin id="105" dir="1" index="3" bw="8" slack="2147483647"/>
</pin_list>
<bind>
<opcode="store(28) " fcode="store"/>
<opset="store_ln21/11 "/>
</bind>
</comp>

<comp id="107" class="1005" name="first_iter_0_reg_107">
<pin_list>
<pin id="108" dir="0" index="0" bw="1" slack="1"/>
<pin id="109" dir="1" index="1" bw="1" slack="2147483647"/>
</pin_list>
<bind>
<opset="first_iter_0 (phireg) "/>
</bind>
</comp>

<comp id="110" class="1004" name="first_iter_0_phi_fu_110">
<pin_list>
<pin id="111" dir="0" index="0" bw="1" slack="0"/>
<pin id="112" dir="0" index="1" bw="0" slack="2147483647"/>
<pin id="113" dir="0" index="2" bw="1" slack="0"/>
<pin id="114" dir="0" index="3" bw="0" slack="2147483647"/>
<pin id="115" dir="1" index="4" bw="1" slack="1"/>
</pin_list>
<bind>
<opcode="phi(47) " fcode="phi"/>
<opset="first_iter_0/1 "/>
</bind>
</comp>

<comp id="119" class="1004" name="store_ln0_store_fu_119">
<pin_list>
<pin id="120" dir="0" index="0" bw="1" slack="0"/>
<pin id="121" dir="0" index="1" bw="19" slack="0"/>
<pin id="122" dir="1" index="2" bw="0" slack="2147483647"/>
</pin_list>
<bind>
<opcode="store(28) " fcode="store"/>
<opset="store_ln0/1 "/>
</bind>
</comp>

<comp id="124" class="1004" name="store_ln18_store_fu_124">
<pin_list>
<pin id="125" dir="0" index="0" bw="1" slack="0"/>
<pin id="126" dir="0" index="1" bw="10" slack="9"/>
<pin id="127" dir="1" index="2" bw="0" slack="2147483647"/>
</pin_list>
<bind>
<opcode="store(28) " fcode="store"/>
<opset="store_ln18/10 "/>
</bind>
</comp>

<comp id="129" class="1004" name="store_ln19_store_fu_129">
<pin_list>
<pin id="130" dir="0" index="0" bw="1" slack="0"/>
<pin id="131" dir="0" index="1" bw="10" slack="9"/>
<pin id="132" dir="1" index="2" bw="0" slack="2147483647"/>
</pin_list>
<bind>
<opcode="store(28) " fcode="store"/>
<opset="store_ln19/10 "/>
</bind>
</comp>

<comp id="134" class="1004" name="indvar_flatten_load_load_fu_134">
<pin_list>
<pin id="135" dir="0" index="0" bw="19" slack="0"/>
<pin id="136" dir="1" index="1" bw="19" slack="0"/>
</pin_list>
<bind>
<opcode="load(27) " fcode="load"/>
<opset="indvar_flatten_load/1 "/>
</bind>
</comp>

<comp id="137" class="1004" name="icmp_ln18_fu_137">
<pin_list>
<pin id="138" dir="0" index="0" bw="19" slack="0"/>
<pin id="139" dir="0" index="1" bw="19" slack="0"/>
<pin id="140" dir="1" index="2" bw="1" slack="1"/>
</pin_list>
<bind>
<opcode="icmp(45) " fcode="icmp"/>
<opset="icmp_ln18/1 "/>
</bind>
</comp>

<comp id="143" class="1004" name="add_ln18_1_fu_143">
<pin_list>
<pin id="144" dir="0" index="0" bw="19" slack="0"/>
<pin id="145" dir="0" index="1" bw="1" slack="0"/>
<pin id="146" dir="1" index="2" bw="19" slack="0"/>
</pin_list>
<bind>
<opcode="add(8) " fcode="add"/>
<opset="add_ln18_1/1 "/>
</bind>
</comp>

<comp id="149" class="1004" name="store_ln18_store_fu_149">
<pin_list>
<pin id="150" dir="0" index="0" bw="19" slack="0"/>
<pin id="151" dir="0" index="1" bw="19" slack="0"/>
<pin id="152" dir="1" index="2" bw="0" slack="2147483647"/>
</pin_list>
<bind>
<opcode="store(28) " fcode="store"/>
<opset="store_ln18/1 "/>
</bind>
</comp>

<comp id="154" class="1004" name="gmem_addr_fu_154">
<pin_list>
<pin id="155" dir="0" index="0" bw="64" slack="0"/>
<pin id="156" dir="0" index="1" bw="64" slack="1"/>
<pin id="157" dir="1" index="2" bw="64" slack="0"/>
</pin_list>
<bind>
<opcode="getelementptr(29) " fcode="getelementptr"/>
<opset="gmem_addr/2 "/>
</bind>
</comp>

<comp id="160" class="1004" name="c_load_load_fu_160">
<pin_list>
<pin id="161" dir="0" index="0" bw="10" slack="9"/>
<pin id="162" dir="1" index="1" bw="10" slack="0"/>
</pin_list>
<bind>
<opcode="load(27) " fcode="load"/>
<opset="c_load/10 "/>
</bind>
</comp>

<comp id="163" class="1004" name="r_load_load_fu_163">
<pin_list>
<pin id="164" dir="0" index="0" bw="10" slack="9"/>
<pin id="165" dir="1" index="1" bw="10" slack="0"/>
</pin_list>
<bind>
<opcode="load(27) " fcode="load"/>
<opset="r_load/10 "/>
</bind>
</comp>

<comp id="166" class="1004" name="add_ln18_fu_166">
<pin_list>
<pin id="167" dir="0" index="0" bw="10" slack="0"/>
<pin id="168" dir="0" index="1" bw="1" slack="0"/>
<pin id="169" dir="1" index="2" bw="10" slack="0"/>
</pin_list>
<bind>
<opcode="add(8) " fcode="add"/>
<opset="add_ln18/10 "/>
</bind>
</comp>

<comp id="172" class="1004" name="icmp_ln19_fu_172">
<pin_list>
<pin id="173" dir="0" index="0" bw="10" slack="0"/>
<pin id="174" dir="0" index="1" bw="10" slack="0"/>
<pin id="175" dir="1" index="2" bw="1" slack="0"/>
</pin_list>
<bind>
<opcode="icmp(45) " fcode="icmp"/>
<opset="icmp_ln19/10 "/>
</bind>
</comp>

<comp id="178" class="1004" name="select_ln18_fu_178">
<pin_list>
<pin id="179" dir="0" index="0" bw="1" slack="0"/>
<pin id="180" dir="0" index="1" bw="10" slack="0"/>
<pin id="181" dir="0" index="2" bw="10" slack="0"/>
<pin id="182" dir="1" index="3" bw="10" slack="0"/>
</pin_list>
<bind>
<opcode="select(49) " fcode="select"/>
<opset="select_ln18/10 "/>
</bind>
</comp>

<comp id="186" class="1004" name="select_ln18_1_fu_186">
<pin_list>
<pin id="187" dir="0" index="0" bw="1" slack="0"/>
<pin id="188" dir="0" index="1" bw="10" slack="0"/>
<pin id="189" dir="0" index="2" bw="10" slack="0"/>
<pin id="190" dir="1" index="3" bw="10" slack="0"/>
</pin_list>
<bind>
<opcode="select(49) " fcode="select"/>
<opset="select_ln18_1/10 "/>
</bind>
</comp>

<comp id="194" class="1004" name="trunc_ln21_fu_194">
<pin_list>
<pin id="195" dir="0" index="0" bw="10" slack="0"/>
<pin id="196" dir="1" index="1" bw="9" slack="0"/>
</pin_list>
<bind>
<opcode="trunc(33) " fcode="trunc"/>
<opset="trunc_ln21/10 "/>
</bind>
</comp>

<comp id="198" class="1004" name="tmp_fu_198">
<pin_list>
<pin id="199" dir="0" index="0" bw="18" slack="0"/>
<pin id="200" dir="0" index="1" bw="9" slack="0"/>
<pin id="201" dir="0" index="2" bw="1" slack="0"/>
<pin id="202" dir="1" index="3" bw="18" slack="0"/>
</pin_list>
<bind>
<opcode="bitconcatenate(1004) " fcode="bitconcatenate"/>
<opset="tmp/10 "/>
</bind>
</comp>

<comp id="206" class="1004" name="zext_ln21_fu_206">
<pin_list>
<pin id="207" dir="0" index="0" bw="10" slack="0"/>
<pin id="208" dir="1" index="1" bw="18" slack="0"/>
</pin_list>
<bind>
<opcode="zext(34) " fcode="zext"/>
<opset="zext_ln21/10 "/>
</bind>
</comp>

<comp id="210" class="1004" name="add_ln21_fu_210">
<pin_list>
<pin id="211" dir="0" index="0" bw="18" slack="0"/>
<pin id="212" dir="0" index="1" bw="10" slack="0"/>
<pin id="213" dir="1" index="2" bw="18" slack="1"/>
</pin_list>
<bind>
<opcode="add(8) " fcode="add"/>
<opset="add_ln21/10 "/>
</bind>
</comp>

<comp id="216" class="1004" name="add_ln19_fu_216">
<pin_list>
<pin id="217" dir="0" index="0" bw="10" slack="0"/>
<pin id="218" dir="0" index="1" bw="1" slack="0"/>
<pin id="219" dir="1" index="2" bw="10" slack="0"/>
</pin_list>
<bind>
<opcode="add(8) " fcode="add"/>
<opset="add_ln19/10 "/>
</bind>
</comp>

<comp id="222" class="1004" name="store_ln18_store_fu_222">
<pin_list>
<pin id="223" dir="0" index="0" bw="10" slack="0"/>
<pin id="224" dir="0" index="1" bw="10" slack="9"/>
<pin id="225" dir="1" index="2" bw="0" slack="2147483647"/>
</pin_list>
<bind>
<opcode="store(28) " fcode="store"/>
<opset="store_ln18/10 "/>
</bind>
</comp>

<comp id="227" class="1004" name="store_ln19_store_fu_227">
<pin_list>
<pin id="228" dir="0" index="0" bw="10" slack="0"/>
<pin id="229" dir="0" index="1" bw="10" slack="9"/>
<pin id="230" dir="1" index="2" bw="0" slack="2147483647"/>
</pin_list>
<bind>
<opcode="store(28) " fcode="store"/>
<opset="store_ln19/10 "/>
</bind>
</comp>

<comp id="232" class="1004" name="zext_ln21_1_fu_232">
<pin_list>
<pin id="233" dir="0" index="0" bw="18" slack="1"/>
<pin id="234" dir="1" index="1" bw="64" slack="0"/>
</pin_list>
<bind>
<opcode="zext(34) " fcode="zext"/>
<opset="zext_ln21_1/11 "/>
</bind>
</comp>

<comp id="236" class="1005" name="c_reg_236">
<pin_list>
<pin id="237" dir="0" index="0" bw="10" slack="9"/>
<pin id="238" dir="1" index="1" bw="10" slack="9"/>
</pin_list>
<bind>
<opset="c "/>
</bind>
</comp>

<comp id="243" class="1005" name="r_reg_243">
<pin_list>
<pin id="244" dir="0" index="0" bw="10" slack="9"/>
<pin id="245" dir="1" index="1" bw="10" slack="9"/>
</pin_list>
<bind>
<opset="r "/>
</bind>
</comp>

<comp id="250" class="1005" name="indvar_flatten_reg_250">
<pin_list>
<pin id="251" dir="0" index="0" bw="19" slack="0"/>
<pin id="252" dir="1" index="1" bw="19" slack="0"/>
</pin_list>
<bind>
<opset="indvar_flatten "/>
</bind>
</comp>

<comp id="257" class="1005" name="in_r_read_reg_257">
<pin_list>
<pin id="258" dir="0" index="0" bw="64" slack="1"/>
<pin id="259" dir="1" index="1" bw="64" slack="1"/>
</pin_list>
<bind>
<opset="in_r_read "/>
</bind>
</comp>

<comp id="262" class="1005" name="icmp_ln18_reg_262">
<pin_list>
<pin id="263" dir="0" index="0" bw="1" slack="1"/>
<pin id="264" dir="1" index="1" bw="1" slack="2147483647"/>
</pin_list>
<bind>
<opset="icmp_ln18 "/>
</bind>
</comp>

<comp id="266" class="1005" name="gmem_addr_reg_266">
<pin_list>
<pin id="267" dir="0" index="0" bw="8" slack="1"/>
<pin id="268" dir="1" index="1" bw="8" slack="1"/>
</pin_list>
<bind>
<opset="gmem_addr "/>
</bind>
</comp>

<comp id="272" class="1005" name="add_ln21_reg_272">
<pin_list>
<pin id="273" dir="0" index="0" bw="18" slack="1"/>
<pin id="274" dir="1" index="1" bw="18" slack="1"/>
</pin_list>
<bind>
<opset="add_ln21 "/>
</bind>
</comp>

<comp id="277" class="1005" name="gmem_addr_read_reg_277">
<pin_list>
<pin id="278" dir="0" index="0" bw="8" slack="1"/>
<pin id="279" dir="1" index="1" bw="8" slack="1"/>
</pin_list>
<bind>
<opset="gmem_addr_read "/>
</bind>
</comp>

</comp_list>

<net_list>
<net id="67"><net_src comp="6" pin="0"/><net_sink comp="64" pin=0"/></net>

<net id="71"><net_src comp="6" pin="0"/><net_sink comp="68" pin=0"/></net>

<net id="75"><net_src comp="6" pin="0"/><net_sink comp="72" pin=0"/></net>

<net id="80"><net_src comp="24" pin="0"/><net_sink comp="76" pin=0"/></net>

<net id="81"><net_src comp="2" pin="0"/><net_sink comp="76" pin=1"/></net>

<net id="87"><net_src comp="38" pin="0"/><net_sink comp="82" pin=0"/></net>

<net id="88"><net_src comp="40" pin="0"/><net_sink comp="82" pin=2"/></net>

<net id="93"><net_src comp="50" pin="0"/><net_sink comp="89" pin=0"/></net>

<net id="99"><net_src comp="4" pin="0"/><net_sink comp="94" pin=0"/></net>

<net id="100"><net_src comp="60" pin="0"/><net_sink comp="94" pin=1"/></net>

<net id="106"><net_src comp="94" pin="3"/><net_sink comp="101" pin=0"/></net>

<net id="116"><net_src comp="30" pin="0"/><net_sink comp="110" pin=0"/></net>

<net id="117"><net_src comp="32" pin="0"/><net_sink comp="110" pin=2"/></net>

<net id="118"><net_src comp="110" pin="4"/><net_sink comp="107" pin=0"/></net>

<net id="123"><net_src comp="26" pin="0"/><net_sink comp="119" pin=0"/></net>

<net id="128"><net_src comp="28" pin="0"/><net_sink comp="124" pin=0"/></net>

<net id="133"><net_src comp="28" pin="0"/><net_sink comp="129" pin=0"/></net>

<net id="141"><net_src comp="134" pin="1"/><net_sink comp="137" pin=0"/></net>

<net id="142"><net_src comp="34" pin="0"/><net_sink comp="137" pin=1"/></net>

<net id="147"><net_src comp="134" pin="1"/><net_sink comp="143" pin=0"/></net>

<net id="148"><net_src comp="36" pin="0"/><net_sink comp="143" pin=1"/></net>

<net id="153"><net_src comp="143" pin="2"/><net_sink comp="149" pin=0"/></net>

<net id="158"><net_src comp="0" pin="0"/><net_sink comp="154" pin=0"/></net>

<net id="159"><net_src comp="154" pin="2"/><net_sink comp="82" pin=1"/></net>

<net id="170"><net_src comp="163" pin="1"/><net_sink comp="166" pin=0"/></net>

<net id="171"><net_src comp="42" pin="0"/><net_sink comp="166" pin=1"/></net>

<net id="176"><net_src comp="160" pin="1"/><net_sink comp="172" pin=0"/></net>

<net id="177"><net_src comp="44" pin="0"/><net_sink comp="172" pin=1"/></net>

<net id="183"><net_src comp="172" pin="2"/><net_sink comp="178" pin=0"/></net>

<net id="184"><net_src comp="28" pin="0"/><net_sink comp="178" pin=1"/></net>

<net id="185"><net_src comp="160" pin="1"/><net_sink comp="178" pin=2"/></net>

<net id="191"><net_src comp="172" pin="2"/><net_sink comp="186" pin=0"/></net>

<net id="192"><net_src comp="166" pin="2"/><net_sink comp="186" pin=1"/></net>

<net id="193"><net_src comp="163" pin="1"/><net_sink comp="186" pin=2"/></net>

<net id="197"><net_src comp="186" pin="3"/><net_sink comp="194" pin=0"/></net>

<net id="203"><net_src comp="46" pin="0"/><net_sink comp="198" pin=0"/></net>

<net id="204"><net_src comp="194" pin="1"/><net_sink comp="198" pin=1"/></net>

<net id="205"><net_src comp="48" pin="0"/><net_sink comp="198" pin=2"/></net>

<net id="209"><net_src comp="178" pin="3"/><net_sink comp="206" pin=0"/></net>

<net id="214"><net_src comp="198" pin="3"/><net_sink comp="210" pin=0"/></net>

<net id="215"><net_src comp="206" pin="1"/><net_sink comp="210" pin=1"/></net>

<net id="220"><net_src comp="178" pin="3"/><net_sink comp="216" pin=0"/></net>

<net id="221"><net_src comp="42" pin="0"/><net_sink comp="216" pin=1"/></net>

<net id="226"><net_src comp="186" pin="3"/><net_sink comp="222" pin=0"/></net>

<net id="231"><net_src comp="216" pin="2"/><net_sink comp="227" pin=0"/></net>

<net id="235"><net_src comp="232" pin="1"/><net_sink comp="94" pin=2"/></net>

<net id="239"><net_src comp="64" pin="1"/><net_sink comp="236" pin=0"/></net>

<net id="240"><net_src comp="236" pin="1"/><net_sink comp="129" pin=1"/></net>

<net id="241"><net_src comp="236" pin="1"/><net_sink comp="160" pin=0"/></net>

<net id="242"><net_src comp="236" pin="1"/><net_sink comp="227" pin=1"/></net>

<net id="246"><net_src comp="68" pin="1"/><net_sink comp="243" pin=0"/></net>

<net id="247"><net_src comp="243" pin="1"/><net_sink comp="124" pin=1"/></net>

<net id="248"><net_src comp="243" pin="1"/><net_sink comp="163" pin=0"/></net>

<net id="249"><net_src comp="243" pin="1"/><net_sink comp="222" pin=1"/></net>

<net id="253"><net_src comp="72" pin="1"/><net_sink comp="250" pin=0"/></net>

<net id="254"><net_src comp="250" pin="1"/><net_sink comp="119" pin=1"/></net>

<net id="255"><net_src comp="250" pin="1"/><net_sink comp="134" pin=0"/></net>

<net id="256"><net_src comp="250" pin="1"/><net_sink comp="149" pin=1"/></net>

<net id="260"><net_src comp="76" pin="2"/><net_sink comp="257" pin=0"/></net>

<net id="261"><net_src comp="257" pin="1"/><net_sink comp="154" pin=1"/></net>

<net id="265"><net_src comp="137" pin="2"/><net_sink comp="262" pin=0"/></net>

<net id="269"><net_src comp="154" pin="2"/><net_sink comp="266" pin=0"/></net>

<net id="270"><net_src comp="266" pin="1"/><net_sink comp="82" pin=1"/></net>

<net id="271"><net_src comp="266" pin="1"/><net_sink comp="89" pin=1"/></net>

<net id="275"><net_src comp="210" pin="2"/><net_sink comp="272" pin=0"/></net>

<net id="276"><net_src comp="272" pin="1"/><net_sink comp="232" pin=0"/></net>

<net id="280"><net_src comp="89" pin="2"/><net_sink comp="277" pin=0"/></net>

<net id="281"><net_src comp="277" pin="1"/><net_sink comp="101" pin=1"/></net>

</net_list>

</model> 
---------------- Datapath Model END ------------------

* FSMD analyzer results:
  - Output states:
	Port: gmem | {}
	Port: in_img | {11 }
 - Input state : 
	Port: Loop_LoadLoop_proc : gmem | {2 3 4 5 6 7 8 9 10 }
	Port: Loop_LoadLoop_proc : in_r | {1 }
  - Chain level:
	State 1
		store_ln0 : 1
		first_iter_0 : 1
		indvar_flatten_load : 1
		icmp_ln18 : 2
		add_ln18_1 : 2
		br_ln18 : 3
		br_ln0 : 2
		store_ln18 : 3
	State 2
		empty : 1
	State 3
	State 4
	State 5
	State 6
	State 7
	State 8
	State 9
	State 10
		add_ln18 : 1
		icmp_ln19 : 1
		select_ln18 : 2
		select_ln18_1 : 2
		trunc_ln21 : 3
		tmp : 4
		zext_ln21 : 3
		add_ln21 : 5
		add_ln19 : 3
		store_ln18 : 3
		store_ln19 : 4
	State 11
		in_img_addr : 1
		store_ln21 : 2


============================================================
+ Verbose Summary: Datapath Resource usage 
============================================================

* Functional unit list:
|----------|---------------------------|---------|---------|
| Operation|      Functional Unit      |    FF   |   LUT   |
|----------|---------------------------|---------|---------|
|          |     add_ln18_1_fu_143     |    0    |    26   |
|    add   |      add_ln18_fu_166      |    0    |    17   |
|          |      add_ln21_fu_210      |    0    |    25   |
|          |      add_ln19_fu_216      |    0    |    17   |
|----------|---------------------------|---------|---------|
|   icmp   |      icmp_ln18_fu_137     |    0    |    26   |
|          |      icmp_ln19_fu_172     |    0    |    17   |
|----------|---------------------------|---------|---------|
|  select  |     select_ln18_fu_178    |    0    |    10   |
|          |    select_ln18_1_fu_186   |    0    |    10   |
|----------|---------------------------|---------|---------|
|   read   |    in_r_read_read_fu_76   |    0    |    0    |
|          | gmem_addr_read_read_fu_89 |    0    |    0    |
|----------|---------------------------|---------|---------|
|  readreq |     grp_readreq_fu_82     |    0    |    0    |
|----------|---------------------------|---------|---------|
|   trunc  |     trunc_ln21_fu_194     |    0    |    0    |
|----------|---------------------------|---------|---------|
|bitconcatenate|         tmp_fu_198        |    0    |    0    |
|----------|---------------------------|---------|---------|
|   zext   |      zext_ln21_fu_206     |    0    |    0    |
|          |     zext_ln21_1_fu_232    |    0    |    0    |
|----------|---------------------------|---------|---------|
|   Total  |                           |    0    |   148   |
|----------|---------------------------|---------|---------|

Memories:
N/A

* Register list:
+----------------------+--------+
|                      |   FF   |
+----------------------+--------+
|   add_ln21_reg_272   |   18   |
|       c_reg_236      |   10   |
| first_iter_0_reg_107 |    1   |
|gmem_addr_read_reg_277|    8   |
|   gmem_addr_reg_266  |    8   |
|   icmp_ln18_reg_262  |    1   |
|   in_r_read_reg_257  |   64   |
|indvar_flatten_reg_250|   19   |
|       r_reg_243      |   10   |
+----------------------+--------+
|         Total        |   139  |
+----------------------+--------+

* Multiplexer (MUX) list: 
|-------------------|------|------|------|--------||---------||---------|
|        Comp       |  Pin | Size |  BW  | S x BW ||  Delay  ||   LUT   |
|-------------------|------|------|------|--------||---------||---------|
| grp_readreq_fu_82 |  p1  |   2  |   8  |   16   ||    9    |
|-------------------|------|------|------|--------||---------||---------|
|       Total       |      |      |      |   16   ||  0.387  ||    9    |
|-------------------|------|------|------|--------||---------||---------|



* Summary:
+-----------+--------+--------+--------+
|           |  Delay |   FF   |   LUT  |
+-----------+--------+--------+--------+
|  Function |    -   |    0   |   148  |
|   Memory  |    -   |    -   |    -   |
|Multiplexer|    0   |    -   |    9   |
|  Register |    -   |   139  |    -   |
+-----------+--------+--------+--------+
|   Total   |    0   |   139  |   157  |
+-----------+--------+--------+--------+
