

================================================================
== Vitis HLS Report for 'Loop_LoadLoop_proc'
================================================================
* Date:           Fri Nov 21 01:08:01 2025

* Version:        2023.2 (Build 4023990 on Oct 11 2023)
* Project:        sobel_hls
* Solution:       solution1 (Vivado IP Flow Target)
* Product family: virtexuplusHBM
* Target device:  xcu280-fsvh2892-2L-e


================================================================
== Performance Estimates
================================================================
+ Timing: 
    * Summary: 
    +--------+---------+----------+------------+
    |  Clock |  Target | Estimated| Uncertainty|
    +--------+---------+----------+------------+
    |ap_clk  |  3.33 ns|  2.527 ns|     0.90 ns|
    +--------+---------+----------+------------+

+ Latency: 
    * Summary: 
    +---------+---------+----------+----------+--------+--------+---------+
    |  Latency (cycles) |  Latency (absolute) |     Interval    | Pipeline|
    |   min   |   max   |    min   |    max   |   min  |   max  |   Type  |
    +---------+---------+----------+----------+--------+--------+---------+
    |   262155|   262155|  0.873 ms|  0.873 ms|  262155|  262155|       no|
    +---------+---------+----------+----------+--------+--------+---------+

    + Detail: 
        * Instance: 
        N/A

        * Loop: 
        +----------------------------+---------+---------+----------+-----------+-----------+--------+----------+
        |                            |  Latency (cycles) | Iteration|  Initiation Interval  |  Trip  |          |
        |          Loop Name         |   min   |   max   |  Latency |  achieved |   target  |  Count | Pipelined|
        +----------------------------+---------+---------+----------+-----------+-----------+--------+----------+
        |- LoadLoop_VITIS_LOOP_19_1  |   262153|   262153|        11|          1|          1|  262144|       yes|
        +----------------------------+---------+---------+----------+-----------+-----------+--------+----------+

============================================================
+ Verbose Summary: Synthesis Manager
============================================================
InlineROM: 1
ExposeGlobal: 0
============================================================
+ Verbose Summary: CDFG Model
============================================================
IsTopModel: 0
ResetActiveHigh: 1
IsCombinational: 2
IsDatapathOnly: 0
HasWiredReturn: 1
HasMFsm: 2
HasVarLatency: 1
IsPipeline: 0
IsRtlPipelined: 0
IsInstanceOverlapped: 0
IsDontTouch: 0
HasImplIP: 0
IsGatedGlobalClock: 0

+ Individual pipeline summary: 
  * Pipeline-0: initiation interval (II) = 1, depth = 11


============================================================
+ Verbose Summary: Schedule
============================================================
* Number of FSM states : 11
* Pipeline : 1
  Pipeline-0 : II = 1, D = 11, States = { 1 2 3 4 5 6 7 8 9 10 11 }
* Dataflow Pipeline: 0

* FSM state transitions: 
1 --> 2 
2 --> 3 
3 --> 4 
4 --> 5 
5 --> 6 
6 --> 7 
7 --> 8 
8 --> 9 
9 --> 10 
10 --> 11 
11 --> 

* FSM state operations: 

State 1 <SV = 0> <Delay = 1.57>
ST_1 : Operation 14 [1/1] (0.00ns)   --->   "%c = alloca i32 1" [../src/kernel.cpp:19]   --->   Operation 14 'alloca' 'c' <Predicate = true> <Delay = 0.00>
ST_1 : Operation 15 [1/1] (0.00ns)   --->   "%r = alloca i32 1" [../src/kernel.cpp:18]   --->   Operation 15 'alloca' 'r' <Predicate = true> <Delay = 0.00>
ST_1 : Operation 16 [1/1] (0.00ns)   --->   "%indvar_flatten = alloca i32 1"   --->   Operation 16 'alloca' 'indvar_flatten' <Predicate = true> <Delay = 0.00>
ST_1 : Operation 17 [1/1] (0.00ns)   --->   "%specinterface_ln0 = specinterface void @_ssdm_op_SpecInterface, i8 %gmem, void @empty_2, i32 0, i32 0, void @empty_1, i32 0, i32 0, void @empty_9, void @empty, void @empty_1, i32 16, i32 16, i32 16, i32 16, void @empty_1, void @empty_1, i32 4294967295, i32 0"   --->   Operation 17 'specinterface' 'specinterface_ln0' <Predicate = true> <Delay = 0.00>
ST_1 : Operation 18 [1/1] (0.00ns)   --->   "%in_r_read = read i64 @_ssdm_op_Read.ap_auto.i64, i64 %in_r" [../src/kernel.cpp:4]   --->   Operation 18 'read' 'in_r_read' <Predicate = true> <Delay = 0.00>
ST_1 : Operation 19 [1/1] (0.38ns)   --->   "%store_ln0 = store i19 0, i19 %indvar_flatten"   --->   Operation 19 'store' 'store_ln0' <Predicate = true> <Delay = 0.38>
ST_1 : Operation 22 [1/1] (0.38ns)   --->   "%br_ln18 = br void %for.inc" [../src/kernel.cpp:18]   --->   Operation 22 'br' 'br_ln18' <Predicate = true> <Delay = 0.38>
ST_1 : Operation 23 [1/1] (0.00ns)   --->   "%first_iter_0 = phi i1 0, void %for.inc9, i1 1, void %newFuncRoot"   --->   Operation 23 'phi' 'first_iter_0' <Predicate = true> <Delay = 0.00>
ST_1 : Operation 24 [1/1] (0.00ns)   --->   "%indvar_flatten_load = load i19 %indvar_flatten" [../src/kernel.cpp:18]   --->   Operation 24 'load' 'indvar_flatten_load' <Predicate = true> <Delay = 0.00>
ST_1 : Operation 25 [1/1] (0.80ns)   --->   "%icmp_ln18 = icmp_eq  i19 %indvar_flatten_load, i19 262144" [../src/kernel.cpp:18]   --->   Operation 25 'icmp' 'icmp_ln18' <Predicate = true> <Delay = 0.80> <CoreInst = "Cmp">   --->   Core 9 'Cmp' <Latency = 0> <II = 1> <Delay = 0.80> <FuncUnit> <Opcode : 'icmp'> <InPorts = 2> <OutPorts = 1>
ST_1 : Operation 26 [1/1] (0.80ns)   --->   "%add_ln18_1 = add i19 %indvar_flatten_load, i19 1" [../src/kernel.cpp:18]   --->   Operation 26 'add' 'add_ln18_1' <Predicate = true> <Delay = 0.80> <CoreInst = "Adder">   --->   Core 1 'Adder' <Latency = 0> <II = 1> <Delay = 0.80> <FuncUnit> <Opcode : 'add' 'sub'> <InPorts = 2> <OutPorts = 1>
ST_1 : Operation 27 [1/1] (0.00ns)   --->   "%br_ln18 = br i1 %icmp_ln18, void %new.body.for.inc, void %for.end11.exitStub" [../src/kernel.cpp:18]   --->   Operation 27 'br' 'br_ln18' <Predicate = true> <Delay = 0.00>
ST_1 : Operation 28 [1/1] (0.00ns)   --->   "%br_ln0 = br i1 %first_iter_0, void %for.inc9, void %for.first.iter.for.inc"   --->   Operation 28 'br' 'br_ln0' <Predicate = (!icmp_ln18)> <Delay = 0.00>
ST_1 : Operation 29 [1/1] (0.38ns)   --->   "%store_ln18 = store i19 %add_ln18_1, i19 %indvar_flatten" [../src/kernel.cpp:18]   --->   Operation 29 'store' 'store_ln18' <Predicate = (!icmp_ln18)> <Delay = 0.38>
ST_1 : Operation 30 [1/1] (0.00ns)   --->   "%br_ln19 = br void %for.inc" [../src/kernel.cpp:19]   --->   Operation 30 'br' 'br_ln19' <Predicate = (!icmp_ln18)> <Delay = 0.00>

State 2 <SV = 1> <Delay = 2.43>
ST_2 : Operation 31 [1/1] (0.00ns)   --->   "%gmem_addr = getelementptr i8 %gmem, i64 %in_r_read" [../src/kernel.cpp:18]   --->   Operation 31 'getelementptr' 'gmem_addr' <Predicate = true> <Delay = 0.00>
ST_2 : Operation 32 [8/8] (2.43ns)   --->   "%empty = readreq i1 @_ssdm_op_ReadReq.m_axi.p1i8, i8 %gmem_addr, i32 262144" [../src/kernel.cpp:18]   --->   Operation 32 'readreq' 'empty' <Predicate = (first_iter_0)> <Delay = 2.43> <CoreInst = "m_axi">   --->   Core 121 'm_axi' <Latency = 0> <II = 1> <Delay = 1.00> <Adapter> <Opcode : 'read' 'write' 'readreq' 'writereq' 'writeresp'>

State 3 <SV = 2> <Delay = 2.43>
ST_3 : Operation 33 [7/8] (2.43ns)   --->   "%empty = readreq i1 @_ssdm_op_ReadReq.m_axi.p1i8, i8 %gmem_addr, i32 262144" [../src/kernel.cpp:18]   --->   Operation 33 'readreq' 'empty' <Predicate = (first_iter_0)> <Delay = 2.43> <CoreInst = "m_axi">   --->   Core 121 'm_axi' <Latency = 0> <II = 1> <Delay = 1.00> <Adapter> <Opcode : 'read' 'write' 'readreq' 'writereq' 'writeresp'>

State 4 <SV = 3> <Delay = 2.43>
ST_4 : Operation 34 [6/8] (2.43ns)   --->   "%empty = readreq i1 @_ssdm_op_ReadReq.m_axi.p1i8, i8 %gmem_addr, i32 262144" [../src/kernel.cpp:18]   --->   Operation 34 'readreq' 'empty' <Predicate = (first_iter_0)> <Delay = 2.43> <CoreInst = "m_axi">   --->   Core 121 'm_axi' <Latency = 0> <II = 1> <Delay = 1.00> <Adapter> <Opcode : 'read' 'write' 'readreq' 'writereq' 'writeresp'>

State 5 <SV = 4> <Delay = 2.43>
ST_5 : Operation 35 [5/8] (2.43ns)   --->   "%empty = readreq i1 @_ssdm_op_ReadReq.m_axi.p1i8, i8 %gmem_addr, i32 262144" [../src/kernel.cpp:18]   --->   Operation 35 'readreq' 'empty' <Predicate = (first_iter_0)> <Delay = 2.43> <CoreInst = "m_axi">   --->   Core 121 'm_axi' <Latency = 0> <II = 1> <Delay = 1.00> <Adapter> <Opcode : 'read' 'write' 'readreq' 'writereq' 'writeresp'>

State 6 <SV = 5> <Delay = 2.43>
ST_6 : Operation 36 [4/8] (2.43ns)   --->   "%empty = readreq i1 @_ssdm_op_ReadReq.m_axi.p1i8, i8 %gmem_addr, i32 262144" [../src/kernel.cpp:18]   --->   Operation 36 'readreq' 'empty' <Predicate = (first_iter_0)> <Delay = 2.43> <CoreInst = "m_axi">   --->   Core 121 'm_axi' <Latency = 0> <II = 1> <Delay = 1.00> <Adapter> <Opcode : 'read' 'write' 'readreq' 'writereq' 'writeresp'>

State 7 <SV = 6> <Delay = 2.43>
ST_7 : Operation 37 [3/8] (2.43ns)   --->   "%empty = readreq i1 @_ssdm_op_ReadReq.m_axi.p1i8, i8 %gmem_addr, i32 262144" [../src/kernel.cpp:18]   --->   Operation 37 'readreq' 'empty' <Predicate = (first_iter_0)> <Delay = 2.43> <CoreInst = "m_axi">   --->   Core 121 'm_axi' <Latency = 0> <II = 1> <Delay = 1.00> <Adapter> <Opcode : 'read' 'write' 'readreq' 'writereq' 'writeresp'>

State 8 <SV = 7> <Delay = 2.43>
ST_8 : Operation 38 [2/8] (2.43ns)   --->   "%empty = readreq i1 @_ssdm_op_ReadReq.m_axi.p1i8, i8 %gmem_addr, i32 262144" [../src/kernel.cpp:18]   --->   Operation 38 'readreq' 'empty' <Predicate = (first_iter_0)> <Delay = 2.43> <CoreInst = "m_axi">   --->   Core 121 'm_axi' <Latency = 0> <II = 1> <Delay = 1.00> <Adapter> <Opcode : 'read' 'write' 'readreq' 'writereq' 'writeresp'>

State 9 <SV = 8> <Delay = 2.43>
ST_9 : Operation 39 [1/8] (2.43ns)   --->   "%empty = readreq i1 @_ssdm_op_ReadReq.m_axi.p1i8, i8 %gmem_addr, i32 262144" [../src/kernel.cpp:18]   --->   Operation 39 'readreq' 'empty' <Predicate = (first_iter_0)> <Delay = 2.43> <CoreInst = "m_axi">   --->   Core 121 'm_axi' <Latency = 0> <II = 1> <Delay = 1.00> <Adapter> <Opcode : 'read' 'write' 'readreq' 'writereq' 'writeresp'>
ST_9 : Operation 40 [1/1] (0.00ns)   --->   "%br_ln0 = br void %for.inc9"   --->   Operation 40 'br' 'br_ln0' <Predicate = (first_iter_0)> <Delay = 0.00>

State 10 <SV = 9> <Delay = 2.52>
ST_10 : Operation 21 [1/1] (0.38ns)   --->   "%store_ln19 = store i10 0, i10 %c" [../src/kernel.cpp:19]   --->   Operation 21 'store' 'store_ln19' <Predicate = true> <Delay = 0.38>
ST_10 : Operation 20 [1/1] (0.38ns)   --->   "%store_ln18 = store i10 0, i10 %r" [../src/kernel.cpp:18]   --->   Operation 20 'store' 'store_ln18' <Predicate = true> <Delay = 0.38>
ST_10 : Operation 41 [1/1] (0.00ns)   --->   "%c_load = load i10 %c" [../src/kernel.cpp:19]   --->   Operation 41 'load' 'c_load' <Predicate = (!icmp_ln18)> <Delay = 0.00>
ST_10 : Operation 42 [1/1] (0.00ns)   --->   "%r_load = load i10 %r" [../src/kernel.cpp:18]   --->   Operation 42 'load' 'r_load' <Predicate = (!icmp_ln18)> <Delay = 0.00>
ST_10 : Operation 43 [1/1] (0.72ns)   --->   "%add_ln18 = add i10 %r_load, i10 1" [../src/kernel.cpp:18]   --->   Operation 43 'add' 'add_ln18' <Predicate = (!icmp_ln18)> <Delay = 0.72> <CoreInst = "Adder">   --->   Core 1 'Adder' <Latency = 0> <II = 1> <Delay = 0.72> <FuncUnit> <Opcode : 'add' 'sub'> <InPorts = 2> <OutPorts = 1>
ST_10 : Operation 44 [1/1] (0.72ns)   --->   "%icmp_ln19 = icmp_eq  i10 %c_load, i10 512" [../src/kernel.cpp:19]   --->   Operation 44 'icmp' 'icmp_ln19' <Predicate = (!icmp_ln18)> <Delay = 0.72> <CoreInst = "Cmp">   --->   Core 9 'Cmp' <Latency = 0> <II = 1> <Delay = 0.72> <FuncUnit> <Opcode : 'icmp'> <InPorts = 2> <OutPorts = 1>
ST_10 : Operation 45 [1/1] (0.30ns)   --->   "%select_ln18 = select i1 %icmp_ln19, i10 0, i10 %c_load" [../src/kernel.cpp:18]   --->   Operation 45 'select' 'select_ln18' <Predicate = (!icmp_ln18)> <Delay = 0.30> <CoreInst = "Sel">   --->   Core 73 'Sel' <Latency = 0> <II = 1> <Delay = 0.30> <FuncUnit> <Opcode : 'select'> <InPorts = 3> <OutPorts = 1>
ST_10 : Operation 46 [1/1] (0.30ns)   --->   "%select_ln18_1 = select i1 %icmp_ln19, i10 %add_ln18, i10 %r_load" [../src/kernel.cpp:18]   --->   Operation 46 'select' 'select_ln18_1' <Predicate = (!icmp_ln18)> <Delay = 0.30> <CoreInst = "Sel">   --->   Core 73 'Sel' <Latency = 0> <II = 1> <Delay = 0.30> <FuncUnit> <Opcode : 'select'> <InPorts = 3> <OutPorts = 1>
ST_10 : Operation 47 [1/1] (0.00ns)   --->   "%trunc_ln21 = trunc i10 %select_ln18_1" [../src/kernel.cpp:21]   --->   Operation 47 'trunc' 'trunc_ln21' <Predicate = (!icmp_ln18)> <Delay = 0.00>
ST_10 : Operation 48 [1/1] (0.00ns)   --->   "%tmp = bitconcatenate i18 @_ssdm_op_BitConcatenate.i18.i9.i9, i9 %trunc_ln21, i9 0" [../src/kernel.cpp:21]   --->   Operation 48 'bitconcatenate' 'tmp' <Predicate = (!icmp_ln18)> <Delay = 0.00>
ST_10 : Operation 49 [1/1] (0.00ns)   --->   "%zext_ln21 = zext i10 %select_ln18" [../src/kernel.cpp:21]   --->   Operation 49 'zext' 'zext_ln21' <Predicate = (!icmp_ln18)> <Delay = 0.00>
ST_10 : Operation 50 [1/1] (0.79ns)   --->   "%add_ln21 = add i18 %tmp, i18 %zext_ln21" [../src/kernel.cpp:21]   --->   Operation 50 'add' 'add_ln21' <Predicate = (!icmp_ln18)> <Delay = 0.79> <CoreInst = "Adder">   --->   Core 1 'Adder' <Latency = 0> <II = 1> <Delay = 0.79> <FuncUnit> <Opcode : 'add' 'sub'> <InPorts = 2> <OutPorts = 1>
ST_10 : Operation 51 [1/1] (2.43ns)   --->   "%gmem_addr_read = read i8 @_ssdm_op_Read.m_axi.p1i8, i8 %gmem_addr" [../src/kernel.cpp:21]   --->   Operation 51 'read' 'gmem_addr_read' <Predicate = (!icmp_ln18)> <Delay = 2.43> <CoreInst = "m_axi">   --->   Core 121 'm_axi' <Latency = 0> <II = 1> <Delay = 1.00> <Adapter> <Opcode : 'read' 'write' 'readreq' 'writereq' 'writeresp'>
ST_10 : Operation 52 [1/1] (0.72ns)   --->   "%add_ln19 = add i10 %select_ln18, i10 1" [../src/kernel.cpp:19]   --->   Operation 52 'add' 'add_ln19' <Predicate = (!icmp_ln18)> <Delay = 0.72> <CoreInst = "Adder">   --->   Core 1 'Adder' <Latency = 0> <II = 1> <Delay = 0.72> <FuncUnit> <Opcode : 'add' 'sub'> <InPorts = 2> <OutPorts = 1>
ST_10 : Operation 53 [1/1] (0.38ns)   --->   "%store_ln18 = store i10 %select_ln18_1, i10 %r" [../src/kernel.cpp:18]   --->   Operation 53 'store' 'store_ln18' <Predicate = (!icmp_ln18)> <Delay = 0.38>
ST_10 : Operation 54 [1/1] (0.38ns)   --->   "%store_ln19 = store i10 %add_ln19, i10 %c" [../src/kernel.cpp:19]   --->   Operation 54 'store' 'store_ln19' <Predicate = (!icmp_ln18)> <Delay = 0.38>
ST_10 : Operation 61 [1/1] (0.00ns)   --->   "%ret_ln0 = ret"   --->   Operation 61 'ret' 'ret_ln0' <Predicate = (icmp_ln18)> <Delay = 0.00>

State 11 <SV = 10> <Delay = 1.24>
ST_11 : Operation 55 [1/1] (0.00ns)   --->   "%specloopname_ln0 = specloopname void @_ssdm_op_SpecLoopName, void @LoadLoop_VITIS_LOOP_19_1_str"   --->   Operation 55 'specloopname' 'specloopname_ln0' <Predicate = (!icmp_ln18)> <Delay = 0.00>
ST_11 : Operation 56 [1/1] (0.00ns)   --->   "%speclooptripcount_ln0 = speclooptripcount void @_ssdm_op_SpecLoopTripCount, i64 262144, i64 262144, i64 262144"   --->   Operation 56 'speclooptripcount' 'speclooptripcount_ln0' <Predicate = (!icmp_ln18)> <Delay = 0.00>
ST_11 : Operation 57 [1/1] (0.00ns)   --->   "%zext_ln21_1 = zext i18 %add_ln21" [../src/kernel.cpp:21]   --->   Operation 57 'zext' 'zext_ln21_1' <Predicate = (!icmp_ln18)> <Delay = 0.00>
ST_11 : Operation 58 [1/1] (0.00ns)   --->   "%in_img_addr = getelementptr i8 %in_img, i64 0, i64 %zext_ln21_1" [../src/kernel.cpp:21]   --->   Operation 58 'getelementptr' 'in_img_addr' <Predicate = (!icmp_ln18)> <Delay = 0.00>
ST_11 : Operation 59 [1/1] (0.00ns)   --->   "%specpipeline_ln20 = specpipeline void @_ssdm_op_SpecPipeline, i32 1, i32 0, i32 0, i32 0, void @empty_1" [../src/kernel.cpp:20]   --->   Operation 59 'specpipeline' 'specpipeline_ln20' <Predicate = (!icmp_ln18)> <Delay = 0.00>
ST_11 : Operation 60 [1/1] (1.24ns)   --->   "%store_ln21 = store i8 %gmem_addr_read, i18 %in_img_addr" [../src/kernel.cpp:21]   --->   Operation 60 'store' 'store_ln21' <Predicate = (!icmp_ln18)> <Delay = 1.24> <CoreInst = "RAM">   --->   Core 83 'RAM' <Latency = 1> <II = 1> <Delay = 1.24> <Storage> <Opcode : 'load' 'store'> <Ports = 2> <Width = 8> <Depth = 262144> <RAM>


============================================================
+ Verbose Summary: Timing violations
============================================================
Target clock period: 3.330ns, clock uncertainty: 0.899ns.

 <State 1>: 1.577ns
The critical path consists of the following:
	'store' operation 0 bit ('store_ln0') of constant 0 on local variable 'indvar_flatten' [9]  (0.387 ns)
	'load' operation 19 bit ('indvar_flatten_load', ../src/kernel.cpp:18) on local variable 'indvar_flatten' [15]  (0.000 ns)
	'icmp' operation 1 bit ('icmp_ln18', ../src/kernel.cpp:18) [16]  (0.803 ns)
	'store' operation 0 bit ('store_ln18', ../src/kernel.cpp:18) of variable 'add_ln18_1', ../src/kernel.cpp:18 on local variable 'indvar_flatten' [44]  (0.387 ns)

 <State 2>: 2.431ns
The critical path consists of the following:
	'getelementptr' operation 8 bit ('gmem_addr', ../src/kernel.cpp:18) [20]  (0.000 ns)
	bus request operation ('empty', ../src/kernel.cpp:18) on port 'gmem' (../src/kernel.cpp:18) [23]  (2.431 ns)

 <State 3>: 2.431ns
The critical path consists of the following:
	bus request operation ('empty', ../src/kernel.cpp:18) on port 'gmem' (../src/kernel.cpp:18) [23]  (2.431 ns)

 <State 4>: 2.431ns
The critical path consists of the following:
	bus request operation ('empty', ../src/kernel.cpp:18) on port 'gmem' (../src/kernel.cpp:18) [23]  (2.431 ns)

 <State 5>: 2.431ns
The critical path consists of the following:
	bus request operation ('empty', ../src/kernel.cpp:18) on port 'gmem' (../src/kernel.cpp:18) [23]  (2.431 ns)

 <State 6>: 2.431ns
The critical path consists of the following:
	bus request operation ('empty', ../src/kernel.cpp:18) on port 'gmem' (../src/kernel.cpp:18) [23]  (2.431 ns)

 <State 7>: 2.431ns
The critical path consists of the following:
	bus request operation ('empty', ../src/kernel.cpp:18) on port 'gmem' (../src/kernel.cpp:18) [23]  (2.431 ns)

 <State 8>: 2.431ns
The critical path consists of the following:
	bus request operation ('empty', ../src/kernel.cpp:18) on port 'gmem' (../src/kernel.cpp:18) [23]  (2.431 ns)

 <State 9>: 2.431ns
The critical path consists of the following:
	bus request operation ('empty', ../src/kernel.cpp:18) on port 'gmem' (../src/kernel.cpp:18) [23]  (2.431 ns)

 <State 10>: 2.527ns
The critical path consists of the following:
	'store' operation 0 bit ('store_ln19', ../src/kernel.cpp:19) of constant 0 on local variable 'c', ../src/kernel.cpp:19 [11]  (0.387 ns)
	'load' operation 10 bit ('c_load', ../src/kernel.cpp:19) on local variable 'c', ../src/kernel.cpp:19 [26]  (0.000 ns)
	'icmp' operation 1 bit ('icmp_ln19', ../src/kernel.cpp:19) [31]  (0.725 ns)
	'select' operation 10 bit ('select_ln18', ../src/kernel.cpp:18) [32]  (0.303 ns)
	'add' operation 10 bit ('add_ln19', ../src/kernel.cpp:19) [43]  (0.725 ns)
	'store' operation 0 bit ('store_ln19', ../src/kernel.cpp:19) of variable 'add_ln19', ../src/kernel.cpp:19 on local variable 'c', ../src/kernel.cpp:19 [46]  (0.387 ns)

 <State 11>: 1.248ns
The critical path consists of the following:
	'getelementptr' operation 18 bit ('in_img_addr', ../src/kernel.cpp:21) [39]  (0.000 ns)
	'store' operation 0 bit ('store_ln21', ../src/kernel.cpp:21) of variable 'gmem_addr_read', ../src/kernel.cpp:21 on array 'in_img' [42]  (1.248 ns)


============================================================
+ Verbose Summary: Binding
============================================================
N/A
* FSMD analyzer results:
  - Output states:
 - Input state : 
  - Chain level:
	State 1
	State 2
	State 3
	State 4
	State 5
	State 6
	State 7
	State 8
	State 9
	State 10
	State 11


============================================================
+ Verbose Summary: Datapath Resource usage 
============================================================
N/A
