

================================================================
== Vitis HLS Report for 'Loop_StoreLoop_proc'
================================================================
* Date:           Fri Nov 21 01:08:01 2025

* Version:        2023.2 (Build 4023990 on Oct 11 2023)
* Project:        sobel_hls
* Solution:       solution1 (Vivado IP Flow Target)
* Product family: virtexuplusHBM
* Target device:  xcu280-fsvh2892-2L-e


================================================================
== Performance Estimates
================================================================
+ Timing: 
    * Summary: 
    +--------+---------+----------+------------+
    |  Clock |  Target | Estimated| Uncertainty|
    +--------+---------+----------+------------+
    |ap_clk  |  3.33 ns|  2.527 ns|     0.90 ns|
    +--------+---------+----------+------------+

+ Latency: 
    * Summary: 
    +---------+---------+----------+----------+--------+--------+---------+
    |  Latency (cycles) |  Latency (absolute) |     Interval    | Pipeline|
    |   min   |   max   |    min   |    max   |   min  |   max  |   Type  |
    +---------+---------+----------+----------+--------+--------+---------+
    |   262153|   262153|  0.873 ms|  0.873 ms|  262153|  262153|       no|
    +---------+---------+----------+----------+--------+--------+---------+

    + Detail: 
        * Instance: 
        N/A

        * Loop: 
        +-----------------------------+---------+---------+----------+-----------+-----------+--------+----------+
        |                             |  Latency (cycles) | Iteration|  Initiation Interval  |  Trip  |          |
        |          Loop Name          |   min   |   max   |  Latency |  achieved |   target  |  Count | Pipelined|
        +-----------------------------+---------+---------+----------+-----------+-----------+--------+----------+
        |- StoreLoop_VITIS_LOOP_31_2  |   262151|   262151|         9|          1|          1|  262144|       yes|
        +-----------------------------+---------+---------+----------+-----------+-----------+--------+----------+

============================================================
+ Verbose Summary: Synthesis Manager
============================================================
InlineROM: 1
ExposeGlobal: 0
============================================================
+ Verbose Summary: CDFG Model
============================================================
IsTopModel: 0
ResetActiveHigh: 1
IsCombinational: 2
IsDatapathOnly: 0
HasWiredReturn: 1
HasMFsm: 2
HasVarLatency: 1
IsPipeline: 0
IsRtlPipelined: 0
IsInstanceOverlapped: 0
IsDontTouch: 0
HasImplIP: 0
IsGatedGlobalClock: 0

+ Individual pipeline summary: 
  * Pipeline-0: initiation interval (II) = 1, depth = 9


============================================================
+ Verbose Summary: Schedule
============================================================
* Number of FSM states : 9
* Pipeline : 1
  Pipeline-0 : II = 1, D = 9, States = { 1 2 3 4 5 6 7 8 9 }
* Dataflow Pipeline: 0

* FSM state transitions: 
1 --> 2 
2 --> 3 
3 --> 4 
4 --> 5 
5 --> 6 
6 --> 7 
7 --> 8 
8 --> 9 
9 --> 

* FSM state operations: 

State 1 <SV = 0> <Delay = 2.52>
ST_1 : Operation 12 [1/1] (0.00ns)   --->   "%c = alloca i32 1" [../src/kernel.cpp:31]   --->   Operation 12 'alloca' 'c' <Predicate = true> <Delay = 0.00>
ST_1 : Operation 13 [1/1] (0.00ns)   --->   "%r = alloca i32 1" [../src/kernel.cpp:30]   --->   Operation 13 'alloca' 'r' <Predicate = true> <Delay = 0.00>
ST_1 : Operation 14 [1/1] (0.00ns)   --->   "%indvar_flatten = alloca i32 1"   --->   Operation 14 'alloca' 'indvar_flatten' <Predicate = true> <Delay = 0.00>
ST_1 : Operation 15 [1/1] (0.00ns)   --->   "%out_r_load8 = alloca i32 1"   --->   Operation 15 'alloca' 'out_r_load8' <Predicate = true> <Delay = 0.00>
ST_1 : Operation 16 [1/1] (0.00ns)   --->   "%specinterface_ln0 = specinterface void @_ssdm_op_SpecInterface, i64 %out_r, void @ap_fifo_str, i32 0, i32 0, void @p_str, i32 0, i32 0, void @p_str, void @p_str, void @p_str, i32 2, i32 2, i32 16, i32 16, void @p_str, void @ScalarProp_str, i32 4294967295, i32 0"   --->   Operation 16 'specinterface' 'specinterface_ln0' <Predicate = true> <Delay = 0.00>
ST_1 : Operation 17 [1/1] (0.00ns)   --->   "%specinterface_ln0 = specinterface void @_ssdm_op_SpecInterface, i8 %gmem, void @empty_2, i32 0, i32 0, void @empty_1, i32 0, i32 0, void @empty_9, void @empty, void @empty_1, i32 16, i32 16, i32 16, i32 16, void @empty_1, void @empty_1, i32 4294967295, i32 0"   --->   Operation 17 'specinterface' 'specinterface_ln0' <Predicate = true> <Delay = 0.00>
ST_1 : Operation 18 [1/1] (0.38ns)   --->   "%store_ln0 = store i19 0, i19 %indvar_flatten"   --->   Operation 18 'store' 'store_ln0' <Predicate = true> <Delay = 0.38>
ST_1 : Operation 19 [1/1] (0.38ns)   --->   "%store_ln30 = store i10 0, i10 %r" [../src/kernel.cpp:30]   --->   Operation 19 'store' 'store_ln30' <Predicate = true> <Delay = 0.38>
ST_1 : Operation 20 [1/1] (0.38ns)   --->   "%store_ln31 = store i10 0, i10 %c" [../src/kernel.cpp:31]   --->   Operation 20 'store' 'store_ln31' <Predicate = true> <Delay = 0.38>
ST_1 : Operation 21 [1/1] (0.38ns)   --->   "%br_ln30 = br void %for.inc31" [../src/kernel.cpp:30]   --->   Operation 21 'br' 'br_ln30' <Predicate = true> <Delay = 0.38>
ST_1 : Operation 22 [1/1] (0.00ns)   --->   "%first_iter_0 = phi i1 0, void %new.latch.for.inc34, i1 1, void %newFuncRoot"   --->   Operation 22 'phi' 'first_iter_0' <Predicate = true> <Delay = 0.00>
ST_1 : Operation 23 [1/1] (0.00ns)   --->   "%indvar_flatten_load = load i19 %indvar_flatten" [../src/kernel.cpp:30]   --->   Operation 23 'load' 'indvar_flatten_load' <Predicate = true> <Delay = 0.00>
ST_1 : Operation 24 [1/1] (0.80ns)   --->   "%icmp_ln30 = icmp_eq  i19 %indvar_flatten_load, i19 262144" [../src/kernel.cpp:30]   --->   Operation 24 'icmp' 'icmp_ln30' <Predicate = true> <Delay = 0.80> <CoreInst = "Cmp">   --->   Core 9 'Cmp' <Latency = 0> <II = 1> <Delay = 0.80> <FuncUnit> <Opcode : 'icmp'> <InPorts = 2> <OutPorts = 1>
ST_1 : Operation 25 [1/1] (0.80ns)   --->   "%add_ln30_1 = add i19 %indvar_flatten_load, i19 1" [../src/kernel.cpp:30]   --->   Operation 25 'add' 'add_ln30_1' <Predicate = true> <Delay = 0.80> <CoreInst = "Adder">   --->   Core 1 'Adder' <Latency = 0> <II = 1> <Delay = 0.80> <FuncUnit> <Opcode : 'add' 'sub'> <InPorts = 2> <OutPorts = 1>
ST_1 : Operation 26 [1/1] (0.00ns)   --->   "%br_ln30 = br i1 %icmp_ln30, void %new.body.for.inc31, void %for.end36" [../src/kernel.cpp:30]   --->   Operation 26 'br' 'br_ln30' <Predicate = true> <Delay = 0.00>
ST_1 : Operation 27 [1/1] (0.00ns)   --->   "%br_ln0 = br i1 %first_iter_0, void %for.inc34, void %for.first.iter.for.inc31"   --->   Operation 27 'br' 'br_ln0' <Predicate = (!icmp_ln30)> <Delay = 0.00>
ST_1 : Operation 28 [1/1] (0.00ns)   --->   "%c_load = load i10 %c" [../src/kernel.cpp:31]   --->   Operation 28 'load' 'c_load' <Predicate = (!icmp_ln30)> <Delay = 0.00>
ST_1 : Operation 29 [1/1] (0.00ns)   --->   "%r_load = load i10 %r" [../src/kernel.cpp:30]   --->   Operation 29 'load' 'r_load' <Predicate = (!icmp_ln30)> <Delay = 0.00>
ST_1 : Operation 30 [1/1] (0.72ns)   --->   "%add_ln30 = add i10 %r_load, i10 1" [../src/kernel.cpp:30]   --->   Operation 30 'add' 'add_ln30' <Predicate = (!icmp_ln30)> <Delay = 0.72> <CoreInst = "Adder">   --->   Core 1 'Adder' <Latency = 0> <II = 1> <Delay = 0.72> <FuncUnit> <Opcode : 'add' 'sub'> <InPorts = 2> <OutPorts = 1>
ST_1 : Operation 31 [1/1] (0.72ns)   --->   "%icmp_ln31 = icmp_eq  i10 %c_load, i10 512" [../src/kernel.cpp:31]   --->   Operation 31 'icmp' 'icmp_ln31' <Predicate = (!icmp_ln30)> <Delay = 0.72> <CoreInst = "Cmp">   --->   Core 9 'Cmp' <Latency = 0> <II = 1> <Delay = 0.72> <FuncUnit> <Opcode : 'icmp'> <InPorts = 2> <OutPorts = 1>
ST_1 : Operation 32 [1/1] (0.30ns)   --->   "%select_ln30 = select i1 %icmp_ln31, i10 0, i10 %c_load" [../src/kernel.cpp:30]   --->   Operation 32 'select' 'select_ln30' <Predicate = (!icmp_ln30)> <Delay = 0.30> <CoreInst = "Sel">   --->   Core 73 'Sel' <Latency = 0> <II = 1> <Delay = 0.30> <FuncUnit> <Opcode : 'select'> <InPorts = 3> <OutPorts = 1>
ST_1 : Operation 33 [1/1] (0.30ns)   --->   "%select_ln30_1 = select i1 %icmp_ln31, i10 %add_ln30, i10 %r_load" [../src/kernel.cpp:30]   --->   Operation 33 'select' 'select_ln30_1' <Predicate = (!icmp_ln30)> <Delay = 0.30> <CoreInst = "Sel">   --->   Core 73 'Sel' <Latency = 0> <II = 1> <Delay = 0.30> <FuncUnit> <Opcode : 'select'> <InPorts = 3> <OutPorts = 1>
ST_1 : Operation 34 [1/1] (0.00ns)   --->   "%trunc_ln33 = trunc i10 %select_ln30_1" [../src/kernel.cpp:33]   --->   Operation 34 'trunc' 'trunc_ln33' <Predicate = (!icmp_ln30)> <Delay = 0.00>
ST_1 : Operation 35 [1/1] (0.00ns)   --->   "%tmp = bitconcatenate i18 @_ssdm_op_BitConcatenate.i18.i9.i9, i9 %trunc_ln33, i9 0" [../src/kernel.cpp:33]   --->   Operation 35 'bitconcatenate' 'tmp' <Predicate = (!icmp_ln30)> <Delay = 0.00>
ST_1 : Operation 36 [1/1] (0.00ns)   --->   "%zext_ln33 = zext i10 %select_ln30" [../src/kernel.cpp:33]   --->   Operation 36 'zext' 'zext_ln33' <Predicate = (!icmp_ln30)> <Delay = 0.00>
ST_1 : Operation 37 [1/1] (0.79ns)   --->   "%add_ln33 = add i18 %tmp, i18 %zext_ln33" [../src/kernel.cpp:33]   --->   Operation 37 'add' 'add_ln33' <Predicate = (!icmp_ln30)> <Delay = 0.79> <CoreInst = "Adder">   --->   Core 1 'Adder' <Latency = 0> <II = 1> <Delay = 0.79> <FuncUnit> <Opcode : 'add' 'sub'> <InPorts = 2> <OutPorts = 1>
ST_1 : Operation 38 [1/1] (0.72ns)   --->   "%add_ln31 = add i10 %select_ln30, i10 1" [../src/kernel.cpp:31]   --->   Operation 38 'add' 'add_ln31' <Predicate = (!icmp_ln30)> <Delay = 0.72> <CoreInst = "Adder">   --->   Core 1 'Adder' <Latency = 0> <II = 1> <Delay = 0.72> <FuncUnit> <Opcode : 'add' 'sub'> <InPorts = 2> <OutPorts = 1>
ST_1 : Operation 39 [1/1] (0.80ns)   --->   "%icmp_ln30_1 = icmp_eq  i19 %add_ln30_1, i19 262144" [../src/kernel.cpp:30]   --->   Operation 39 'icmp' 'icmp_ln30_1' <Predicate = (!icmp_ln30)> <Delay = 0.80> <CoreInst = "Cmp">   --->   Core 9 'Cmp' <Latency = 0> <II = 1> <Delay = 0.80> <FuncUnit> <Opcode : 'icmp'> <InPorts = 2> <OutPorts = 1>
ST_1 : Operation 40 [1/1] (0.00ns)   --->   "%br_ln31 = br i1 %icmp_ln30_1, void %new.latch.for.inc34, void %last.iter.for.inc34" [../src/kernel.cpp:31]   --->   Operation 40 'br' 'br_ln31' <Predicate = (!icmp_ln30)> <Delay = 0.00>
ST_1 : Operation 41 [1/1] (0.38ns)   --->   "%store_ln30 = store i19 %add_ln30_1, i19 %indvar_flatten" [../src/kernel.cpp:30]   --->   Operation 41 'store' 'store_ln30' <Predicate = (!icmp_ln30)> <Delay = 0.38>
ST_1 : Operation 42 [1/1] (0.38ns)   --->   "%store_ln30 = store i10 %select_ln30_1, i10 %r" [../src/kernel.cpp:30]   --->   Operation 42 'store' 'store_ln30' <Predicate = (!icmp_ln30)> <Delay = 0.38>
ST_1 : Operation 43 [1/1] (0.38ns)   --->   "%store_ln31 = store i10 %add_ln31, i10 %c" [../src/kernel.cpp:31]   --->   Operation 43 'store' 'store_ln31' <Predicate = (!icmp_ln30)> <Delay = 0.38>
ST_1 : Operation 44 [1/1] (0.00ns)   --->   "%br_ln31 = br void %for.inc31" [../src/kernel.cpp:31]   --->   Operation 44 'br' 'br_ln31' <Predicate = (!icmp_ln30)> <Delay = 0.00>

State 2 <SV = 1> <Delay = 1.24>
ST_2 : Operation 45 [1/1] (1.21ns)   --->   "%out_r_read = read i64 @_ssdm_op_Read.ap_fifo.i64P0A, i64 %out_r"   --->   Operation 45 'read' 'out_r_read' <Predicate = (first_iter_0)> <Delay = 1.21> <CoreInst = "FIFO_SRL">   --->   Core 81 'FIFO_SRL' <Latency = 0> <II = 1> <Delay = 1.41> <Storage> <Opcode : 'read' 'write' 'nbread' 'nbwrite'> <Ports = 0> <Width = 64> <Depth = 4> <FIFO>
ST_2 : Operation 46 [1/1] (0.00ns)   --->   "%gmem_addr = getelementptr i8 %gmem, i64 %out_r_read" [../src/kernel.cpp:30]   --->   Operation 46 'getelementptr' 'gmem_addr' <Predicate = (first_iter_0)> <Delay = 0.00>
ST_2 : Operation 47 [1/1] (0.00ns)   --->   "%store_ln0 = store i64 %out_r_read, i64 %out_r_load8"   --->   Operation 47 'store' 'store_ln0' <Predicate = (first_iter_0)> <Delay = 0.00>
ST_2 : Operation 48 [1/1] (0.00ns)   --->   "%zext_ln33_1 = zext i18 %add_ln33" [../src/kernel.cpp:33]   --->   Operation 48 'zext' 'zext_ln33_1' <Predicate = true> <Delay = 0.00>
ST_2 : Operation 49 [1/1] (0.00ns)   --->   "%out_img_addr = getelementptr i8 %out_img, i64 0, i64 %zext_ln33_1" [../src/kernel.cpp:33]   --->   Operation 49 'getelementptr' 'out_img_addr' <Predicate = true> <Delay = 0.00>
ST_2 : Operation 50 [2/2] (1.24ns)   --->   "%out_img_load = load i18 %out_img_addr" [../src/kernel.cpp:33]   --->   Operation 50 'load' 'out_img_load' <Predicate = true> <Delay = 1.24> <CoreInst = "RAM">   --->   Core 83 'RAM' <Latency = 1> <II = 1> <Delay = 1.24> <Storage> <Opcode : 'load' 'store'> <Ports = 2> <Width = 8> <Depth = 262144> <RAM>

State 3 <SV = 2> <Delay = 2.43>
ST_3 : Operation 51 [1/1] (2.43ns)   --->   "%empty_34 = writereq i1 @_ssdm_op_WriteReq.m_axi.p1i8, i8 %gmem_addr, i32 262144" [../src/kernel.cpp:30]   --->   Operation 51 'writereq' 'empty_34' <Predicate = (first_iter_0)> <Delay = 2.43> <CoreInst = "m_axi">   --->   Core 121 'm_axi' <Latency = 0> <II = 1> <Delay = 1.00> <Adapter> <Opcode : 'read' 'write' 'readreq' 'writereq' 'writeresp'>
ST_3 : Operation 52 [1/1] (0.00ns)   --->   "%br_ln0 = br void %for.inc34"   --->   Operation 52 'br' 'br_ln0' <Predicate = (first_iter_0)> <Delay = 0.00>
ST_3 : Operation 53 [1/1] (0.00ns)   --->   "%out_r_load = load i64 %out_r_load8" [../src/kernel.cpp:30]   --->   Operation 53 'load' 'out_r_load' <Predicate = true> <Delay = 0.00>
ST_3 : Operation 54 [1/2] (1.24ns)   --->   "%out_img_load = load i18 %out_img_addr" [../src/kernel.cpp:33]   --->   Operation 54 'load' 'out_img_load' <Predicate = true> <Delay = 1.24> <CoreInst = "RAM">   --->   Core 83 'RAM' <Latency = 1> <II = 1> <Delay = 1.24> <Storage> <Opcode : 'load' 'store'> <Ports = 2> <Width = 8> <Depth = 262144> <RAM>
ST_3 : Operation 55 [1/1] (0.00ns)   --->   "%gmem_addr_1 = getelementptr i8 %gmem, i64 %out_r_load" [../src/kernel.cpp:30]   --->   Operation 55 'getelementptr' 'gmem_addr_1' <Predicate = true> <Delay = 0.00>

State 4 <SV = 3> <Delay = 2.43>
ST_4 : Operation 56 [1/1] (0.00ns)   --->   "%specloopname_ln0 = specloopname void @_ssdm_op_SpecLoopName, void @StoreLoop_VITIS_LOOP_31_2_str"   --->   Operation 56 'specloopname' 'specloopname_ln0' <Predicate = true> <Delay = 0.00>
ST_4 : Operation 57 [1/1] (0.00ns)   --->   "%speclooptripcount_ln0 = speclooptripcount void @_ssdm_op_SpecLoopTripCount, i64 262144, i64 262144, i64 262144"   --->   Operation 57 'speclooptripcount' 'speclooptripcount_ln0' <Predicate = true> <Delay = 0.00>
ST_4 : Operation 58 [1/1] (0.00ns)   --->   "%specpipeline_ln32 = specpipeline void @_ssdm_op_SpecPipeline, i32 1, i32 0, i32 0, i32 0, void @empty_1" [../src/kernel.cpp:32]   --->   Operation 58 'specpipeline' 'specpipeline_ln32' <Predicate = true> <Delay = 0.00>
ST_4 : Operation 59 [1/1] (2.43ns)   --->   "%write_ln33 = write void @_ssdm_op_Write.m_axi.p1i8, i8 %gmem_addr_1, i8 %out_img_load, i1 1" [../src/kernel.cpp:33]   --->   Operation 59 'write' 'write_ln33' <Predicate = true> <Delay = 2.43> <CoreInst = "m_axi">   --->   Core 121 'm_axi' <Latency = 0> <II = 1> <Delay = 1.00> <Adapter> <Opcode : 'read' 'write' 'readreq' 'writereq' 'writeresp'>

State 5 <SV = 4> <Delay = 2.43>
ST_5 : Operation 60 [5/5] (2.43ns)   --->   "%empty = writeresp i1 @_ssdm_op_WriteResp.m_axi.p1i8, i8 %gmem_addr_1" [../src/kernel.cpp:36]   --->   Operation 60 'writeresp' 'empty' <Predicate = (icmp_ln30_1)> <Delay = 2.43> <CoreInst = "m_axi">   --->   Core 121 'm_axi' <Latency = 0> <II = 1> <Delay = 1.00> <Adapter> <Opcode : 'read' 'write' 'readreq' 'writereq' 'writeresp'>

State 6 <SV = 5> <Delay = 2.43>
ST_6 : Operation 61 [4/5] (2.43ns)   --->   "%empty = writeresp i1 @_ssdm_op_WriteResp.m_axi.p1i8, i8 %gmem_addr_1" [../src/kernel.cpp:36]   --->   Operation 61 'writeresp' 'empty' <Predicate = (icmp_ln30_1)> <Delay = 2.43> <CoreInst = "m_axi">   --->   Core 121 'm_axi' <Latency = 0> <II = 1> <Delay = 1.00> <Adapter> <Opcode : 'read' 'write' 'readreq' 'writereq' 'writeresp'>

State 7 <SV = 6> <Delay = 2.43>
ST_7 : Operation 62 [3/5] (2.43ns)   --->   "%empty = writeresp i1 @_ssdm_op_WriteResp.m_axi.p1i8, i8 %gmem_addr_1" [../src/kernel.cpp:36]   --->   Operation 62 'writeresp' 'empty' <Predicate = (icmp_ln30_1)> <Delay = 2.43> <CoreInst = "m_axi">   --->   Core 121 'm_axi' <Latency = 0> <II = 1> <Delay = 1.00> <Adapter> <Opcode : 'read' 'write' 'readreq' 'writereq' 'writeresp'>

State 8 <SV = 7> <Delay = 2.43>
ST_8 : Operation 63 [2/5] (2.43ns)   --->   "%empty = writeresp i1 @_ssdm_op_WriteResp.m_axi.p1i8, i8 %gmem_addr_1" [../src/kernel.cpp:36]   --->   Operation 63 'writeresp' 'empty' <Predicate = (icmp_ln30_1)> <Delay = 2.43> <CoreInst = "m_axi">   --->   Core 121 'm_axi' <Latency = 0> <II = 1> <Delay = 1.00> <Adapter> <Opcode : 'read' 'write' 'readreq' 'writereq' 'writeresp'>
ST_8 : Operation 66 [1/1] (0.00ns)   --->   "%ret_ln0 = ret"   --->   Operation 66 'ret' 'ret_ln0' <Predicate = (icmp_ln30)> <Delay = 0.00>

State 9 <SV = 8> <Delay = 2.43>
ST_9 : Operation 64 [1/5] (2.43ns)   --->   "%empty = writeresp i1 @_ssdm_op_WriteResp.m_axi.p1i8, i8 %gmem_addr_1" [../src/kernel.cpp:36]   --->   Operation 64 'writeresp' 'empty' <Predicate = (icmp_ln30_1)> <Delay = 2.43> <CoreInst = "m_axi">   --->   Core 121 'm_axi' <Latency = 0> <II = 1> <Delay = 1.00> <Adapter> <Opcode : 'read' 'write' 'readreq' 'writereq' 'writeresp'>
ST_9 : Operation 65 [1/1] (0.00ns)   --->   "%br_ln31 = br void %new.latch.for.inc34" [../src/kernel.cpp:31]   --->   Operation 65 'br' 'br_ln31' <Predicate = (icmp_ln30_1)> <Delay = 0.00>


============================================================
+ Verbose Summary: Binding
============================================================
STG Binding: 
---------------- STG Properties BEGIN ----------------
- Is combinational: 0
- Is one-state seq: 0
- Is datapath-only: 0
- Is pipelined: 0
- Is top level: 0
Port [ Return ] is wired: 1; IO mode=ap_ctrl_hs:ce=0
Port [ gmem]:  wired=1; compound=1; hidden=0; nouse=0; global=0; static=0; extern=0; dir=1; type=4; pingpong=0; private_global=0; IO mode=m_axi:ce=0
Port [ out_r]:  wired=1; compound=1; hidden=0; nouse=0; global=0; static=0; extern=0; dir=0; type=3; pingpong=0; private_global=0; IO mode=ap_fifo:ce=0
Port [ out_img]:  wired=1; compound=1; hidden=0; nouse=0; global=0; static=0; extern=0; dir=0; type=1; pingpong=1; private_global=0; MemPort=[13]; IO mode=ap_memory:ce=0
---------------- STG Properties END ------------------

---------------- Datapath Model BEGIN ----------------

<LifeTime>
<method=bitvector/>
c                     (alloca           ) [ 0100000000]
r                     (alloca           ) [ 0100000000]
indvar_flatten        (alloca           ) [ 0100000000]
out_r_load8           (alloca           ) [ 0111000000]
specinterface_ln0     (specinterface    ) [ 0000000000]
specinterface_ln0     (specinterface    ) [ 0000000000]
store_ln0             (store            ) [ 0000000000]
store_ln30            (store            ) [ 0000000000]
store_ln31            (store            ) [ 0000000000]
br_ln30               (br               ) [ 0000000000]
first_iter_0          (phi              ) [ 0111000000]
indvar_flatten_load   (load             ) [ 0000000000]
icmp_ln30             (icmp             ) [ 0111111111]
add_ln30_1            (add              ) [ 0000000000]
br_ln30               (br               ) [ 0000000000]
br_ln0                (br               ) [ 0000000000]
c_load                (load             ) [ 0000000000]
r_load                (load             ) [ 0000000000]
add_ln30              (add              ) [ 0000000000]
icmp_ln31             (icmp             ) [ 0000000000]
select_ln30           (select           ) [ 0000000000]
select_ln30_1         (select           ) [ 0000000000]
trunc_ln33            (trunc            ) [ 0000000000]
tmp                   (bitconcatenate   ) [ 0000000000]
zext_ln33             (zext             ) [ 0000000000]
add_ln33              (add              ) [ 0110000000]
add_ln31              (add              ) [ 0000000000]
icmp_ln30_1           (icmp             ) [ 0111111111]
br_ln31               (br               ) [ 0000000000]
store_ln30            (store            ) [ 0000000000]
store_ln30            (store            ) [ 0000000000]
store_ln31            (store            ) [ 0000000000]
br_ln31               (br               ) [ 0100000000]
out_r_read            (read             ) [ 0000000000]
gmem_addr             (getelementptr    ) [ 0101000000]
store_ln0             (store            ) [ 0000000000]
zext_ln33_1           (zext             ) [ 0000000000]
out_img_addr          (getelementptr    ) [ 0101000000]
empty_34              (writereq         ) [ 0000000000]
br_ln0                (br               ) [ 0000000000]
out_r_load            (load             ) [ 0000000000]
out_img_load          (load             ) [ 0100100000]
gmem_addr_1           (getelementptr    ) [ 0100111111]
specloopname_ln0      (specloopname     ) [ 0000000000]
speclooptripcount_ln0 (speclooptripcount) [ 0000000000]
specpipeline_ln32     (specpipeline     ) [ 0000000000]
write_ln33            (write            ) [ 0000000000]
empty                 (writeresp        ) [ 0000000000]
br_ln31               (br               ) [ 0000000000]
ret_ln0               (ret              ) [ 0000000000]
</LifeTime>

<model>

<comp_list>
<comp id="0" class="1000" name="gmem">
<pin_list>
<pin id="1" dir="1" index="0" bw="1" slack="0"/>
</pin_list>
<bind>
<StgValue><ssdm name="gmem"/></StgValue>
</bind>
</comp>

<comp id="2" class="1000" name="out_r">
<pin_list>
<pin id="3" dir="1" index="0" bw="1" slack="0"/>
</pin_list>
<bind>
<StgValue><ssdm name="out_r"/></StgValue>
</bind>
</comp>

<comp id="4" class="1000" name="out_img">
<pin_list>
<pin id="5" dir="1" index="0" bw="1" slack="0"/>
</pin_list>
<bind>
<StgValue><ssdm name="out_img"/><MemPortTyVec>1 3 </MemPortTyVec>
</StgValue>
</bind>
</comp>

<comp id="6" class="1001" name="const_6">
<pin_list>
<pin id="7" dir="1" index="0" bw="1" slack="0"/>
</pin_list>
<bind>
<StgValue><ssdm name=""/></StgValue>
</bind>
</comp>

<comp id="8" class="1001" name="const_8">
<pin_list>
<pin id="9" dir="1" index="0" bw="1" slack="2147483647"/>
</pin_list>
<bind>
<StgValue><ssdm name="_ssdm_op_SpecInterface"/></StgValue>
</bind>
</comp>

<comp id="10" class="1001" name="const_10">
<pin_list>
<pin id="11" dir="1" index="0" bw="1" slack="2147483647"/>
</pin_list>
<bind>
<StgValue><ssdm name="ap_fifo_str"/></StgValue>
</bind>
</comp>

<comp id="12" class="1001" name="const_12">
<pin_list>
<pin id="13" dir="1" index="0" bw="1" slack="2147483647"/>
</pin_list>
<bind>
<StgValue><ssdm name=""/></StgValue>
</bind>
</comp>

<comp id="14" class="1001" name="const_14">
<pin_list>
<pin id="15" dir="1" index="0" bw="1" slack="2147483647"/>
</pin_list>
<bind>
<StgValue><ssdm name="p_str"/></StgValue>
</bind>
</comp>

<comp id="16" class="1001" name="const_16">
<pin_list>
<pin id="17" dir="1" index="0" bw="1" slack="2147483647"/>
</pin_list>
<bind>
<StgValue><ssdm name=""/></StgValue>
</bind>
</comp>

<comp id="18" class="1001" name="const_18">
<pin_list>
<pin id="19" dir="1" index="0" bw="1" slack="2147483647"/>
</pin_list>
<bind>
<StgValue><ssdm name=""/></StgValue>
</bind>
</comp>

<comp id="20" class="1001" name="const_20">
<pin_list>
<pin id="21" dir="1" index="0" bw="1" slack="2147483647"/>
</pin_list>
<bind>
<StgValue><ssdm name="ScalarProp_str"/></StgValue>
</bind>
</comp>

<comp id="22" class="1001" name="const_22">
<pin_list>
<pin id="23" dir="1" index="0" bw="1" slack="2147483647"/>
</pin_list>
<bind>
<StgValue><ssdm name=""/></StgValue>
</bind>
</comp>

<comp id="24" class="1001" name="const_24">
<pin_list>
<pin id="25" dir="1" index="0" bw="1" slack="2147483647"/>
</pin_list>
<bind>
<StgValue><ssdm name="empty_2"/></StgValue>
</bind>
</comp>

<comp id="26" class="1001" name="const_26">
<pin_list>
<pin id="27" dir="1" index="0" bw="1" slack="2147483647"/>
</pin_list>
<bind>
<StgValue><ssdm name="empty_1"/></StgValue>
</bind>
</comp>

<comp id="28" class="1001" name="const_28">
<pin_list>
<pin id="29" dir="1" index="0" bw="1" slack="2147483647"/>
</pin_list>
<bind>
<StgValue><ssdm name="empty_9"/></StgValue>
</bind>
</comp>

<comp id="30" class="1001" name="const_30">
<pin_list>
<pin id="31" dir="1" index="0" bw="1" slack="2147483647"/>
</pin_list>
<bind>
<StgValue><ssdm name="empty"/></StgValue>
</bind>
</comp>

<comp id="32" class="1001" name="const_32">
<pin_list>
<pin id="33" dir="1" index="0" bw="1" slack="0"/>
</pin_list>
<bind>
<StgValue><ssdm name=""/></StgValue>
</bind>
</comp>

<comp id="34" class="1001" name="const_34">
<pin_list>
<pin id="35" dir="1" index="0" bw="1" slack="0"/>
</pin_list>
<bind>
<StgValue><ssdm name=""/></StgValue>
</bind>
</comp>

<comp id="36" class="1001" name="const_36">
<pin_list>
<pin id="37" dir="1" index="0" bw="1" slack="0"/>
</pin_list>
<bind>
<StgValue><ssdm name=""/></StgValue>
</bind>
</comp>

<comp id="38" class="1001" name="const_38">
<pin_list>
<pin id="39" dir="1" index="0" bw="1" slack="0"/>
</pin_list>
<bind>
<StgValue><ssdm name=""/></StgValue>
</bind>
</comp>

<comp id="40" class="1001" name="const_40">
<pin_list>
<pin id="41" dir="1" index="0" bw="1" slack="0"/>
</pin_list>
<bind>
<StgValue><ssdm name=""/></StgValue>
</bind>
</comp>

<comp id="42" class="1001" name="const_42">
<pin_list>
<pin id="43" dir="1" index="0" bw="1" slack="0"/>
</pin_list>
<bind>
<StgValue><ssdm name=""/></StgValue>
</bind>
</comp>

<comp id="44" class="1001" name="const_44">
<pin_list>
<pin id="45" dir="1" index="0" bw="1" slack="0"/>
</pin_list>
<bind>
<StgValue><ssdm name=""/></StgValue>
</bind>
</comp>

<comp id="46" class="1001" name="const_46">
<pin_list>
<pin id="47" dir="1" index="0" bw="1" slack="0"/>
</pin_list>
<bind>
<StgValue><ssdm name=""/></StgValue>
</bind>
</comp>

<comp id="48" class="1001" name="const_48">
<pin_list>
<pin id="49" dir="1" index="0" bw="1" slack="0"/>
</pin_list>
<bind>
<StgValue><ssdm name="_ssdm_op_BitConcatenate.i18.i9.i9"/></StgValue>
</bind>
</comp>

<comp id="50" class="1001" name="const_50">
<pin_list>
<pin id="51" dir="1" index="0" bw="1" slack="0"/>
</pin_list>
<bind>
<StgValue><ssdm name=""/></StgValue>
</bind>
</comp>

<comp id="52" class="1001" name="const_52">
<pin_list>
<pin id="53" dir="1" index="0" bw="1" slack="0"/>
</pin_list>
<bind>
<StgValue><ssdm name="_ssdm_op_Read.ap_fifo.i64P0A"/></StgValue>
</bind>
</comp>

<comp id="54" class="1001" name="const_54">
<pin_list>
<pin id="55" dir="1" index="0" bw="1" slack="0"/>
</pin_list>
<bind>
<StgValue><ssdm name=""/></StgValue>
</bind>
</comp>

<comp id="56" class="1001" name="const_56">
<pin_list>
<pin id="57" dir="1" index="0" bw="1" slack="0"/>
</pin_list>
<bind>
<StgValue><ssdm name="_ssdm_op_WriteReq.m_axi.p1i8"/></StgValue>
</bind>
</comp>

<comp id="58" class="1001" name="const_58">
<pin_list>
<pin id="59" dir="1" index="0" bw="1" slack="0"/>
</pin_list>
<bind>
<StgValue><ssdm name=""/></StgValue>
</bind>
</comp>

<comp id="60" class="1001" name="const_60">
<pin_list>
<pin id="61" dir="1" index="0" bw="1" slack="2147483647"/>
</pin_list>
<bind>
<StgValue><ssdm name="_ssdm_op_SpecLoopName"/></StgValue>
</bind>
</comp>

<comp id="62" class="1001" name="const_62">
<pin_list>
<pin id="63" dir="1" index="0" bw="1" slack="2147483647"/>
</pin_list>
<bind>
<StgValue><ssdm name="StoreLoop_VITIS_LOOP_31_2_str"/></StgValue>
</bind>
</comp>

<comp id="64" class="1001" name="const_64">
<pin_list>
<pin id="65" dir="1" index="0" bw="1" slack="2147483647"/>
</pin_list>
<bind>
<StgValue><ssdm name="_ssdm_op_SpecLoopTripCount"/></StgValue>
</bind>
</comp>

<comp id="66" class="1001" name="const_66">
<pin_list>
<pin id="67" dir="1" index="0" bw="1" slack="2147483647"/>
</pin_list>
<bind>
<StgValue><ssdm name=""/></StgValue>
</bind>
</comp>

<comp id="68" class="1001" name="const_68">
<pin_list>
<pin id="69" dir="1" index="0" bw="1" slack="2147483647"/>
</pin_list>
<bind>
<StgValue><ssdm name="_ssdm_op_SpecPipeline"/></StgValue>
</bind>
</comp>

<comp id="70" class="1001" name="const_70">
<pin_list>
<pin id="71" dir="1" index="0" bw="1" slack="0"/>
</pin_list>
<bind>
<StgValue><ssdm name="_ssdm_op_Write.m_axi.p1i8"/></StgValue>
</bind>
</comp>

<comp id="72" class="1001" name="const_72">
<pin_list>
<pin id="73" dir="1" index="0" bw="1" slack="0"/>
</pin_list>
<bind>
<StgValue><ssdm name="_ssdm_op_WriteResp.m_axi.p1i8"/></StgValue>
</bind>
</comp>

<comp id="74" class="1004" name="c_fu_74">
<pin_list>
<pin id="75" dir="0" index="0" bw="1" slack="0"/>
<pin id="76" dir="1" index="1" bw="10" slack="0"/>
</pin_list>
<bind>
<opcode="alloca(26) " fcode="alloca"/>
<opset="c/1 "/>
</bind>
</comp>

<comp id="78" class="1004" name="r_fu_78">
<pin_list>
<pin id="79" dir="0" index="0" bw="1" slack="0"/>
<pin id="80" dir="1" index="1" bw="10" slack="0"/>
</pin_list>
<bind>
<opcode="alloca(26) " fcode="alloca"/>
<opset="r/1 "/>
</bind>
</comp>

<comp id="82" class="1004" name="indvar_flatten_fu_82">
<pin_list>
<pin id="83" dir="0" index="0" bw="1" slack="0"/>
<pin id="84" dir="1" index="1" bw="19" slack="0"/>
</pin_list>
<bind>
<opcode="alloca(26) " fcode="alloca"/>
<opset="indvar_flatten/1 "/>
</bind>
</comp>

<comp id="86" class="1004" name="out_r_load8_fu_86">
<pin_list>
<pin id="87" dir="0" index="0" bw="1" slack="0"/>
<pin id="88" dir="1" index="1" bw="64" slack="1"/>
</pin_list>
<bind>
<opcode="alloca(26) " fcode="alloca"/>
<opset="out_r_load8/1 "/>
</bind>
</comp>

<comp id="90" class="1004" name="out_r_read_read_fu_90">
<pin_list>
<pin id="91" dir="0" index="0" bw="64" slack="0"/>
<pin id="92" dir="0" index="1" bw="64" slack="0"/>
<pin id="93" dir="1" index="2" bw="64" slack="0"/>
</pin_list>
<bind>
<opcode="read(1150) " fcode="read"/>
<opset="out_r_read/2 "/>
</bind>
</comp>

<comp id="96" class="1004" name="empty_34_writereq_fu_96">
<pin_list>
<pin id="97" dir="0" index="0" bw="1" slack="0"/>
<pin id="98" dir="0" index="1" bw="8" slack="1"/>
<pin id="99" dir="0" index="2" bw="20" slack="0"/>
<pin id="100" dir="1" index="3" bw="1" slack="2147483647"/>
</pin_list>
<bind>
<opcode="writereq(1155) " fcode="writereq"/>
<opset="empty_34/3 "/>
</bind>
</comp>

<comp id="103" class="1004" name="write_ln33_write_fu_103">
<pin_list>
<pin id="104" dir="0" index="0" bw="0" slack="0"/>
<pin id="105" dir="0" index="1" bw="8" slack="1"/>
<pin id="106" dir="0" index="2" bw="8" slack="1"/>
<pin id="107" dir="0" index="3" bw="1" slack="0"/>
<pin id="108" dir="1" index="4" bw="0" slack="2147483647"/>
</pin_list>
<bind>
<opcode="write(1151) " fcode="write"/>
<opset="write_ln33/4 "/>
</bind>
</comp>

<comp id="111" class="1004" name="grp_writeresp_fu_111">
<pin_list>
<pin id="112" dir="0" index="0" bw="1" slack="0"/>
<pin id="113" dir="0" index="1" bw="8" slack="2"/>
<pin id="114" dir="1" index="2" bw="1" slack="2147483647"/>
</pin_list>
<bind>
<opcode="writeresp(1158) " fcode="writeresp"/>
<opset="empty/5 "/>
</bind>
</comp>

<comp id="116" class="1004" name="out_img_addr_gep_fu_116">
<pin_list>
<pin id="117" dir="0" index="0" bw="8" slack="0"/>
<pin id="118" dir="0" index="1" bw="1" slack="0"/>
<pin id="119" dir="0" index="2" bw="18" slack="0"/>
<pin id="120" dir="1" index="3" bw="18" slack="0"/>
</pin_list>
<bind>
<opcode="getelementptr(29) " fcode="getelementptr"/>
<opset="out_img_addr/2 "/>
</bind>
</comp>

<comp id="123" class="1004" name="grp_access_fu_123">
<pin_list>
<pin id="124" dir="0" index="0" bw="18" slack="0"/>
<pin id="125" dir="0" index="1" bw="8" slack="2147483647"/>
<pin id="126" dir="0" index="2" bw="0" slack="2147483647"/>
<pin id="127" dir="1" index="3" bw="8" slack="1"/>
</pin_list>
<bind>
<opcode="load(27) " fcode="load"/>
<opset="out_img_load/2 "/>
</bind>
</comp>

<comp id="129" class="1005" name="first_iter_0_reg_129">
<pin_list>
<pin id="130" dir="0" index="0" bw="1" slack="1"/>
<pin id="131" dir="1" index="1" bw="1" slack="2147483647"/>
</pin_list>
<bind>
<opset="first_iter_0 (phireg) "/>
</bind>
</comp>

<comp id="132" class="1004" name="first_iter_0_phi_fu_132">
<pin_list>
<pin id="133" dir="0" index="0" bw="1" slack="0"/>
<pin id="134" dir="0" index="1" bw="0" slack="2147483647"/>
<pin id="135" dir="0" index="2" bw="1" slack="0"/>
<pin id="136" dir="0" index="3" bw="0" slack="2147483647"/>
<pin id="137" dir="1" index="4" bw="1" slack="1"/>
</pin_list>
<bind>
<opcode="phi(47) " fcode="phi"/>
<opset="first_iter_0/1 "/>
</bind>
</comp>

<comp id="141" class="1004" name="store_ln0_store_fu_141">
<pin_list>
<pin id="142" dir="0" index="0" bw="1" slack="0"/>
<pin id="143" dir="0" index="1" bw="19" slack="0"/>
<pin id="144" dir="1" index="2" bw="0" slack="2147483647"/>
</pin_list>
<bind>
<opcode="store(28) " fcode="store"/>
<opset="store_ln0/1 "/>
</bind>
</comp>

<comp id="146" class="1004" name="store_ln30_store_fu_146">
<pin_list>
<pin id="147" dir="0" index="0" bw="1" slack="0"/>
<pin id="148" dir="0" index="1" bw="10" slack="0"/>
<pin id="149" dir="1" index="2" bw="0" slack="2147483647"/>
</pin_list>
<bind>
<opcode="store(28) " fcode="store"/>
<opset="store_ln30/1 "/>
</bind>
</comp>

<comp id="151" class="1004" name="store_ln31_store_fu_151">
<pin_list>
<pin id="152" dir="0" index="0" bw="1" slack="0"/>
<pin id="153" dir="0" index="1" bw="10" slack="0"/>
<pin id="154" dir="1" index="2" bw="0" slack="2147483647"/>
</pin_list>
<bind>
<opcode="store(28) " fcode="store"/>
<opset="store_ln31/1 "/>
</bind>
</comp>

<comp id="156" class="1004" name="indvar_flatten_load_load_fu_156">
<pin_list>
<pin id="157" dir="0" index="0" bw="19" slack="0"/>
<pin id="158" dir="1" index="1" bw="19" slack="0"/>
</pin_list>
<bind>
<opcode="load(27) " fcode="load"/>
<opset="indvar_flatten_load/1 "/>
</bind>
</comp>

<comp id="159" class="1004" name="icmp_ln30_fu_159">
<pin_list>
<pin id="160" dir="0" index="0" bw="19" slack="0"/>
<pin id="161" dir="0" index="1" bw="19" slack="0"/>
<pin id="162" dir="1" index="2" bw="1" slack="1"/>
</pin_list>
<bind>
<opcode="icmp(45) " fcode="icmp"/>
<opset="icmp_ln30/1 "/>
</bind>
</comp>

<comp id="165" class="1004" name="add_ln30_1_fu_165">
<pin_list>
<pin id="166" dir="0" index="0" bw="19" slack="0"/>
<pin id="167" dir="0" index="1" bw="1" slack="0"/>
<pin id="168" dir="1" index="2" bw="19" slack="0"/>
</pin_list>
<bind>
<opcode="add(8) " fcode="add"/>
<opset="add_ln30_1/1 "/>
</bind>
</comp>

<comp id="171" class="1004" name="c_load_load_fu_171">
<pin_list>
<pin id="172" dir="0" index="0" bw="10" slack="0"/>
<pin id="173" dir="1" index="1" bw="10" slack="0"/>
</pin_list>
<bind>
<opcode="load(27) " fcode="load"/>
<opset="c_load/1 "/>
</bind>
</comp>

<comp id="174" class="1004" name="r_load_load_fu_174">
<pin_list>
<pin id="175" dir="0" index="0" bw="10" slack="0"/>
<pin id="176" dir="1" index="1" bw="10" slack="0"/>
</pin_list>
<bind>
<opcode="load(27) " fcode="load"/>
<opset="r_load/1 "/>
</bind>
</comp>

<comp id="177" class="1004" name="add_ln30_fu_177">
<pin_list>
<pin id="178" dir="0" index="0" bw="10" slack="0"/>
<pin id="179" dir="0" index="1" bw="1" slack="0"/>
<pin id="180" dir="1" index="2" bw="10" slack="0"/>
</pin_list>
<bind>
<opcode="add(8) " fcode="add"/>
<opset="add_ln30/1 "/>
</bind>
</comp>

<comp id="183" class="1004" name="icmp_ln31_fu_183">
<pin_list>
<pin id="184" dir="0" index="0" bw="10" slack="0"/>
<pin id="185" dir="0" index="1" bw="10" slack="0"/>
<pin id="186" dir="1" index="2" bw="1" slack="0"/>
</pin_list>
<bind>
<opcode="icmp(45) " fcode="icmp"/>
<opset="icmp_ln31/1 "/>
</bind>
</comp>

<comp id="189" class="1004" name="select_ln30_fu_189">
<pin_list>
<pin id="190" dir="0" index="0" bw="1" slack="0"/>
<pin id="191" dir="0" index="1" bw="1" slack="0"/>
<pin id="192" dir="0" index="2" bw="10" slack="0"/>
<pin id="193" dir="1" index="3" bw="10" slack="0"/>
</pin_list>
<bind>
<opcode="select(49) " fcode="select"/>
<opset="select_ln30/1 "/>
</bind>
</comp>

<comp id="197" class="1004" name="select_ln30_1_fu_197">
<pin_list>
<pin id="198" dir="0" index="0" bw="1" slack="0"/>
<pin id="199" dir="0" index="1" bw="10" slack="0"/>
<pin id="200" dir="0" index="2" bw="10" slack="0"/>
<pin id="201" dir="1" index="3" bw="10" slack="0"/>
</pin_list>
<bind>
<opcode="select(49) " fcode="select"/>
<opset="select_ln30_1/1 "/>
</bind>
</comp>

<comp id="205" class="1004" name="trunc_ln33_fu_205">
<pin_list>
<pin id="206" dir="0" index="0" bw="10" slack="0"/>
<pin id="207" dir="1" index="1" bw="9" slack="0"/>
</pin_list>
<bind>
<opcode="trunc(33) " fcode="trunc"/>
<opset="trunc_ln33/1 "/>
</bind>
</comp>

<comp id="209" class="1004" name="tmp_fu_209">
<pin_list>
<pin id="210" dir="0" index="0" bw="18" slack="0"/>
<pin id="211" dir="0" index="1" bw="9" slack="0"/>
<pin id="212" dir="0" index="2" bw="1" slack="0"/>
<pin id="213" dir="1" index="3" bw="18" slack="0"/>
</pin_list>
<bind>
<opcode="bitconcatenate(1004) " fcode="bitconcatenate"/>
<opset="tmp/1 "/>
</bind>
</comp>

<comp id="217" class="1004" name="zext_ln33_fu_217">
<pin_list>
<pin id="218" dir="0" index="0" bw="10" slack="0"/>
<pin id="219" dir="1" index="1" bw="18" slack="0"/>
</pin_list>
<bind>
<opcode="zext(34) " fcode="zext"/>
<opset="zext_ln33/1 "/>
</bind>
</comp>

<comp id="221" class="1004" name="add_ln33_fu_221">
<pin_list>
<pin id="222" dir="0" index="0" bw="18" slack="0"/>
<pin id="223" dir="0" index="1" bw="10" slack="0"/>
<pin id="224" dir="1" index="2" bw="18" slack="1"/>
</pin_list>
<bind>
<opcode="add(8) " fcode="add"/>
<opset="add_ln33/1 "/>
</bind>
</comp>

<comp id="227" class="1004" name="add_ln31_fu_227">
<pin_list>
<pin id="228" dir="0" index="0" bw="10" slack="0"/>
<pin id="229" dir="0" index="1" bw="1" slack="0"/>
<pin id="230" dir="1" index="2" bw="10" slack="0"/>
</pin_list>
<bind>
<opcode="add(8) " fcode="add"/>
<opset="add_ln31/1 "/>
</bind>
</comp>

<comp id="233" class="1004" name="icmp_ln30_1_fu_233">
<pin_list>
<pin id="234" dir="0" index="0" bw="19" slack="0"/>
<pin id="235" dir="0" index="1" bw="19" slack="0"/>
<pin id="236" dir="1" index="2" bw="1" slack="4"/>
</pin_list>
<bind>
<opcode="icmp(45) " fcode="icmp"/>
<opset="icmp_ln30_1/1 "/>
</bind>
</comp>

<comp id="239" class="1004" name="store_ln30_store_fu_239">
<pin_list>
<pin id="240" dir="0" index="0" bw="19" slack="0"/>
<pin id="241" dir="0" index="1" bw="19" slack="0"/>
<pin id="242" dir="1" index="2" bw="0" slack="2147483647"/>
</pin_list>
<bind>
<opcode="store(28) " fcode="store"/>
<opset="store_ln30/1 "/>
</bind>
</comp>

<comp id="244" class="1004" name="store_ln30_store_fu_244">
<pin_list>
<pin id="245" dir="0" index="0" bw="10" slack="0"/>
<pin id="246" dir="0" index="1" bw="10" slack="0"/>
<pin id="247" dir="1" index="2" bw="0" slack="2147483647"/>
</pin_list>
<bind>
<opcode="store(28) " fcode="store"/>
<opset="store_ln30/1 "/>
</bind>
</comp>

<comp id="249" class="1004" name="store_ln31_store_fu_249">
<pin_list>
<pin id="250" dir="0" index="0" bw="10" slack="0"/>
<pin id="251" dir="0" index="1" bw="10" slack="0"/>
<pin id="252" dir="1" index="2" bw="0" slack="2147483647"/>
</pin_list>
<bind>
<opcode="store(28) " fcode="store"/>
<opset="store_ln31/1 "/>
</bind>
</comp>

<comp id="254" class="1004" name="gmem_addr_fu_254">
<pin_list>
<pin id="255" dir="0" index="0" bw="8" slack="0"/>
<pin id="256" dir="0" index="1" bw="64" slack="0"/>
<pin id="257" dir="1" index="2" bw="8" slack="1"/>
</pin_list>
<bind>
<opcode="getelementptr(29) " fcode="getelementptr"/>
<opset="gmem_addr/2 "/>
</bind>
</comp>

<comp id="260" class="1004" name="store_ln0_store_fu_260">
<pin_list>
<pin id="261" dir="0" index="0" bw="64" slack="0"/>
<pin id="262" dir="0" index="1" bw="64" slack="1"/>
<pin id="263" dir="1" index="2" bw="0" slack="2147483647"/>
</pin_list>
<bind>
<opcode="store(28) " fcode="store"/>
<opset="store_ln0/2 "/>
</bind>
</comp>

<comp id="265" class="1004" name="zext_ln33_1_fu_265">
<pin_list>
<pin id="266" dir="0" index="0" bw="18" slack="1"/>
<pin id="267" dir="1" index="1" bw="64" slack="0"/>
</pin_list>
<bind>
<opcode="zext(34) " fcode="zext"/>
<opset="zext_ln33_1/2 "/>
</bind>
</comp>

<comp id="269" class="1004" name="out_r_load_load_fu_269">
<pin_list>
<pin id="270" dir="0" index="0" bw="64" slack="2"/>
<pin id="271" dir="1" index="1" bw="64" slack="0"/>
</pin_list>
<bind>
<opcode="load(27) " fcode="load"/>
<opset="out_r_load/3 "/>
</bind>
</comp>

<comp id="272" class="1004" name="gmem_addr_1_fu_272">
<pin_list>
<pin id="273" dir="0" index="0" bw="8" slack="0"/>
<pin id="274" dir="0" index="1" bw="64" slack="0"/>
<pin id="275" dir="1" index="2" bw="8" slack="1"/>
</pin_list>
<bind>
<opcode="getelementptr(29) " fcode="getelementptr"/>
<opset="gmem_addr_1/3 "/>
</bind>
</comp>

<comp id="278" class="1005" name="c_reg_278">
<pin_list>
<pin id="279" dir="0" index="0" bw="10" slack="0"/>
<pin id="280" dir="1" index="1" bw="10" slack="0"/>
</pin_list>
<bind>
<opset="c "/>
</bind>
</comp>

<comp id="285" class="1005" name="r_reg_285">
<pin_list>
<pin id="286" dir="0" index="0" bw="10" slack="0"/>
<pin id="287" dir="1" index="1" bw="10" slack="0"/>
</pin_list>
<bind>
<opset="r "/>
</bind>
</comp>

<comp id="292" class="1005" name="indvar_flatten_reg_292">
<pin_list>
<pin id="293" dir="0" index="0" bw="19" slack="0"/>
<pin id="294" dir="1" index="1" bw="19" slack="0"/>
</pin_list>
<bind>
<opset="indvar_flatten "/>
</bind>
</comp>

<comp id="299" class="1005" name="out_r_load8_reg_299">
<pin_list>
<pin id="300" dir="0" index="0" bw="64" slack="1"/>
<pin id="301" dir="1" index="1" bw="64" slack="1"/>
</pin_list>
<bind>
<opset="out_r_load8 "/>
</bind>
</comp>

<comp id="305" class="1005" name="icmp_ln30_reg_305">
<pin_list>
<pin id="306" dir="0" index="0" bw="1" slack="1"/>
<pin id="307" dir="1" index="1" bw="1" slack="2147483647"/>
</pin_list>
<bind>
<opset="icmp_ln30 "/>
</bind>
</comp>

<comp id="309" class="1005" name="add_ln33_reg_309">
<pin_list>
<pin id="310" dir="0" index="0" bw="18" slack="1"/>
<pin id="311" dir="1" index="1" bw="18" slack="1"/>
</pin_list>
<bind>
<opset="add_ln33 "/>
</bind>
</comp>

<comp id="314" class="1005" name="icmp_ln30_1_reg_314">
<pin_list>
<pin id="315" dir="0" index="0" bw="1" slack="4"/>
<pin id="316" dir="1" index="1" bw="1" slack="2147483647"/>
</pin_list>
<bind>
<opset="icmp_ln30_1 "/>
</bind>
</comp>

<comp id="318" class="1005" name="gmem_addr_reg_318">
<pin_list>
<pin id="319" dir="0" index="0" bw="8" slack="1"/>
<pin id="320" dir="1" index="1" bw="8" slack="1"/>
</pin_list>
<bind>
<opset="gmem_addr "/>
</bind>
</comp>

<comp id="323" class="1005" name="out_img_addr_reg_323">
<pin_list>
<pin id="324" dir="0" index="0" bw="18" slack="1"/>
<pin id="325" dir="1" index="1" bw="18" slack="1"/>
</pin_list>
<bind>
<opset="out_img_addr "/>
</bind>
</comp>

<comp id="328" class="1005" name="out_img_load_reg_328">
<pin_list>
<pin id="329" dir="0" index="0" bw="8" slack="1"/>
<pin id="330" dir="1" index="1" bw="8" slack="1"/>
</pin_list>
<bind>
<opset="out_img_load "/>
</bind>
</comp>

<comp id="333" class="1005" name="gmem_addr_1_reg_333">
<pin_list>
<pin id="334" dir="0" index="0" bw="8" slack="1"/>
<pin id="335" dir="1" index="1" bw="8" slack="1"/>
</pin_list>
<bind>
<opset="gmem_addr_1 "/>
</bind>
</comp>

</comp_list>

<net_list>
<net id="77"><net_src comp="6" pin="0"/><net_sink comp="74" pin=0"/></net>

<net id="81"><net_src comp="6" pin="0"/><net_sink comp="78" pin=0"/></net>

<net id="85"><net_src comp="6" pin="0"/><net_sink comp="82" pin=0"/></net>

<net id="89"><net_src comp="6" pin="0"/><net_sink comp="86" pin=0"/></net>

<net id="94"><net_src comp="52" pin="0"/><net_sink comp="90" pin=0"/></net>

<net id="95"><net_src comp="2" pin="0"/><net_sink comp="90" pin=1"/></net>

<net id="101"><net_src comp="56" pin="0"/><net_sink comp="96" pin=0"/></net>

<net id="102"><net_src comp="58" pin="0"/><net_sink comp="96" pin=2"/></net>

<net id="109"><net_src comp="70" pin="0"/><net_sink comp="103" pin=0"/></net>

<net id="110"><net_src comp="38" pin="0"/><net_sink comp="103" pin=3"/></net>

<net id="115"><net_src comp="72" pin="0"/><net_sink comp="111" pin=0"/></net>

<net id="121"><net_src comp="4" pin="0"/><net_sink comp="116" pin=0"/></net>

<net id="122"><net_src comp="54" pin="0"/><net_sink comp="116" pin=1"/></net>

<net id="128"><net_src comp="116" pin="3"/><net_sink comp="123" pin=0"/></net>

<net id="138"><net_src comp="36" pin="0"/><net_sink comp="132" pin=0"/></net>

<net id="139"><net_src comp="38" pin="0"/><net_sink comp="132" pin=2"/></net>

<net id="140"><net_src comp="132" pin="4"/><net_sink comp="129" pin=0"/></net>

<net id="145"><net_src comp="32" pin="0"/><net_sink comp="141" pin=0"/></net>

<net id="150"><net_src comp="34" pin="0"/><net_sink comp="146" pin=0"/></net>

<net id="155"><net_src comp="34" pin="0"/><net_sink comp="151" pin=0"/></net>

<net id="163"><net_src comp="156" pin="1"/><net_sink comp="159" pin=0"/></net>

<net id="164"><net_src comp="40" pin="0"/><net_sink comp="159" pin=1"/></net>

<net id="169"><net_src comp="156" pin="1"/><net_sink comp="165" pin=0"/></net>

<net id="170"><net_src comp="42" pin="0"/><net_sink comp="165" pin=1"/></net>

<net id="181"><net_src comp="174" pin="1"/><net_sink comp="177" pin=0"/></net>

<net id="182"><net_src comp="44" pin="0"/><net_sink comp="177" pin=1"/></net>

<net id="187"><net_src comp="171" pin="1"/><net_sink comp="183" pin=0"/></net>

<net id="188"><net_src comp="46" pin="0"/><net_sink comp="183" pin=1"/></net>

<net id="194"><net_src comp="183" pin="2"/><net_sink comp="189" pin=0"/></net>

<net id="195"><net_src comp="34" pin="0"/><net_sink comp="189" pin=1"/></net>

<net id="196"><net_src comp="171" pin="1"/><net_sink comp="189" pin=2"/></net>

<net id="202"><net_src comp="183" pin="2"/><net_sink comp="197" pin=0"/></net>

<net id="203"><net_src comp="177" pin="2"/><net_sink comp="197" pin=1"/></net>

<net id="204"><net_src comp="174" pin="1"/><net_sink comp="197" pin=2"/></net>

<net id="208"><net_src comp="197" pin="3"/><net_sink comp="205" pin=0"/></net>

<net id="214"><net_src comp="48" pin="0"/><net_sink comp="209" pin=0"/></net>

<net id="215"><net_src comp="205" pin="1"/><net_sink comp="209" pin=1"/></net>

<net id="216"><net_src comp="50" pin="0"/><net_sink comp="209" pin=2"/></net>

<net id="220"><net_src comp="189" pin="3"/><net_sink comp="217" pin=0"/></net>

<net id="225"><net_src comp="209" pin="3"/><net_sink comp="221" pin=0"/></net>

<net id="226"><net_src comp="217" pin="1"/><net_sink comp="221" pin=1"/></net>

<net id="231"><net_src comp="189" pin="3"/><net_sink comp="227" pin=0"/></net>

<net id="232"><net_src comp="44" pin="0"/><net_sink comp="227" pin=1"/></net>

<net id="237"><net_src comp="165" pin="2"/><net_sink comp="233" pin=0"/></net>

<net id="238"><net_src comp="40" pin="0"/><net_sink comp="233" pin=1"/></net>

<net id="243"><net_src comp="165" pin="2"/><net_sink comp="239" pin=0"/></net>

<net id="248"><net_src comp="197" pin="3"/><net_sink comp="244" pin=0"/></net>

<net id="253"><net_src comp="227" pin="2"/><net_sink comp="249" pin=0"/></net>

<net id="258"><net_src comp="0" pin="0"/><net_sink comp="254" pin=0"/></net>

<net id="259"><net_src comp="90" pin="2"/><net_sink comp="254" pin=1"/></net>

<net id="264"><net_src comp="90" pin="2"/><net_sink comp="260" pin=0"/></net>

<net id="268"><net_src comp="265" pin="1"/><net_sink comp="116" pin=2"/></net>

<net id="276"><net_src comp="0" pin="0"/><net_sink comp="272" pin=0"/></net>

<net id="277"><net_src comp="269" pin="1"/><net_sink comp="272" pin=1"/></net>

<net id="281"><net_src comp="74" pin="1"/><net_sink comp="278" pin=0"/></net>

<net id="282"><net_src comp="278" pin="1"/><net_sink comp="151" pin=1"/></net>

<net id="283"><net_src comp="278" pin="1"/><net_sink comp="171" pin=0"/></net>

<net id="284"><net_src comp="278" pin="1"/><net_sink comp="249" pin=1"/></net>

<net id="288"><net_src comp="78" pin="1"/><net_sink comp="285" pin=0"/></net>

<net id="289"><net_src comp="285" pin="1"/><net_sink comp="146" pin=1"/></net>

<net id="290"><net_src comp="285" pin="1"/><net_sink comp="174" pin=0"/></net>

<net id="291"><net_src comp="285" pin="1"/><net_sink comp="244" pin=1"/></net>

<net id="295"><net_src comp="82" pin="1"/><net_sink comp="292" pin=0"/></net>

<net id="296"><net_src comp="292" pin="1"/><net_sink comp="141" pin=1"/></net>

<net id="297"><net_src comp="292" pin="1"/><net_sink comp="156" pin=0"/></net>

<net id="298"><net_src comp="292" pin="1"/><net_sink comp="239" pin=1"/></net>

<net id="302"><net_src comp="86" pin="1"/><net_sink comp="299" pin=0"/></net>

<net id="303"><net_src comp="299" pin="1"/><net_sink comp="260" pin=1"/></net>

<net id="304"><net_src comp="299" pin="1"/><net_sink comp="269" pin=0"/></net>

<net id="308"><net_src comp="159" pin="2"/><net_sink comp="305" pin=0"/></net>

<net id="312"><net_src comp="221" pin="2"/><net_sink comp="309" pin=0"/></net>

<net id="313"><net_src comp="309" pin="1"/><net_sink comp="265" pin=0"/></net>

<net id="317"><net_src comp="233" pin="2"/><net_sink comp="314" pin=0"/></net>

<net id="321"><net_src comp="254" pin="2"/><net_sink comp="318" pin=0"/></net>

<net id="322"><net_src comp="318" pin="1"/><net_sink comp="96" pin=1"/></net>

<net id="326"><net_src comp="116" pin="3"/><net_sink comp="323" pin=0"/></net>

<net id="327"><net_src comp="323" pin="1"/><net_sink comp="123" pin=0"/></net>

<net id="331"><net_src comp="123" pin="3"/><net_sink comp="328" pin=0"/></net>

<net id="332"><net_src comp="328" pin="1"/><net_sink comp="103" pin=2"/></net>

<net id="336"><net_src comp="272" pin="2"/><net_sink comp="333" pin=0"/></net>

<net id="337"><net_src comp="333" pin="1"/><net_sink comp="103" pin=1"/></net>

<net id="338"><net_src comp="333" pin="1"/><net_sink comp="111" pin=1"/></net>

</net_list>

</model> 
---------------- Datapath Model END ------------------

* FSMD analyzer results:
  - Output states:
	Port: gmem | {3 4 5 6 7 8 9 }
 - Input state : 
	Port: Loop_StoreLoop_proc : out_r | {2 }
	Port: Loop_StoreLoop_proc : out_img | {2 3 }
  - Chain level:
	State 1
		store_ln0 : 1
		store_ln30 : 1
		store_ln31 : 1
		first_iter_0 : 1
		indvar_flatten_load : 1
		icmp_ln30 : 2
		add_ln30_1 : 2
		br_ln30 : 3
		br_ln0 : 2
		c_load : 1
		r_load : 1
		add_ln30 : 2
		icmp_ln31 : 2
		select_ln30 : 3
		select_ln30_1 : 3
		trunc_ln33 : 4
		tmp : 5
		zext_ln33 : 4
		add_ln33 : 6
		add_ln31 : 4
		icmp_ln30_1 : 3
		br_ln31 : 4
		store_ln30 : 3
		store_ln30 : 4
		store_ln31 : 5
	State 2
		out_img_addr : 1
		out_img_load : 2
	State 3
		gmem_addr_1 : 1
	State 4
	State 5
	State 6
	State 7
	State 8
	State 9


============================================================
+ Verbose Summary: Datapath Resource usage 
============================================================

* Functional unit list:
|----------|-------------------------|---------|---------|
| Operation|     Functional Unit     |    FF   |   LUT   |
|----------|-------------------------|---------|---------|
|          |    add_ln30_1_fu_165    |    0    |    26   |
|    add   |     add_ln30_fu_177     |    0    |    17   |
|          |     add_ln33_fu_221     |    0    |    25   |
|          |     add_ln31_fu_227     |    0    |    17   |
|----------|-------------------------|---------|---------|
|          |     icmp_ln30_fu_159    |    0    |    26   |
|   icmp   |     icmp_ln31_fu_183    |    0    |    17   |
|          |    icmp_ln30_1_fu_233   |    0    |    26   |
|----------|-------------------------|---------|---------|
|  select  |    select_ln30_fu_189   |    0    |    10   |
|          |   select_ln30_1_fu_197  |    0    |    10   |
|----------|-------------------------|---------|---------|
|   read   |  out_r_read_read_fu_90  |    0    |    0    |
|----------|-------------------------|---------|---------|
| writereq | empty_34_writereq_fu_96 |    0    |    0    |
|----------|-------------------------|---------|---------|
|   write  | write_ln33_write_fu_103 |    0    |    0    |
|----------|-------------------------|---------|---------|
| writeresp|   grp_writeresp_fu_111  |    0    |    0    |
|----------|-------------------------|---------|---------|
|   trunc  |    trunc_ln33_fu_205    |    0    |    0    |
|----------|-------------------------|---------|---------|
|bitconcatenate|        tmp_fu_209       |    0    |    0    |
|----------|-------------------------|---------|---------|
|   zext   |     zext_ln33_fu_217    |    0    |    0    |
|          |    zext_ln33_1_fu_265   |    0    |    0    |
|----------|-------------------------|---------|---------|
|   Total  |                         |    0    |   174   |
|----------|-------------------------|---------|---------|

Memories:
N/A

* Register list:
+----------------------+--------+
|                      |   FF   |
+----------------------+--------+
|   add_ln33_reg_309   |   18   |
|       c_reg_278      |   10   |
| first_iter_0_reg_129 |    1   |
|  gmem_addr_1_reg_333 |    8   |
|   gmem_addr_reg_318  |    8   |
|  icmp_ln30_1_reg_314 |    1   |
|   icmp_ln30_reg_305  |    1   |
|indvar_flatten_reg_292|   19   |
| out_img_addr_reg_323 |   18   |
| out_img_load_reg_328 |    8   |
|  out_r_load8_reg_299 |   64   |
|       r_reg_285      |   10   |
+----------------------+--------+
|         Total        |   166  |
+----------------------+--------+

* Multiplexer (MUX) list: 
|-------------------|------|------|------|--------||---------||---------|
|        Comp       |  Pin | Size |  BW  | S x BW ||  Delay  ||   LUT   |
|-------------------|------|------|------|--------||---------||---------|
| grp_access_fu_123 |  p0  |   2  |  18  |   36   ||    9    |
|-------------------|------|------|------|--------||---------||---------|
|       Total       |      |      |      |   36   ||  0.387  ||    9    |
|-------------------|------|------|------|--------||---------||---------|



* Summary:
+-----------+--------+--------+--------+
|           |  Delay |   FF   |   LUT  |
+-----------+--------+--------+--------+
|  Function |    -   |    0   |   174  |
|   Memory  |    -   |    -   |    -   |
|Multiplexer|    0   |    -   |    9   |
|  Register |    -   |   166  |    -   |
+-----------+--------+--------+--------+
|   Total   |    0   |   166  |   183  |
+-----------+--------+--------+--------+
