

================================================================
== Vitis HLS Report for 'Loop_StoreLoop_proc'
================================================================
* Date:           Fri Nov 21 01:08:01 2025

* Version:        2023.2 (Build 4023990 on Oct 11 2023)
* Project:        sobel_hls
* Solution:       solution1 (Vivado IP Flow Target)
* Product family: virtexuplusHBM
* Target device:  xcu280-fsvh2892-2L-e


================================================================
== Performance Estimates
================================================================
+ Timing: 
    * Summary: 
    +--------+---------+----------+------------+
    |  Clock |  Target | Estimated| Uncertainty|
    +--------+---------+----------+------------+
    |ap_clk  |  3.33 ns|  2.527 ns|     0.90 ns|
    +--------+---------+----------+------------+

+ Latency: 
    * Summary: 
    +---------+---------+----------+----------+--------+--------+---------+
    |  Latency (cycles) |  Latency (absolute) |     Interval    | Pipeline|
    |   min   |   max   |    min   |    max   |   min  |   max  |   Type  |
    +---------+---------+----------+----------+--------+--------+---------+
    |   262153|   262153|  0.873 ms|  0.873 ms|  262153|  262153|       no|
    +---------+---------+----------+----------+--------+--------+---------+

    + Detail: 
        * Instance: 
        N/A

        * Loop: 
        +-----------------------------+---------+---------+----------+-----------+-----------+--------+----------+
        |                             |  Latency (cycles) | Iteration|  Initiation Interval  |  Trip  |          |
        |          Loop Name          |   min   |   max   |  Latency |  achieved |   target  |  Count | Pipelined|
        +-----------------------------+---------+---------+----------+-----------+-----------+--------+----------+
        |- StoreLoop_VITIS_LOOP_31_2  |   262151|   262151|         9|          1|          1|  262144|       yes|
        +-----------------------------+---------+---------+----------+-----------+-----------+--------+----------+

============================================================
+ Verbose Summary: Synthesis Manager
============================================================
InlineROM: 1
ExposeGlobal: 0
============================================================
+ Verbose Summary: CDFG Model
============================================================
IsTopModel: 0
ResetActiveHigh: 1
IsCombinational: 2
IsDatapathOnly: 0
HasWiredReturn: 1
HasMFsm: 2
HasVarLatency: 1
IsPipeline: 0
IsRtlPipelined: 0
IsInstanceOverlapped: 0
IsDontTouch: 0
HasImplIP: 0
IsGatedGlobalClock: 0

+ Individual pipeline summary: 
  * Pipeline-0: initiation interval (II) = 1, depth = 9


============================================================
+ Verbose Summary: Schedule
============================================================
* Number of FSM states : 9
* Pipeline : 1
  Pipeline-0 : II = 1, D = 9, States = { 1 2 3 4 5 6 7 8 9 }
* Dataflow Pipeline: 0

* FSM state transitions: 
1 --> 2 
2 --> 3 
3 --> 4 
4 --> 5 
5 --> 6 
6 --> 7 
7 --> 8 
8 --> 9 
9 --> 

* FSM state operations: 

State 1 <SV = 0> <Delay = 2.52>
ST_1 : Operation 12 [1/1] (0.00ns)   --->   "%c = alloca i32 1" [../src/kernel.cpp:31]   --->   Operation 12 'alloca' 'c' <Predicate = true> <Delay = 0.00>
ST_1 : Operation 13 [1/1] (0.00ns)   --->   "%r = alloca i32 1" [../src/kernel.cpp:30]   --->   Operation 13 'alloca' 'r' <Predicate = true> <Delay = 0.00>
ST_1 : Operation 14 [1/1] (0.00ns)   --->   "%indvar_flatten = alloca i32 1"   --->   Operation 14 'alloca' 'indvar_flatten' <Predicate = true> <Delay = 0.00>
ST_1 : Operation 15 [1/1] (0.00ns)   --->   "%out_r_load8 = alloca i32 1"   --->   Operation 15 'alloca' 'out_r_load8' <Predicate = true> <Delay = 0.00>
ST_1 : Operation 16 [1/1] (0.00ns)   --->   "%specinterface_ln0 = specinterface void @_ssdm_op_SpecInterface, i64 %out_r, void @ap_fifo_str, i32 0, i32 0, void @p_str, i32 0, i32 0, void @p_str, void @p_str, void @p_str, i32 2, i32 2, i32 16, i32 16, void @p_str, void @ScalarProp_str, i32 4294967295, i32 0"   --->   Operation 16 'specinterface' 'specinterface_ln0' <Predicate = true> <Delay = 0.00>
ST_1 : Operation 17 [1/1] (0.00ns)   --->   "%specinterface_ln0 = specinterface void @_ssdm_op_SpecInterface, i8 %gmem, void @empty_2, i32 0, i32 0, void @empty_1, i32 0, i32 0, void @empty_9, void @empty, void @empty_1, i32 16, i32 16, i32 16, i32 16, void @empty_1, void @empty_1, i32 4294967295, i32 0"   --->   Operation 17 'specinterface' 'specinterface_ln0' <Predicate = true> <Delay = 0.00>
ST_1 : Operation 18 [1/1] (0.38ns)   --->   "%store_ln0 = store i19 0, i19 %indvar_flatten"   --->   Operation 18 'store' 'store_ln0' <Predicate = true> <Delay = 0.38>
ST_1 : Operation 19 [1/1] (0.38ns)   --->   "%store_ln30 = store i10 0, i10 %r" [../src/kernel.cpp:30]   --->   Operation 19 'store' 'store_ln30' <Predicate = true> <Delay = 0.38>
ST_1 : Operation 20 [1/1] (0.38ns)   --->   "%store_ln31 = store i10 0, i10 %c" [../src/kernel.cpp:31]   --->   Operation 20 'store' 'store_ln31' <Predicate = true> <Delay = 0.38>
ST_1 : Operation 21 [1/1] (0.38ns)   --->   "%br_ln30 = br void %for.inc31" [../src/kernel.cpp:30]   --->   Operation 21 'br' 'br_ln30' <Predicate = true> <Delay = 0.38>
ST_1 : Operation 22 [1/1] (0.00ns)   --->   "%first_iter_0 = phi i1 0, void %new.latch.for.inc34, i1 1, void %newFuncRoot"   --->   Operation 22 'phi' 'first_iter_0' <Predicate = true> <Delay = 0.00>
ST_1 : Operation 23 [1/1] (0.00ns)   --->   "%indvar_flatten_load = load i19 %indvar_flatten" [../src/kernel.cpp:30]   --->   Operation 23 'load' 'indvar_flatten_load' <Predicate = true> <Delay = 0.00>
ST_1 : Operation 24 [1/1] (0.80ns)   --->   "%icmp_ln30 = icmp_eq  i19 %indvar_flatten_load, i19 262144" [../src/kernel.cpp:30]   --->   Operation 24 'icmp' 'icmp_ln30' <Predicate = true> <Delay = 0.80> <CoreInst = "Cmp">   --->   Core 9 'Cmp' <Latency = 0> <II = 1> <Delay = 0.80> <FuncUnit> <Opcode : 'icmp'> <InPorts = 2> <OutPorts = 1>
ST_1 : Operation 25 [1/1] (0.80ns)   --->   "%add_ln30_1 = add i19 %indvar_flatten_load, i19 1" [../src/kernel.cpp:30]   --->   Operation 25 'add' 'add_ln30_1' <Predicate = true> <Delay = 0.80> <CoreInst = "Adder">   --->   Core 1 'Adder' <Latency = 0> <II = 1> <Delay = 0.80> <FuncUnit> <Opcode : 'add' 'sub'> <InPorts = 2> <OutPorts = 1>
ST_1 : Operation 26 [1/1] (0.00ns)   --->   "%br_ln30 = br i1 %icmp_ln30, void %new.body.for.inc31, void %for.end36" [../src/kernel.cpp:30]   --->   Operation 26 'br' 'br_ln30' <Predicate = true> <Delay = 0.00>
ST_1 : Operation 27 [1/1] (0.00ns)   --->   "%br_ln0 = br i1 %first_iter_0, void %for.inc34, void %for.first.iter.for.inc31"   --->   Operation 27 'br' 'br_ln0' <Predicate = (!icmp_ln30)> <Delay = 0.00>
ST_1 : Operation 28 [1/1] (0.00ns)   --->   "%c_load = load i10 %c" [../src/kernel.cpp:31]   --->   Operation 28 'load' 'c_load' <Predicate = (!icmp_ln30)> <Delay = 0.00>
ST_1 : Operation 29 [1/1] (0.00ns)   --->   "%r_load = load i10 %r" [../src/kernel.cpp:30]   --->   Operation 29 'load' 'r_load' <Predicate = (!icmp_ln30)> <Delay = 0.00>
ST_1 : Operation 30 [1/1] (0.72ns)   --->   "%add_ln30 = add i10 %r_load, i10 1" [../src/kernel.cpp:30]   --->   Operation 30 'add' 'add_ln30' <Predicate = (!icmp_ln30)> <Delay = 0.72> <CoreInst = "Adder">   --->   Core 1 'Adder' <Latency = 0> <II = 1> <Delay = 0.72> <FuncUnit> <Opcode : 'add' 'sub'> <InPorts = 2> <OutPorts = 1>
ST_1 : Operation 31 [1/1] (0.72ns)   --->   "%icmp_ln31 = icmp_eq  i10 %c_load, i10 512" [../src/kernel.cpp:31]   --->   Operation 31 'icmp' 'icmp_ln31' <Predicate = (!icmp_ln30)> <Delay = 0.72> <CoreInst = "Cmp">   --->   Core 9 'Cmp' <Latency = 0> <II = 1> <Delay = 0.72> <FuncUnit> <Opcode : 'icmp'> <InPorts = 2> <OutPorts = 1>
ST_1 : Operation 32 [1/1] (0.30ns)   --->   "%select_ln30 = select i1 %icmp_ln31, i10 0, i10 %c_load" [../src/kernel.cpp:30]   --->   Operation 32 'select' 'select_ln30' <Predicate = (!icmp_ln30)> <Delay = 0.30> <CoreInst = "Sel">   --->   Core 73 'Sel' <Latency = 0> <II = 1> <Delay = 0.30> <FuncUnit> <Opcode : 'select'> <InPorts = 3> <OutPorts = 1>
ST_1 : Operation 33 [1/1] (0.30ns)   --->   "%select_ln30_1 = select i1 %icmp_ln31, i10 %add_ln30, i10 %r_load" [../src/kernel.cpp:30]   --->   Operation 33 'select' 'select_ln30_1' <Predicate = (!icmp_ln30)> <Delay = 0.30> <CoreInst = "Sel">   --->   Core 73 'Sel' <Latency = 0> <II = 1> <Delay = 0.30> <FuncUnit> <Opcode : 'select'> <InPorts = 3> <OutPorts = 1>
ST_1 : Operation 34 [1/1] (0.00ns)   --->   "%trunc_ln33 = trunc i10 %select_ln30_1" [../src/kernel.cpp:33]   --->   Operation 34 'trunc' 'trunc_ln33' <Predicate = (!icmp_ln30)> <Delay = 0.00>
ST_1 : Operation 35 [1/1] (0.00ns)   --->   "%tmp = bitconcatenate i18 @_ssdm_op_BitConcatenate.i18.i9.i9, i9 %trunc_ln33, i9 0" [../src/kernel.cpp:33]   --->   Operation 35 'bitconcatenate' 'tmp' <Predicate = (!icmp_ln30)> <Delay = 0.00>
ST_1 : Operation 36 [1/1] (0.00ns)   --->   "%zext_ln33 = zext i10 %select_ln30" [../src/kernel.cpp:33]   --->   Operation 36 'zext' 'zext_ln33' <Predicate = (!icmp_ln30)> <Delay = 0.00>
ST_1 : Operation 37 [1/1] (0.79ns)   --->   "%add_ln33 = add i18 %tmp, i18 %zext_ln33" [../src/kernel.cpp:33]   --->   Operation 37 'add' 'add_ln33' <Predicate = (!icmp_ln30)> <Delay = 0.79> <CoreInst = "Adder">   --->   Core 1 'Adder' <Latency = 0> <II = 1> <Delay = 0.79> <FuncUnit> <Opcode : 'add' 'sub'> <InPorts = 2> <OutPorts = 1>
ST_1 : Operation 38 [1/1] (0.72ns)   --->   "%add_ln31 = add i10 %select_ln30, i10 1" [../src/kernel.cpp:31]   --->   Operation 38 'add' 'add_ln31' <Predicate = (!icmp_ln30)> <Delay = 0.72> <CoreInst = "Adder">   --->   Core 1 'Adder' <Latency = 0> <II = 1> <Delay = 0.72> <FuncUnit> <Opcode : 'add' 'sub'> <InPorts = 2> <OutPorts = 1>
ST_1 : Operation 39 [1/1] (0.80ns)   --->   "%icmp_ln30_1 = icmp_eq  i19 %add_ln30_1, i19 262144" [../src/kernel.cpp:30]   --->   Operation 39 'icmp' 'icmp_ln30_1' <Predicate = (!icmp_ln30)> <Delay = 0.80> <CoreInst = "Cmp">   --->   Core 9 'Cmp' <Latency = 0> <II = 1> <Delay = 0.80> <FuncUnit> <Opcode : 'icmp'> <InPorts = 2> <OutPorts = 1>
ST_1 : Operation 40 [1/1] (0.00ns)   --->   "%br_ln31 = br i1 %icmp_ln30_1, void %new.latch.for.inc34, void %last.iter.for.inc34" [../src/kernel.cpp:31]   --->   Operation 40 'br' 'br_ln31' <Predicate = (!icmp_ln30)> <Delay = 0.00>
ST_1 : Operation 41 [1/1] (0.38ns)   --->   "%store_ln30 = store i19 %add_ln30_1, i19 %indvar_flatten" [../src/kernel.cpp:30]   --->   Operation 41 'store' 'store_ln30' <Predicate = (!icmp_ln30)> <Delay = 0.38>
ST_1 : Operation 42 [1/1] (0.38ns)   --->   "%store_ln30 = store i10 %select_ln30_1, i10 %r" [../src/kernel.cpp:30]   --->   Operation 42 'store' 'store_ln30' <Predicate = (!icmp_ln30)> <Delay = 0.38>
ST_1 : Operation 43 [1/1] (0.38ns)   --->   "%store_ln31 = store i10 %add_ln31, i10 %c" [../src/kernel.cpp:31]   --->   Operation 43 'store' 'store_ln31' <Predicate = (!icmp_ln30)> <Delay = 0.38>
ST_1 : Operation 44 [1/1] (0.00ns)   --->   "%br_ln31 = br void %for.inc31" [../src/kernel.cpp:31]   --->   Operation 44 'br' 'br_ln31' <Predicate = (!icmp_ln30)> <Delay = 0.00>

State 2 <SV = 1> <Delay = 1.24>
ST_2 : Operation 45 [1/1] (1.21ns)   --->   "%out_r_read = read i64 @_ssdm_op_Read.ap_fifo.i64P0A, i64 %out_r"   --->   Operation 45 'read' 'out_r_read' <Predicate = (first_iter_0)> <Delay = 1.21> <CoreInst = "FIFO_SRL">   --->   Core 81 'FIFO_SRL' <Latency = 0> <II = 1> <Delay = 1.41> <Storage> <Opcode : 'read' 'write' 'nbread' 'nbwrite'> <Ports = 0> <Width = 64> <Depth = 4> <FIFO>
ST_2 : Operation 46 [1/1] (0.00ns)   --->   "%gmem_addr = getelementptr i8 %gmem, i64 %out_r_read" [../src/kernel.cpp:30]   --->   Operation 46 'getelementptr' 'gmem_addr' <Predicate = (first_iter_0)> <Delay = 0.00>
ST_2 : Operation 47 [1/1] (0.00ns)   --->   "%store_ln0 = store i64 %out_r_read, i64 %out_r_load8"   --->   Operation 47 'store' 'store_ln0' <Predicate = (first_iter_0)> <Delay = 0.00>
ST_2 : Operation 48 [1/1] (0.00ns)   --->   "%zext_ln33_1 = zext i18 %add_ln33" [../src/kernel.cpp:33]   --->   Operation 48 'zext' 'zext_ln33_1' <Predicate = true> <Delay = 0.00>
ST_2 : Operation 49 [1/1] (0.00ns)   --->   "%out_img_addr = getelementptr i8 %out_img, i64 0, i64 %zext_ln33_1" [../src/kernel.cpp:33]   --->   Operation 49 'getelementptr' 'out_img_addr' <Predicate = true> <Delay = 0.00>
ST_2 : Operation 50 [2/2] (1.24ns)   --->   "%out_img_load = load i18 %out_img_addr" [../src/kernel.cpp:33]   --->   Operation 50 'load' 'out_img_load' <Predicate = true> <Delay = 1.24> <CoreInst = "RAM">   --->   Core 83 'RAM' <Latency = 1> <II = 1> <Delay = 1.24> <Storage> <Opcode : 'load' 'store'> <Ports = 2> <Width = 8> <Depth = 262144> <RAM>

State 3 <SV = 2> <Delay = 2.43>
ST_3 : Operation 51 [1/1] (2.43ns)   --->   "%empty_34 = writereq i1 @_ssdm_op_WriteReq.m_axi.p1i8, i8 %gmem_addr, i32 262144" [../src/kernel.cpp:30]   --->   Operation 51 'writereq' 'empty_34' <Predicate = (first_iter_0)> <Delay = 2.43> <CoreInst = "m_axi">   --->   Core 121 'm_axi' <Latency = 0> <II = 1> <Delay = 1.00> <Adapter> <Opcode : 'read' 'write' 'readreq' 'writereq' 'writeresp'>
ST_3 : Operation 52 [1/1] (0.00ns)   --->   "%br_ln0 = br void %for.inc34"   --->   Operation 52 'br' 'br_ln0' <Predicate = (first_iter_0)> <Delay = 0.00>
ST_3 : Operation 53 [1/1] (0.00ns)   --->   "%out_r_load = load i64 %out_r_load8" [../src/kernel.cpp:30]   --->   Operation 53 'load' 'out_r_load' <Predicate = true> <Delay = 0.00>
ST_3 : Operation 54 [1/2] (1.24ns)   --->   "%out_img_load = load i18 %out_img_addr" [../src/kernel.cpp:33]   --->   Operation 54 'load' 'out_img_load' <Predicate = true> <Delay = 1.24> <CoreInst = "RAM">   --->   Core 83 'RAM' <Latency = 1> <II = 1> <Delay = 1.24> <Storage> <Opcode : 'load' 'store'> <Ports = 2> <Width = 8> <Depth = 262144> <RAM>
ST_3 : Operation 55 [1/1] (0.00ns)   --->   "%gmem_addr_1 = getelementptr i8 %gmem, i64 %out_r_load" [../src/kernel.cpp:30]   --->   Operation 55 'getelementptr' 'gmem_addr_1' <Predicate = true> <Delay = 0.00>

State 4 <SV = 3> <Delay = 2.43>
ST_4 : Operation 56 [1/1] (0.00ns)   --->   "%specloopname_ln0 = specloopname void @_ssdm_op_SpecLoopName, void @StoreLoop_VITIS_LOOP_31_2_str"   --->   Operation 56 'specloopname' 'specloopname_ln0' <Predicate = true> <Delay = 0.00>
ST_4 : Operation 57 [1/1] (0.00ns)   --->   "%speclooptripcount_ln0 = speclooptripcount void @_ssdm_op_SpecLoopTripCount, i64 262144, i64 262144, i64 262144"   --->   Operation 57 'speclooptripcount' 'speclooptripcount_ln0' <Predicate = true> <Delay = 0.00>
ST_4 : Operation 58 [1/1] (0.00ns)   --->   "%specpipeline_ln32 = specpipeline void @_ssdm_op_SpecPipeline, i32 1, i32 0, i32 0, i32 0, void @empty_1" [../src/kernel.cpp:32]   --->   Operation 58 'specpipeline' 'specpipeline_ln32' <Predicate = true> <Delay = 0.00>
ST_4 : Operation 59 [1/1] (2.43ns)   --->   "%write_ln33 = write void @_ssdm_op_Write.m_axi.p1i8, i8 %gmem_addr_1, i8 %out_img_load, i1 1" [../src/kernel.cpp:33]   --->   Operation 59 'write' 'write_ln33' <Predicate = true> <Delay = 2.43> <CoreInst = "m_axi">   --->   Core 121 'm_axi' <Latency = 0> <II = 1> <Delay = 1.00> <Adapter> <Opcode : 'read' 'write' 'readreq' 'writereq' 'writeresp'>

State 5 <SV = 4> <Delay = 2.43>
ST_5 : Operation 60 [5/5] (2.43ns)   --->   "%empty = writeresp i1 @_ssdm_op_WriteResp.m_axi.p1i8, i8 %gmem_addr_1" [../src/kernel.cpp:36]   --->   Operation 60 'writeresp' 'empty' <Predicate = (icmp_ln30_1)> <Delay = 2.43> <CoreInst = "m_axi">   --->   Core 121 'm_axi' <Latency = 0> <II = 1> <Delay = 1.00> <Adapter> <Opcode : 'read' 'write' 'readreq' 'writereq' 'writeresp'>

State 6 <SV = 5> <Delay = 2.43>
ST_6 : Operation 61 [4/5] (2.43ns)   --->   "%empty = writeresp i1 @_ssdm_op_WriteResp.m_axi.p1i8, i8 %gmem_addr_1" [../src/kernel.cpp:36]   --->   Operation 61 'writeresp' 'empty' <Predicate = (icmp_ln30_1)> <Delay = 2.43> <CoreInst = "m_axi">   --->   Core 121 'm_axi' <Latency = 0> <II = 1> <Delay = 1.00> <Adapter> <Opcode : 'read' 'write' 'readreq' 'writereq' 'writeresp'>

State 7 <SV = 6> <Delay = 2.43>
ST_7 : Operation 62 [3/5] (2.43ns)   --->   "%empty = writeresp i1 @_ssdm_op_WriteResp.m_axi.p1i8, i8 %gmem_addr_1" [../src/kernel.cpp:36]   --->   Operation 62 'writeresp' 'empty' <Predicate = (icmp_ln30_1)> <Delay = 2.43> <CoreInst = "m_axi">   --->   Core 121 'm_axi' <Latency = 0> <II = 1> <Delay = 1.00> <Adapter> <Opcode : 'read' 'write' 'readreq' 'writereq' 'writeresp'>

State 8 <SV = 7> <Delay = 2.43>
ST_8 : Operation 63 [2/5] (2.43ns)   --->   "%empty = writeresp i1 @_ssdm_op_WriteResp.m_axi.p1i8, i8 %gmem_addr_1" [../src/kernel.cpp:36]   --->   Operation 63 'writeresp' 'empty' <Predicate = (icmp_ln30_1)> <Delay = 2.43> <CoreInst = "m_axi">   --->   Core 121 'm_axi' <Latency = 0> <II = 1> <Delay = 1.00> <Adapter> <Opcode : 'read' 'write' 'readreq' 'writereq' 'writeresp'>
ST_8 : Operation 66 [1/1] (0.00ns)   --->   "%ret_ln0 = ret"   --->   Operation 66 'ret' 'ret_ln0' <Predicate = (icmp_ln30)> <Delay = 0.00>

State 9 <SV = 8> <Delay = 2.43>
ST_9 : Operation 64 [1/5] (2.43ns)   --->   "%empty = writeresp i1 @_ssdm_op_WriteResp.m_axi.p1i8, i8 %gmem_addr_1" [../src/kernel.cpp:36]   --->   Operation 64 'writeresp' 'empty' <Predicate = (icmp_ln30_1)> <Delay = 2.43> <CoreInst = "m_axi">   --->   Core 121 'm_axi' <Latency = 0> <II = 1> <Delay = 1.00> <Adapter> <Opcode : 'read' 'write' 'readreq' 'writereq' 'writeresp'>
ST_9 : Operation 65 [1/1] (0.00ns)   --->   "%br_ln31 = br void %new.latch.for.inc34" [../src/kernel.cpp:31]   --->   Operation 65 'br' 'br_ln31' <Predicate = (icmp_ln30_1)> <Delay = 0.00>


============================================================
+ Verbose Summary: Timing violations
============================================================
Target clock period: 3.330ns, clock uncertainty: 0.899ns.

 <State 1>: 2.527ns
The critical path consists of the following:
	'store' operation 0 bit ('store_ln31', ../src/kernel.cpp:31) of constant 0 on local variable 'c', ../src/kernel.cpp:31 [12]  (0.387 ns)
	'load' operation 10 bit ('c_load', ../src/kernel.cpp:31) on local variable 'c', ../src/kernel.cpp:31 [29]  (0.000 ns)
	'icmp' operation 1 bit ('icmp_ln31', ../src/kernel.cpp:31) [35]  (0.725 ns)
	'select' operation 10 bit ('select_ln30', ../src/kernel.cpp:30) [36]  (0.303 ns)
	'add' operation 10 bit ('add_ln31', ../src/kernel.cpp:31) [48]  (0.725 ns)
	'store' operation 0 bit ('store_ln31', ../src/kernel.cpp:31) of variable 'add_ln31', ../src/kernel.cpp:31 on local variable 'c', ../src/kernel.cpp:31 [57]  (0.387 ns)

 <State 2>: 1.248ns
The critical path consists of the following:
	'getelementptr' operation 18 bit ('out_img_addr', ../src/kernel.cpp:33) [43]  (0.000 ns)
	'load' operation 8 bit ('out_img_load', ../src/kernel.cpp:33) on array 'out_img' [45]  (1.248 ns)

 <State 3>: 2.431ns
The critical path consists of the following:
	bus request operation ('empty_34', ../src/kernel.cpp:30) on port 'gmem' (../src/kernel.cpp:30) [25]  (2.431 ns)

 <State 4>: 2.431ns
The critical path consists of the following:
	bus write operation ('write_ln33', ../src/kernel.cpp:33) on port 'gmem' (../src/kernel.cpp:33) [47]  (2.431 ns)

 <State 5>: 2.431ns
The critical path consists of the following:
	bus response operation ('empty', ../src/kernel.cpp:36) on port 'gmem' (../src/kernel.cpp:36) [52]  (2.431 ns)

 <State 6>: 2.431ns
The critical path consists of the following:
	bus response operation ('empty', ../src/kernel.cpp:36) on port 'gmem' (../src/kernel.cpp:36) [52]  (2.431 ns)

 <State 7>: 2.431ns
The critical path consists of the following:
	bus response operation ('empty', ../src/kernel.cpp:36) on port 'gmem' (../src/kernel.cpp:36) [52]  (2.431 ns)

 <State 8>: 2.431ns
The critical path consists of the following:
	bus response operation ('empty', ../src/kernel.cpp:36) on port 'gmem' (../src/kernel.cpp:36) [52]  (2.431 ns)

 <State 9>: 2.431ns
The critical path consists of the following:
	bus response operation ('empty', ../src/kernel.cpp:36) on port 'gmem' (../src/kernel.cpp:36) [52]  (2.431 ns)


============================================================
+ Verbose Summary: Binding
============================================================
N/A
* FSMD analyzer results:
  - Output states:
 - Input state : 
  - Chain level:
	State 1
	State 2
	State 3
	State 4
	State 5
	State 6
	State 7
	State 8
	State 9


============================================================
+ Verbose Summary: Datapath Resource usage 
============================================================
N/A
