

================================================================
== Vitis HLS Report for 'sobel_accel'
================================================================
* Date:           Fri Nov 21 01:08:01 2025

* Version:        2023.2 (Build 4023990 on Oct 11 2023)
* Project:        sobel_hls
* Solution:       solution1 (Vivado IP Flow Target)
* Product family: virtexuplusHBM
* Target device:  xcu280-fsvh2892-2L-e


================================================================
== Performance Estimates
================================================================
+ Timing: 
    * Summary: 
    +--------+---------+----------+------------+
    |  Clock |  Target | Estimated| Uncertainty|
    +--------+---------+----------+------------+
    |ap_clk  |  3.33 ns|  2.639 ns|     0.90 ns|
    +--------+---------+----------+------------+

+ Latency: 
    * Summary: 
    +---------+---------+----------+----------+--------+--------+----------+
    |  Latency (cycles) |  Latency (absolute) |     Interval    | Pipeline |
    |   min   |   max   |    min   |    max   |   min  |   max  |   Type   |
    +---------+---------+----------+----------+--------+--------+----------+
    |   786460|   786460|  2.619 ms|  2.619 ms|  262156|  262156|  dataflow|
    +---------+---------+----------+----------+--------+--------+----------+

    + Detail: 
        * Instance: 
        +--------------------------------+---------------------+---------+---------+----------+----------+--------+--------+---------+
        |                                |                     |  Latency (cycles) |  Latency (absolute) |     Interval    | Pipeline|
        |            Instance            |        Module       |   min   |   max   |    min   |    max   |   min  |   max  |   Type  |
        +--------------------------------+---------------------+---------+---------+----------+----------+--------+--------+---------+
        |call_ln14_entry_proc_fu_92      |entry_proc           |        0|        0|      0 ns|      0 ns|       0|       0|       no|
        |grp_Loop_LoadLoop_proc_fu_99    |Loop_LoadLoop_proc   |   262155|   262155|  0.873 ms|  0.873 ms|  262155|  262155|       no|
        |grp_sobel_filter_fu_109         |sobel_filter         |   262150|   262150|  0.873 ms|  0.873 ms|  262150|  262150|       no|
        |grp_Loop_StoreLoop_proc_fu_115  |Loop_StoreLoop_proc  |   262153|   262153|  0.873 ms|  0.873 ms|  262153|  262153|       no|
        +--------------------------------+---------------------+---------+---------+----------+----------+--------+--------+---------+

        * Loop: 
        N/A

============================================================
+ Verbose Summary: Synthesis Manager
============================================================
InlineROM: 1
ExposeGlobal: 0
============================================================
+ Verbose Summary: CDFG Model
============================================================
IsTopModel: 1
ResetActiveHigh: 1
IsCombinational: 2
IsDatapathOnly: 0
HasWiredReturn: 1
HasMFsm: 0
HasVarLatency: 1
IsPipeline: 0
IsRtlPipelined: 0
IsInstanceOverlapped: 0
IsDontTouch: 0
HasImplIP: 0
IsGatedGlobalClock: 0


============================================================
+ Verbose Summary: Schedule
============================================================
* Number of FSM states : 6
* Pipeline : 0
* Dataflow Pipeline: 1
  DF-Pipeline-0: Size = 6, States = { 1 2 3 4 5 6 }

* FSM state transitions: 
1 --> 2 
2 --> 3 
3 --> 4 
4 --> 5 
5 --> 6 
6 --> 

* FSM state operations: 

State 1 <SV = 0> <Delay = 2.21>
ST_1 : Operation 7 [1/1] (1.00ns)   --->   "%out_r_read = read i64 @_ssdm_op_Read.s_axilite.i64, i64 %out_r" [../src/kernel.cpp:14]   --->   Operation 7 'read' 'out_r_read' <Predicate = true> <Delay = 1.00> <CoreInst = "s_axilite">   --->   Core 122 's_axilite' <Latency = 0> <II = 1> <Delay = 1.00> <Adapter> <Opcode : 'read' 'write'>
ST_1 : Operation 8 [1/1] (1.00ns)   --->   "%in_r_read = read i64 @_ssdm_op_Read.s_axilite.i64, i64 %in_r" [../src/kernel.cpp:14]   --->   Operation 8 'read' 'in_r_read' <Predicate = true> <Delay = 1.00> <CoreInst = "s_axilite">   --->   Core 122 's_axilite' <Latency = 0> <II = 1> <Delay = 1.00> <Adapter> <Opcode : 'read' 'write'>
ST_1 : Operation 9 [1/1] (0.00ns)   --->   "%out_r_c = alloca i64 1" [../src/kernel.cpp:14]   --->   Operation 9 'alloca' 'out_r_c' <Predicate = true> <Delay = 0.00> <CoreInst = "FIFO_SRL">   --->   Core 81 'FIFO_SRL' <Latency = 0> <II = 1> <Delay = 1.41> <Storage> <Opcode : 'read' 'write' 'nbread' 'nbwrite'> <Ports = 0> <Width = 64> <Depth = 4> <FIFO>
ST_1 : Operation 10 [1/1] (1.24ns)   --->   "%in_img = alloca i64 1"   --->   Operation 10 'alloca' 'in_img' <Predicate = true> <Delay = 1.24>
ST_1 : Operation 11 [1/1] (1.24ns)   --->   "%out_img = alloca i64 1" [../src/kernel.cpp:12]   --->   Operation 11 'alloca' 'out_img' <Predicate = true> <Delay = 1.24>
ST_1 : Operation 12 [1/1] (1.21ns)   --->   "%call_ln14 = call void @entry_proc, i64 %out_r_read, i64 %out_r_c" [../src/kernel.cpp:14]   --->   Operation 12 'call' 'call_ln14' <Predicate = true> <Delay = 1.21> <CoreType = "Generic">   --->   Core 0 '' <Latency = 0> <II = 1> <Delay = 1.00> <Generic> <Opcode : >
ST_1 : Operation 13 [2/2] (0.00ns)   --->   "%call_ln14 = call void @Loop_LoadLoop_proc, i8 %gmem, i64 %in_r_read, i8 %in_img" [../src/kernel.cpp:14]   --->   Operation 13 'call' 'call_ln14' <Predicate = true> <Delay = 0.00> <CoreType = "Generic">   --->   Core 0 '' <Latency = 0> <II = 1> <Delay = 1.00> <Generic> <Opcode : >

State 2 <SV = 1> <Delay = 0.00>
ST_2 : Operation 14 [1/2] (0.00ns)   --->   "%call_ln14 = call void @Loop_LoadLoop_proc, i8 %gmem, i64 %in_r_read, i8 %in_img" [../src/kernel.cpp:14]   --->   Operation 14 'call' 'call_ln14' <Predicate = true> <Delay = 0.00> <CoreType = "Generic">   --->   Core 0 '' <Latency = 0> <II = 1> <Delay = 1.00> <Generic> <Opcode : >

State 3 <SV = 2> <Delay = 0.00>
ST_3 : Operation 15 [2/2] (0.00ns)   --->   "%call_ln26 = call void @sobel_filter, i8 %in_img, i8 %out_img" [../src/kernel.cpp:26]   --->   Operation 15 'call' 'call_ln26' <Predicate = true> <Delay = 0.00> <CoreType = "Generic">   --->   Core 0 '' <Latency = 0> <II = 1> <Delay = 1.00> <Generic> <Opcode : >

State 4 <SV = 3> <Delay = 0.00>
ST_4 : Operation 16 [1/2] (0.00ns)   --->   "%call_ln26 = call void @sobel_filter, i8 %in_img, i8 %out_img" [../src/kernel.cpp:26]   --->   Operation 16 'call' 'call_ln26' <Predicate = true> <Delay = 0.00> <CoreType = "Generic">   --->   Core 0 '' <Latency = 0> <II = 1> <Delay = 1.00> <Generic> <Opcode : >

State 5 <SV = 4> <Delay = 0.00>
ST_5 : Operation 17 [2/2] (0.00ns)   --->   "%call_ln14 = call void @Loop_StoreLoop_proc, i8 %gmem, i64 %out_r_c, i8 %out_img" [../src/kernel.cpp:14]   --->   Operation 17 'call' 'call_ln14' <Predicate = true> <Delay = 0.00> <CoreType = "Generic">   --->   Core 0 '' <Latency = 0> <II = 1> <Delay = 1.00> <Generic> <Opcode : >

State 6 <SV = 5> <Delay = 0.00>
ST_6 : Operation 18 [1/1] (0.00ns)   --->   "%empty = specchannel i32 @_ssdm_op_SpecChannel, void @out_r_c_str, i32 1, void @p_str, void @p_str, i32 4, i32 0, i64 %out_r_c, i64 %out_r_c" [../src/kernel.cpp:14]   --->   Operation 18 'specchannel' 'empty' <Predicate = true> <Delay = 0.00>
ST_6 : Operation 19 [1/1] (0.00ns)   --->   "%specinterface_ln14 = specinterface void @_ssdm_op_SpecInterface, i64 %out_r_c, void @ap_fifo_str, i32 0, i32 0, void @p_str, i32 0, i32 0, void @p_str, void @p_str, void @p_str, i32 2, i32 2, i32 16, i32 16, void @p_str, void @p_str, i32 4294967295, i32 0" [../src/kernel.cpp:14]   --->   Operation 19 'specinterface' 'specinterface_ln14' <Predicate = true> <Delay = 0.00>
ST_6 : Operation 20 [1/1] (0.00ns)   --->   "%specdataflowpipeline_ln14 = specdataflowpipeline void @_ssdm_op_SpecDataflowPipeline, i32 4294967295, i32 0, void @empty_1" [../src/kernel.cpp:14]   --->   Operation 20 'specdataflowpipeline' 'specdataflowpipeline_ln14' <Predicate = true> <Delay = 0.00>
ST_6 : Operation 21 [1/1] (0.00ns)   --->   "%spectopmodule_ln4 = spectopmodule void @_ssdm_op_SpecTopModule, void @empty_0" [../src/kernel.cpp:4]   --->   Operation 21 'spectopmodule' 'spectopmodule_ln4' <Predicate = true> <Delay = 0.00>
ST_6 : Operation 22 [1/1] (0.00ns)   --->   "%specinterface_ln0 = specinterface void @_ssdm_op_SpecInterface, i8 %gmem, void @empty_2, i32 0, i32 0, void @empty_1, i32 0, i32 0, void @empty_9, void @empty, void @empty_1, i32 16, i32 16, i32 16, i32 16, void @empty_1, void @empty_1, i32 4294967295, i32 0"   --->   Operation 22 'specinterface' 'specinterface_ln0' <Predicate = true> <Delay = 0.00>
ST_6 : Operation 23 [1/1] (0.00ns)   --->   "%specbitsmap_ln0 = specbitsmap void @_ssdm_op_SpecBitsMap, i8 %gmem"   --->   Operation 23 'specbitsmap' 'specbitsmap_ln0' <Predicate = true> <Delay = 0.00>
ST_6 : Operation 24 [1/1] (0.00ns)   --->   "%specinterface_ln0 = specinterface void @_ssdm_op_SpecInterface, i64 %in_r, void @empty_6, i32 0, i32 0, void @empty_1, i32 0, i32 0, void @empty_8, void @empty_4, void @empty_1, i32 0, i32 0, i32 0, i32 0, void @empty_1, void @empty_5, i32 4294967295, i32 0"   --->   Operation 24 'specinterface' 'specinterface_ln0' <Predicate = true> <Delay = 0.00>
ST_6 : Operation 25 [1/1] (0.00ns)   --->   "%specinterface_ln0 = specinterface void @_ssdm_op_SpecInterface, i64 %in_r, void @empty_3, i32 0, i32 0, void @empty_1, i32 0, i32 0, void @empty_1, void @empty_1, void @empty_1, i32 0, i32 0, i32 0, i32 0, void @empty_1, void @empty_5, i32 4294967295, i32 0"   --->   Operation 25 'specinterface' 'specinterface_ln0' <Predicate = true> <Delay = 0.00>
ST_6 : Operation 26 [1/1] (0.00ns)   --->   "%specinterface_ln0 = specinterface void @_ssdm_op_SpecInterface, i64 %out_r, void @empty_6, i32 0, i32 0, void @empty_1, i32 0, i32 0, void @empty_8, void @empty_7, void @empty_1, i32 0, i32 0, i32 0, i32 0, void @empty_1, void @empty_5, i32 4294967295, i32 0"   --->   Operation 26 'specinterface' 'specinterface_ln0' <Predicate = true> <Delay = 0.00>
ST_6 : Operation 27 [1/1] (0.00ns)   --->   "%specinterface_ln0 = specinterface void @_ssdm_op_SpecInterface, i64 %out_r, void @empty_3, i32 0, i32 0, void @empty_1, i32 0, i32 0, void @empty_1, void @empty_1, void @empty_1, i32 0, i32 0, i32 0, i32 0, void @empty_1, void @empty_5, i32 4294967295, i32 0"   --->   Operation 27 'specinterface' 'specinterface_ln0' <Predicate = true> <Delay = 0.00>
ST_6 : Operation 28 [1/1] (0.00ns)   --->   "%specinterface_ln0 = specinterface void @_ssdm_op_SpecInterface, i32 0, void @empty_6, i32 0, i32 0, void @empty_1, i32 0, i32 0, void @empty_8, void @empty_1, void @empty_1, i32 0, i32 0, i32 0, i32 0, void @empty_1, void @empty_1, i32 4294967295, i32 0"   --->   Operation 28 'specinterface' 'specinterface_ln0' <Predicate = true> <Delay = 0.00>
ST_6 : Operation 29 [1/2] (0.00ns)   --->   "%call_ln14 = call void @Loop_StoreLoop_proc, i8 %gmem, i64 %out_r_c, i8 %out_img" [../src/kernel.cpp:14]   --->   Operation 29 'call' 'call_ln14' <Predicate = true> <Delay = 0.00> <CoreType = "Generic">   --->   Core 0 '' <Latency = 0> <II = 1> <Delay = 1.00> <Generic> <Opcode : >
ST_6 : Operation 30 [1/1] (0.00ns)   --->   "%ret_ln36 = ret" [../src/kernel.cpp:36]   --->   Operation 30 'ret' 'ret_ln36' <Predicate = true> <Delay = 0.00>


============================================================
+ Verbose Summary: Binding
============================================================
STG Binding: 
---------------- STG Properties BEGIN ----------------
- Is combinational: 0
- Is one-state seq: 0
- Is datapath-only: 0
- Is pipelined: 0
- Is top level: 1
Port [ Return ] is wired: 1; IO mode=ap_ctrl_hs:ce=0
Port [ gmem]:  wired=1; compound=1; hidden=0; nouse=0; global=0; static=0; extern=0; dir=2; type=4; pingpong=0; private_global=0; IO mode=m_axi:ce=0
Port [ in_r]:  wired=1; compound=0; hidden=0; nouse=0; global=0; static=0; extern=0; dir=0; type=0; pingpong=0; private_global=0; IO mode=ap_none:ce=0
Port [ out_r]:  wired=1; compound=0; hidden=0; nouse=0; global=0; static=0; extern=0; dir=0; type=0; pingpong=0; private_global=0; IO mode=ap_none:ce=0
---------------- STG Properties END ------------------

---------------- Datapath Model BEGIN ----------------

<LifeTime>
<method=bitvector/>
out_r_read                (read                ) [ 0000000]
in_r_read                 (read                ) [ 0010000]
out_r_c                   (alloca              ) [ 0111111]
in_img                    (alloca              ) [ 0011100]
out_img                   (alloca              ) [ 0011111]
call_ln14                 (call                ) [ 0000000]
call_ln14                 (call                ) [ 0000000]
call_ln26                 (call                ) [ 0000000]
empty                     (specchannel         ) [ 0000000]
specinterface_ln14        (specinterface       ) [ 0000000]
specdataflowpipeline_ln14 (specdataflowpipeline) [ 0000000]
spectopmodule_ln4         (spectopmodule       ) [ 0000000]
specinterface_ln0         (specinterface       ) [ 0000000]
specbitsmap_ln0           (specbitsmap         ) [ 0000000]
specinterface_ln0         (specinterface       ) [ 0000000]
specinterface_ln0         (specinterface       ) [ 0000000]
specinterface_ln0         (specinterface       ) [ 0000000]
specinterface_ln0         (specinterface       ) [ 0000000]
specinterface_ln0         (specinterface       ) [ 0000000]
call_ln14                 (call                ) [ 0000000]
ret_ln36                  (ret                 ) [ 0000000]
</LifeTime>

<model>

<comp_list>
<comp id="0" class="1000" name="gmem">
<pin_list>
<pin id="1" dir="1" index="0" bw="1" slack="0"/>
</pin_list>
<bind>
<StgValue><ssdm name="gmem"/></StgValue>
</bind>
</comp>

<comp id="2" class="1000" name="in_r">
<pin_list>
<pin id="3" dir="1" index="0" bw="1" slack="0"/>
</pin_list>
<bind>
<StgValue><ssdm name="in_r"/></StgValue>
</bind>
</comp>

<comp id="4" class="1000" name="out_r">
<pin_list>
<pin id="5" dir="1" index="0" bw="1" slack="0"/>
</pin_list>
<bind>
<StgValue><ssdm name="out_r"/></StgValue>
</bind>
</comp>

<comp id="6" class="1001" name="const_6">
<pin_list>
<pin id="7" dir="1" index="0" bw="1" slack="0"/>
</pin_list>
<bind>
<StgValue><ssdm name="_ssdm_op_Read.s_axilite.i64"/></StgValue>
</bind>
</comp>

<comp id="8" class="1001" name="const_8">
<pin_list>
<pin id="9" dir="1" index="0" bw="1" slack="0"/>
</pin_list>
<bind>
<StgValue><ssdm name=""/></StgValue>
</bind>
</comp>

<comp id="10" class="1001" name="const_10">
<pin_list>
<pin id="11" dir="1" index="0" bw="1" slack="0"/>
</pin_list>
<bind>
<StgValue><ssdm name="entry_proc"/></StgValue>
</bind>
</comp>

<comp id="12" class="1001" name="const_12">
<pin_list>
<pin id="13" dir="1" index="0" bw="1" slack="0"/>
</pin_list>
<bind>
<StgValue><ssdm name="Loop_LoadLoop_proc"/></StgValue>
</bind>
</comp>

<comp id="14" class="1001" name="const_14">
<pin_list>
<pin id="15" dir="1" index="0" bw="1" slack="0"/>
</pin_list>
<bind>
<StgValue><ssdm name="sobel_filter"/></StgValue>
</bind>
</comp>

<comp id="16" class="1001" name="const_16">
<pin_list>
<pin id="17" dir="1" index="0" bw="1" slack="0"/>
</pin_list>
<bind>
<StgValue><ssdm name="Loop_StoreLoop_proc"/></StgValue>
</bind>
</comp>

<comp id="18" class="1001" name="const_18">
<pin_list>
<pin id="19" dir="1" index="0" bw="1" slack="2147483647"/>
</pin_list>
<bind>
<StgValue><ssdm name="_ssdm_op_SpecChannel"/></StgValue>
</bind>
</comp>

<comp id="20" class="1001" name="const_20">
<pin_list>
<pin id="21" dir="1" index="0" bw="1" slack="2147483647"/>
</pin_list>
<bind>
<StgValue><ssdm name="out_r_c_str"/></StgValue>
</bind>
</comp>

<comp id="22" class="1001" name="const_22">
<pin_list>
<pin id="23" dir="1" index="0" bw="1" slack="2147483647"/>
</pin_list>
<bind>
<StgValue><ssdm name=""/></StgValue>
</bind>
</comp>

<comp id="24" class="1001" name="const_24">
<pin_list>
<pin id="25" dir="1" index="0" bw="1" slack="2147483647"/>
</pin_list>
<bind>
<StgValue><ssdm name="p_str"/></StgValue>
</bind>
</comp>

<comp id="26" class="1001" name="const_26">
<pin_list>
<pin id="27" dir="1" index="0" bw="1" slack="2147483647"/>
</pin_list>
<bind>
<StgValue><ssdm name=""/></StgValue>
</bind>
</comp>

<comp id="28" class="1001" name="const_28">
<pin_list>
<pin id="29" dir="1" index="0" bw="1" slack="2147483647"/>
</pin_list>
<bind>
<StgValue><ssdm name=""/></StgValue>
</bind>
</comp>

<comp id="30" class="1001" name="const_30">
<pin_list>
<pin id="31" dir="1" index="0" bw="1" slack="2147483647"/>
</pin_list>
<bind>
<StgValue><ssdm name="_ssdm_op_SpecInterface"/></StgValue>
</bind>
</comp>

<comp id="32" class="1001" name="const_32">
<pin_list>
<pin id="33" dir="1" index="0" bw="1" slack="2147483647"/>
</pin_list>
<bind>
<StgValue><ssdm name="ap_fifo_str"/></StgValue>
</bind>
</comp>

<comp id="34" class="1001" name="const_34">
<pin_list>
<pin id="35" dir="1" index="0" bw="1" slack="2147483647"/>
</pin_list>
<bind>
<StgValue><ssdm name=""/></StgValue>
</bind>
</comp>

<comp id="36" class="1001" name="const_36">
<pin_list>
<pin id="37" dir="1" index="0" bw="1" slack="2147483647"/>
</pin_list>
<bind>
<StgValue><ssdm name=""/></StgValue>
</bind>
</comp>

<comp id="38" class="1001" name="const_38">
<pin_list>
<pin id="39" dir="1" index="0" bw="1" slack="2147483647"/>
</pin_list>
<bind>
<StgValue><ssdm name=""/></StgValue>
</bind>
</comp>

<comp id="40" class="1001" name="const_40">
<pin_list>
<pin id="41" dir="1" index="0" bw="1" slack="2147483647"/>
</pin_list>
<bind>
<StgValue><ssdm name="_ssdm_op_SpecDataflowPipeline"/></StgValue>
</bind>
</comp>

<comp id="42" class="1001" name="const_42">
<pin_list>
<pin id="43" dir="1" index="0" bw="1" slack="2147483647"/>
</pin_list>
<bind>
<StgValue><ssdm name="empty_1"/></StgValue>
</bind>
</comp>

<comp id="44" class="1001" name="const_44">
<pin_list>
<pin id="45" dir="1" index="0" bw="1" slack="2147483647"/>
</pin_list>
<bind>
<StgValue><ssdm name="_ssdm_op_SpecTopModule"/></StgValue>
</bind>
</comp>

<comp id="46" class="1001" name="const_46">
<pin_list>
<pin id="47" dir="1" index="0" bw="1" slack="2147483647"/>
</pin_list>
<bind>
<StgValue><ssdm name="empty_0"/></StgValue>
</bind>
</comp>

<comp id="48" class="1001" name="const_48">
<pin_list>
<pin id="49" dir="1" index="0" bw="1" slack="2147483647"/>
</pin_list>
<bind>
<StgValue><ssdm name="empty_2"/></StgValue>
</bind>
</comp>

<comp id="50" class="1001" name="const_50">
<pin_list>
<pin id="51" dir="1" index="0" bw="1" slack="2147483647"/>
</pin_list>
<bind>
<StgValue><ssdm name="empty_9"/></StgValue>
</bind>
</comp>

<comp id="52" class="1001" name="const_52">
<pin_list>
<pin id="53" dir="1" index="0" bw="1" slack="2147483647"/>
</pin_list>
<bind>
<StgValue><ssdm name="empty"/></StgValue>
</bind>
</comp>

<comp id="54" class="1001" name="const_54">
<pin_list>
<pin id="55" dir="1" index="0" bw="1" slack="2147483647"/>
</pin_list>
<bind>
<StgValue><ssdm name="_ssdm_op_SpecBitsMap"/></StgValue>
</bind>
</comp>

<comp id="56" class="1001" name="const_56">
<pin_list>
<pin id="57" dir="1" index="0" bw="1" slack="2147483647"/>
</pin_list>
<bind>
<StgValue><ssdm name="empty_6"/></StgValue>
</bind>
</comp>

<comp id="58" class="1001" name="const_58">
<pin_list>
<pin id="59" dir="1" index="0" bw="1" slack="2147483647"/>
</pin_list>
<bind>
<StgValue><ssdm name="empty_8"/></StgValue>
</bind>
</comp>

<comp id="60" class="1001" name="const_60">
<pin_list>
<pin id="61" dir="1" index="0" bw="1" slack="2147483647"/>
</pin_list>
<bind>
<StgValue><ssdm name="empty_4"/></StgValue>
</bind>
</comp>

<comp id="62" class="1001" name="const_62">
<pin_list>
<pin id="63" dir="1" index="0" bw="1" slack="2147483647"/>
</pin_list>
<bind>
<StgValue><ssdm name="empty_5"/></StgValue>
</bind>
</comp>

<comp id="64" class="1001" name="const_64">
<pin_list>
<pin id="65" dir="1" index="0" bw="1" slack="2147483647"/>
</pin_list>
<bind>
<StgValue><ssdm name="empty_3"/></StgValue>
</bind>
</comp>

<comp id="66" class="1001" name="const_66">
<pin_list>
<pin id="67" dir="1" index="0" bw="1" slack="2147483647"/>
</pin_list>
<bind>
<StgValue><ssdm name="empty_7"/></StgValue>
</bind>
</comp>

<comp id="68" class="1004" name="out_r_c_fu_68">
<pin_list>
<pin id="69" dir="0" index="0" bw="1" slack="0"/>
<pin id="70" dir="1" index="1" bw="64" slack="0"/>
</pin_list>
<bind>
<opcode="alloca(26) " fcode="alloca"/>
<opset="out_r_c/1 "/>
</bind>
</comp>

<comp id="72" class="1004" name="in_img_alloca_fu_72">
<pin_list>
<pin id="73" dir="0" index="0" bw="1" slack="0"/>
<pin id="74" dir="1" index="1" bw="8" slack="0"/>
</pin_list>
<bind>
<opcode="alloca(26) " fcode="alloca"/>
<opset="in_img/1 "/>
</bind>
</comp>

<comp id="76" class="1004" name="out_img_alloca_fu_76">
<pin_list>
<pin id="77" dir="0" index="0" bw="1" slack="0"/>
<pin id="78" dir="1" index="1" bw="8" slack="2147483647"/>
</pin_list>
<bind>
<opcode="alloca(26) " fcode="alloca"/>
<opset="out_img/1 "/>
</bind>
</comp>

<comp id="80" class="1004" name="out_r_read_read_fu_80">
<pin_list>
<pin id="81" dir="0" index="0" bw="64" slack="0"/>
<pin id="82" dir="0" index="1" bw="64" slack="0"/>
<pin id="83" dir="1" index="2" bw="64" slack="0"/>
</pin_list>
<bind>
<opcode="read(1150) " fcode="read"/>
<opset="out_r_read/1 "/>
</bind>
</comp>

<comp id="86" class="1004" name="in_r_read_read_fu_86">
<pin_list>
<pin id="87" dir="0" index="0" bw="64" slack="0"/>
<pin id="88" dir="0" index="1" bw="64" slack="0"/>
<pin id="89" dir="1" index="2" bw="64" slack="0"/>
</pin_list>
<bind>
<opcode="read(1150) " fcode="read"/>
<opset="in_r_read/1 "/>
</bind>
</comp>

<comp id="92" class="1004" name="call_ln14_entry_proc_fu_92">
<pin_list>
<pin id="93" dir="0" index="0" bw="0" slack="0"/>
<pin id="94" dir="0" index="1" bw="64" slack="0"/>
<pin id="95" dir="0" index="2" bw="64" slack="0"/>
<pin id="96" dir="1" index="3" bw="0" slack="2147483647"/>
</pin_list>
<bind>
<opcode="call(48) " fcode="call"/>
<opset="call_ln14/1 "/>
</bind>
</comp>

<comp id="99" class="1004" name="grp_Loop_LoadLoop_proc_fu_99">
<pin_list>
<pin id="100" dir="0" index="0" bw="0" slack="0"/>
<pin id="101" dir="0" index="1" bw="8" slack="0"/>
<pin id="102" dir="0" index="2" bw="64" slack="0"/>
<pin id="103" dir="0" index="3" bw="8" slack="0"/>
<pin id="104" dir="1" index="4" bw="0" slack="2147483647"/>
</pin_list>
<bind>
<opcode="call(48) " fcode="call"/>
<opset="call_ln14/1 "/>
</bind>
</comp>

<comp id="109" class="1004" name="grp_sobel_filter_fu_109">
<pin_list>
<pin id="110" dir="0" index="0" bw="0" slack="0"/>
<pin id="111" dir="0" index="1" bw="8" slack="2147483647"/>
<pin id="112" dir="0" index="2" bw="8" slack="2147483647"/>
<pin id="113" dir="1" index="3" bw="0" slack="2147483647"/>
</pin_list>
<bind>
<opcode="call(48) " fcode="call"/>
<opset="call_ln26/3 "/>
</bind>
</comp>

<comp id="115" class="1004" name="grp_Loop_StoreLoop_proc_fu_115">
<pin_list>
<pin id="116" dir="0" index="0" bw="0" slack="0"/>
<pin id="117" dir="0" index="1" bw="8" slack="0"/>
<pin id="118" dir="0" index="2" bw="64" slack="4"/>
<pin id="119" dir="0" index="3" bw="8" slack="2147483647"/>
<pin id="120" dir="1" index="4" bw="0" slack="2147483647"/>
</pin_list>
<bind>
<opcode="call(48) " fcode="call"/>
<opset="call_ln14/5 "/>
</bind>
</comp>

<comp id="123" class="1005" name="in_r_read_reg_123">
<pin_list>
<pin id="124" dir="0" index="0" bw="64" slack="1"/>
<pin id="125" dir="1" index="1" bw="64" slack="1"/>
</pin_list>
<bind>
<opset="in_r_read "/>
</bind>
</comp>

<comp id="128" class="1005" name="out_r_c_reg_128">
<pin_list>
<pin id="129" dir="0" index="0" bw="64" slack="0"/>
<pin id="130" dir="1" index="1" bw="64" slack="0"/>
</pin_list>
<bind>
<opset="out_r_c "/>
</bind>
</comp>

</comp_list>

<net_list>
<net id="71"><net_src comp="8" pin="0"/><net_sink comp="68" pin=0"/></net>

<net id="75"><net_src comp="8" pin="0"/><net_sink comp="72" pin=0"/></net>

<net id="79"><net_src comp="8" pin="0"/><net_sink comp="76" pin=0"/></net>

<net id="84"><net_src comp="6" pin="0"/><net_sink comp="80" pin=0"/></net>

<net id="85"><net_src comp="4" pin="0"/><net_sink comp="80" pin=1"/></net>

<net id="90"><net_src comp="6" pin="0"/><net_sink comp="86" pin=0"/></net>

<net id="91"><net_src comp="2" pin="0"/><net_sink comp="86" pin=1"/></net>

<net id="97"><net_src comp="10" pin="0"/><net_sink comp="92" pin=0"/></net>

<net id="98"><net_src comp="80" pin="2"/><net_sink comp="92" pin=1"/></net>

<net id="105"><net_src comp="12" pin="0"/><net_sink comp="99" pin=0"/></net>

<net id="106"><net_src comp="0" pin="0"/><net_sink comp="99" pin=1"/></net>

<net id="107"><net_src comp="86" pin="2"/><net_sink comp="99" pin=2"/></net>

<net id="108"><net_src comp="72" pin="1"/><net_sink comp="99" pin=3"/></net>

<net id="114"><net_src comp="14" pin="0"/><net_sink comp="109" pin=0"/></net>

<net id="121"><net_src comp="16" pin="0"/><net_sink comp="115" pin=0"/></net>

<net id="122"><net_src comp="0" pin="0"/><net_sink comp="115" pin=1"/></net>

<net id="126"><net_src comp="86" pin="2"/><net_sink comp="123" pin=0"/></net>

<net id="127"><net_src comp="123" pin="1"/><net_sink comp="99" pin=2"/></net>

<net id="131"><net_src comp="68" pin="1"/><net_sink comp="128" pin=0"/></net>

<net id="132"><net_src comp="128" pin="1"/><net_sink comp="92" pin=2"/></net>

<net id="133"><net_src comp="128" pin="1"/><net_sink comp="115" pin=2"/></net>

</net_list>

</model> 
---------------- Datapath Model END ------------------

* FSMD analyzer results:
  - Output states:
	Port: gmem | {5 6 }
 - Input state : 
	Port: sobel_accel : gmem | {1 2 }
	Port: sobel_accel : in_r | {1 }
	Port: sobel_accel : out_r | {1 }
  - Chain level:
	State 1
		call_ln14 : 1
		call_ln14 : 1
	State 2
	State 3
	State 4
	State 5
	State 6


============================================================
+ Verbose Summary: Datapath Resource usage 
============================================================

* Functional unit list:
|----------|--------------------------------|---------|---------|---------|---------|---------|
| Operation|         Functional Unit        |   BRAM  |  Delay  |    FF   |   LUT   |   URAM  |
|----------|--------------------------------|---------|---------|---------|---------|---------|
|          |   call_ln14_entry_proc_fu_92   |    0    |    0    |    0    |    0    |    0    |
|   call   |  grp_Loop_LoadLoop_proc_fu_99  |    0    |  0.387  |   139   |   157   |    0    |
|          |     grp_sobel_filter_fu_109    |    2    |  0.774  |   248   |   491   |    0    |
|          | grp_Loop_StoreLoop_proc_fu_115 |    0    |  0.387  |   166   |   183   |    0    |
|----------|--------------------------------|---------|---------|---------|---------|---------|
|   read   |      out_r_read_read_fu_80     |    0    |    0    |    0    |    0    |    0    |
|          |      in_r_read_read_fu_86      |    0    |    0    |    0    |    0    |    0    |
|----------|--------------------------------|---------|---------|---------|---------|---------|
|   Total  |                                |    2    |  1.548  |   553   |   831   |    0    |
|----------|--------------------------------|---------|---------|---------|---------|---------|

Memories:
+-------+--------+--------+--------+--------+
|       |  BRAM  |   FF   |   LUT  |  URAM  |
+-------+--------+--------+--------+--------+
| in_img|   256  |    0   |    0   |    0   |
|out_img|   256  |    0   |    0   |    0   |
+-------+--------+--------+--------+--------+
| Total |   512  |    0   |    0   |    0   |
+-------+--------+--------+--------+--------+

* Register list:
+-----------------+--------+
|                 |   FF   |
+-----------------+--------+
|in_r_read_reg_123|   64   |
| out_r_c_reg_128 |   64   |
+-----------------+--------+
|      Total      |   128  |
+-----------------+--------+

* Multiplexer (MUX) list: 
|------------------------------|------|------|------|--------||---------||---------|
|             Comp             |  Pin | Size |  BW  | S x BW ||  Delay  ||   LUT   |
|------------------------------|------|------|------|--------||---------||---------|
| grp_Loop_LoadLoop_proc_fu_99 |  p2  |   2  |  64  |   128  ||    9    |
|------------------------------|------|------|------|--------||---------||---------|
|             Total            |      |      |      |   128  ||  0.387  ||    9    |
|------------------------------|------|------|------|--------||---------||---------|



* Summary:
+-----------+--------+--------+--------+--------+--------+
|           |  BRAM  |  Delay |   FF   |   LUT  |  URAM  |
+-----------+--------+--------+--------+--------+--------+
|  Function |    2   |    1   |   553  |   831  |    0   |
|   Memory  |   512  |    -   |    0   |    0   |    0   |
|Multiplexer|    -   |    0   |    -   |    9   |    -   |
|  Register |    -   |    -   |   128  |    -   |    -   |
+-----------+--------+--------+--------+--------+--------+
|   Total   |   514  |    1   |   681  |   840  |    0   |
+-----------+--------+--------+--------+--------+--------+
