

================================================================
== Synthesis Summary Report of 'sobel_accel'
================================================================
+ General Information: 
    * Date:           Fri Nov 21 01:08:01 2025
    * Version:        2023.2 (Build 4023990 on Oct 11 2023)
    * Project:        sobel_hls
    * Solution:       solution1 (Vivado IP Flow Target)
    * Product family: virtexuplusHBM
    * Target device:  xcu280-fsvh2892-2L-e
    

+ Performance & Resource Estimates: 
    
    PS: '+' for module; 'o' for loop; '*' for dataflow
    +-------------------------------+--------+-------+---------+-----------+----------+---------+--------+----------+-----------+----+------------+------------+-----+
    |            Modules            |  Issue |       | Latency |  Latency  | Iteration|         |  Trip  |          |           |    |            |            |     |
    |            & Loops            |  Type  | Slack | (cycles)|    (ns)   |  Latency | Interval|  Count | Pipelined|   BRAM    | DSP|     FF     |     LUT    | URAM|
    +-------------------------------+--------+-------+---------+-----------+----------+---------+--------+----------+-----------+----+------------+------------+-----+
    |+ sobel_accel*                 |  Timing|  -0.21|   786460|  2.619e+06|         -|   262156|       -|  dataflow|  516 (12%)|   -|  1736 (~0%)|  2467 (~0%)|    -|
    | + entry_proc                  |       -|   1.22|        0|      0.000|         -|        0|       -|        no|          -|   -|     2 (~0%)|    20 (~0%)|    -|
    | + Loop_LoadLoop_proc          |  Timing|  -0.10|   262155|  8.730e+05|         -|   262155|       -|        no|          -|   -|   225 (~0%)|   284 (~0%)|    -|
    |  o LoadLoop_VITIS_LOOP_19_1   |       -|   2.43|   262153|  8.730e+05|        11|        1|  262144|       yes|          -|   -|           -|           -|    -|
    | + sobel_filter                |  Timing|  -0.21|   262150|  8.730e+05|         -|   262150|       -|        no|    2 (~0%)|   -|   476 (~0%)|   674 (~0%)|    -|
    |  o RowLoop_ColLoop            |       -|   2.43|   262148|  8.730e+05|         6|        1|  262144|       yes|          -|   -|           -|           -|    -|
    | + Loop_StoreLoop_proc         |  Timing|  -0.10|   262153|  8.730e+05|         -|   262153|       -|        no|          -|   -|   214 (~0%)|   333 (~0%)|    -|
    |  o StoreLoop_VITIS_LOOP_31_2  |       -|   2.43|   262151|  8.730e+05|         9|        1|  262144|       yes|          -|   -|           -|           -|    -|
    +-------------------------------+--------+-------+---------+-----------+----------+---------+--------+----------+-----------+----+------------+------------+-----+


================================================================
== HW Interfaces
================================================================
* M_AXI
+------------+------------+---------------+---------+--------+----------+-----------+--------------+--------------+-------------+-------------+-------------------+
| Interface  | Data Width | Address Width | Latency | Offset | Register | Max Widen | Max Read     | Max Write    | Num Read    | Num Write   | Resource Estimate |
|            | (SW->HW)   |               |         |        |          | Bitwidth  | Burst Length | Burst Length | Outstanding | Outstanding |                   |
+------------+------------+---------------+---------+--------+----------+-----------+--------------+--------------+-------------+-------------+-------------------+
| m_axi_gmem | 8 -> 8     | 64            | 0       | slave  | 0        | 0         | 16           | 16           | 16          | 16          | BRAM=2            |
+------------+------------+---------------+---------+--------+----------+-----------+--------------+--------------+-------------+-------------+-------------------+

* S_AXILITE Interfaces
+---------------+------------+---------------+--------+----------+
| Interface     | Data Width | Address Width | Offset | Register |
+---------------+------------+---------------+--------+----------+
| s_axi_control | 32         | 6             | 16     | 0        |
+---------------+------------+---------------+--------+----------+

* S_AXILITE Registers
+---------------+----------+--------+-------+--------+----------------------------------+----------------------------------------------------------------------+
| Interface     | Register | Offset | Width | Access | Description                      | Bit Fields                                                           |
+---------------+----------+--------+-------+--------+----------------------------------+----------------------------------------------------------------------+
| s_axi_control | CTRL     | 0x00   | 32    | RW     | Control signals                  | 0=AP_START 1=AP_DONE 2=AP_IDLE 3=AP_READY 7=AUTO_RESTART 9=INTERRUPT |
| s_axi_control | GIER     | 0x04   | 32    | RW     | Global Interrupt Enable Register | 0=Enable                                                             |
| s_axi_control | IP_IER   | 0x08   | 32    | RW     | IP Interrupt Enable Register     | 0=CHAN0_INT_EN 1=CHAN1_INT_EN                                        |
| s_axi_control | IP_ISR   | 0x0c   | 32    | RW     | IP Interrupt Status Register     | 0=CHAN0_INT_ST 1=CHAN1_INT_ST                                        |
| s_axi_control | in_r_1   | 0x10   | 32    | W      | Data signal of in_r              |                                                                      |
| s_axi_control | in_r_2   | 0x14   | 32    | W      | Data signal of in_r              |                                                                      |
| s_axi_control | out_r_1  | 0x1c   | 32    | W      | Data signal of out_r             |                                                                      |
| s_axi_control | out_r_2  | 0x20   | 32    | W      | Data signal of out_r             |                                                                      |
+---------------+----------+--------+-------+--------+----------------------------------+----------------------------------------------------------------------+

* TOP LEVEL CONTROL
+-----------+------------+-----------+
| Interface | Type       | Ports     |
+-----------+------------+-----------+
| ap_clk    | clock      | ap_clk    |
| ap_rst_n  | reset      | ap_rst_n  |
| interrupt | interrupt  | interrupt |
| ap_ctrl   | ap_ctrl_hs |           |
+-----------+------------+-----------+


================================================================
== SW I/O Information
================================================================
* Top Function Arguments
+----------+-----------+-------------+
| Argument | Direction | Datatype    |
+----------+-----------+-------------+
| in       | inout     | ap_uint<8>* |
| out      | inout     | ap_uint<8>* |
+----------+-----------+-------------+

* SW-to-HW Mapping
+----------+---------------+-----------+----------+
| Argument | HW Interface  | HW Type   | HW Usage |
+----------+---------------+-----------+----------+
| in       | m_axi_gmem    | interface |          |
| in       | s_axi_control | interface | offset   |
| out      | m_axi_gmem    | interface |          |
| out      | s_axi_control | interface | offset   |
+----------+---------------+-----------+----------+


================================================================
== M_AXI Burst Information
================================================================
 Note: All burst requests might be further partitioned into multiple requests during RTL generation based on max_read_burst_length or max_write_burst_length settings.

* Inferred Burst Summary
+--------------+-----------+--------+-------+-----------+------------------------+
| HW Interface | Direction | Length | Width | Loop      | Loop Location          |
+--------------+-----------+--------+-------+-----------+------------------------+
| m_axi_gmem   | read      | 262144 | 8     | LoadLoop  | ../src/kernel.cpp:18:5 |
| m_axi_gmem   | write     | 262144 | 8     | StoreLoop | ../src/kernel.cpp:30:5 |
+--------------+-----------+--------+-------+-----------+------------------------+

* All M_AXI Variable Accesses
+--------------+----------+-------------------------+-----------+--------------+--------+-----------------+-------------------------+------------+------------------------------------------------------------------------------------------------------+
| HW Interface | Variable | Access Location         | Direction | Burst Status | Length | Loop            | Loop Location           | Resolution | Problem                                                                                              |
+--------------+----------+-------------------------+-----------+--------------+--------+-----------------+-------------------------+------------+------------------------------------------------------------------------------------------------------+
| m_axi_gmem   | in       | ../src/kernel.cpp:21:15 | read      | Widen Fail   |        | VITIS_LOOP_19_1 | ../src/kernel.cpp:19:26 | 214-353    | Could not widen since type i8 size is greater than or equal to the max_widen_bitwidth threshold of 0 |
| m_axi_gmem   | in       | ../src/kernel.cpp:21:15 | read      | Inferred     | 262144 | LoadLoop        | ../src/kernel.cpp:18:5  |            |                                                                                                      |
| m_axi_gmem   | out      | ../src/kernel.cpp:33:17 | write     | Widen Fail   |        | VITIS_LOOP_31_2 | ../src/kernel.cpp:31:26 | 214-353    | Could not widen since type i8 size is greater than or equal to the max_widen_bitwidth threshold of 0 |
| m_axi_gmem   | out      | ../src/kernel.cpp:33:17 | write     | Inferred     | 262144 | StoreLoop       | ../src/kernel.cpp:30:5  |            |                                                                                                      |
+--------------+----------+-------------------------+-----------+--------------+--------+-----------------+-------------------------+------------+------------------------------------------------------------------------------------------------------+

    * Resolution URL: docs.xilinx.com/access/sources/dita/topic?Doc_Version=2023.2%20English&url=ug1448-hls-guidance&resourceid=XXX-YYY.html (replace XXX-YYY with column value)

================================================================
== Bind Op Report
================================================================
+-------------------------+-----+--------+------------+-----+--------+---------+
| Name                    | DSP | Pragma | Variable   | Op  | Impl   | Latency |
+-------------------------+-----+--------+------------+-----+--------+---------+
| + sobel_accel           | 0   |        |            |     |        |         |
|  + Loop_LoadLoop_proc   | 0   |        |            |     |        |         |
|    add_ln18_1_fu_143_p2 |     |        | add_ln18_1 | add | fabric | 0       |
|    add_ln18_fu_166_p2   |     |        | add_ln18   | add | fabric | 0       |
|    add_ln21_fu_210_p2   |     |        | add_ln21   | add | fabric | 0       |
|    add_ln19_fu_216_p2   |     |        | add_ln19   | add | fabric | 0       |
|  + sobel_filter         | 0   |        |            |     |        |         |
|    add_ln32_1_fu_211_p2 |     |        | add_ln32_1 | add | fabric | 0       |
|    add_ln32_fu_223_p2   |     |        | add_ln32   | add | fabric | 0       |
|    add_ln49_fu_295_p2   |     |        | add_ln49   | add | fabric | 0       |
|    sub_ln74_fu_397_p2   |     |        | sub_ln74   | sub | fabric | 0       |
|    sub_ln74_1_fu_415_p2 |     |        | sub_ln74_1 | sub | fabric | 0       |
|    sub_ln74_2_fu_436_p2 |     |        | sub_ln74_2 | sub | fabric | 0       |
|    add_ln74_1_fu_450_p2 |     |        | add_ln74_1 | add | fabric | 0       |
|    tmp_fu_456_p2        |     |        | tmp        | sub | fabric | 0       |
|    add_ln75_fu_474_p2   |     |        | add_ln75   | add | fabric | 0       |
|    sub_ln79_fu_556_p2   |     |        | sub_ln79   | sub | fabric | 0       |
|    sub_ln80_fu_582_p2   |     |        | sub_ln80   | sub | fabric | 0       |
|    mag_fu_600_p2        |     |        | mag        | add | fabric | 0       |
|    add_ln34_fu_323_p2   |     |        | add_ln34   | add | fabric | 0       |
|  + Loop_StoreLoop_proc  | 0   |        |            |     |        |         |
|    add_ln30_1_fu_165_p2 |     |        | add_ln30_1 | add | fabric | 0       |
|    add_ln30_fu_177_p2   |     |        | add_ln30   | add | fabric | 0       |
|    add_ln33_fu_221_p2   |     |        | add_ln33   | add | fabric | 0       |
|    add_ln31_fu_227_p2   |     |        | add_ln31   | add | fabric | 0       |
+-------------------------+-----+--------+------------+-----+--------+---------+


================================================================
== Storage Report
================================================================
+-------------------+----------------+-------------+------+------+--------+-----------+------+---------+------------------+
| Name              | Usage          | Type        | BRAM | URAM | Pragma | Variable  | Impl | Latency | Bitwidth, Depth, |
|                   |                |             |      |      |        |           |      |         | Banks            |
+-------------------+----------------+-------------+------+------+--------+-----------+------+---------+------------------+
| + sobel_accel     |                |             | 516  | 0    |        |           |      |         |                  |
|   control_s_axi_U | interface      | s_axilite   |      |      |        |           |      |         |                  |
|   gmem_m_axi_U    | interface      | m_axi       | 2    |      |        |           |      |         |                  |
|   out_r_c_U       | fifo channel   | scalar prop |      |      |        | out_r_c   | srl  | 0       | 64, 4, 1         |
|   in_img_U        | ram_1p channel | pipo        | 256  |      |        | in_img    | auto | 1       | 8, 262144, 2     |
|   out_img_U       | ram_1p channel | pipo        | 256  |      |        | out_img   | auto | 1       | 8, 262144, 2     |
|  + sobel_filter   |                |             | 2    | 0    |        |           |      |         |                  |
|    linebuf_U      | ram_s2p array  |             | 1    |      |        | linebuf   | auto | 1       | 8, 512, 1        |
|    linebuf_1_U    | ram_s2p array  |             | 1    |      |        | linebuf_1 | auto | 1       | 8, 512, 1        |
+-------------------+----------------+-------------+------+------+--------+-----------+------+---------+------------------+


================================================================
== Pragma Report
================================================================
* Pragmas with Warnings
+----------+---------+-------------------------------------+------------------------------------------------------------------------------------------------------------------------------------------------------------------------------------+
| Type     | Options | Location                            | Messages                                                                                                                                                                           |
+----------+---------+-------------------------------------+------------------------------------------------------------------------------------------------------------------------------------------------------------------------------------+
| dataflow |         | ../src/kernel.cpp:14 in sobel_accel | Since the only kind of statements allowed in a canonical dataflow region are variable declarations and function calls, the compiler may not be able to correctly handle the region |
+----------+---------+-------------------------------------+------------------------------------------------------------------------------------------------------------------------------------------------------------------------------------+

* Valid Pragma Syntax
+-----------------+---------------------------------------------+----------------------------------------------+
| Type            | Options                                     | Location                                     |
+-----------------+---------------------------------------------+----------------------------------------------+
| interface       | m_axi port=in offset=slave bundle=gmem      | ../src/kernel.cpp:5 in sobel_accel, in       |
| interface       | m_axi port=out offset=slave bundle=gmem     | ../src/kernel.cpp:6 in sobel_accel, out      |
| interface       | s_axilite port=in bundle=control            | ../src/kernel.cpp:7 in sobel_accel, in       |
| interface       | s_axilite port=out bundle=control           | ../src/kernel.cpp:8 in sobel_accel, out      |
| interface       | s_axilite port=return bundle=control        | ../src/kernel.cpp:9 in sobel_accel, return   |
| pipeline        | II=1                                        | ../src/kernel.cpp:20 in sobel_accel          |
| pipeline        | II=1                                        | ../src/kernel.cpp:32 in sobel_accel          |
| interface       | m_axi port=in_img offset=slave bundle=gmem  | ../src/sobel.cpp:7 in sobel_filter, in_img   |
| interface       | m_axi port=out_img offset=slave bundle=gmem | ../src/sobel.cpp:8 in sobel_filter, out_img  |
| interface       | s_axilite port=in_img bundle=control        | ../src/sobel.cpp:9 in sobel_filter, in_img   |
| interface       | s_axilite port=out_img bundle=control       | ../src/sobel.cpp:10 in sobel_filter, out_img |
| interface       | s_axilite port=return bundle=control        | ../src/sobel.cpp:11 in sobel_filter, return  |
| array_partition | variable=linebuf complete dim=1             | ../src/sobel.cpp:26 in sobel_filter, linebuf |
| array_partition | variable=window complete dim=0              | ../src/sobel.cpp:29 in sobel_filter, window  |
| pipeline        | II=1                                        | ../src/sobel.cpp:35 in sobel_filter          |
+-----------------+---------------------------------------------+----------------------------------------------+


