

================================================================
== Vitis HLS Report for 'Loop_StoreLoop_proc'
================================================================
* Date:           Fri Nov 21 01:08:01 2025

* Version:        2023.2 (Build 4023990 on Oct 11 2023)
* Project:        sobel_hls
* Solution:       solution1 (Vivado IP Flow Target)
* Product family: virtexuplusHBM
* Target device:  xcu280-fsvh2892-2L-e


================================================================
== Performance Estimates
================================================================
+ Timing: 
    * Summary: 
    +--------+---------+----------+------------+
    |  Clock |  Target | Estimated| Uncertainty|
    +--------+---------+----------+------------+
    |ap_clk  |  3.33 ns|  2.527 ns|     0.90 ns|
    +--------+---------+----------+------------+

+ Latency: 
    * Summary: 
    +---------+---------+----------+----------+--------+--------+---------+
    |  Latency (cycles) |  Latency (absolute) |     Interval    | Pipeline|
    |   min   |   max   |    min   |    max   |   min  |   max  |   Type  |
    +---------+---------+----------+----------+--------+--------+---------+
    |   262153|   262153|  0.873 ms|  0.873 ms|  262153|  262153|       no|
    +---------+---------+----------+----------+--------+--------+---------+

    + Detail: 
        * Instance: 
        N/A

        * Loop: 
        +-----------------------------+---------+---------+----------+-----------+-----------+--------+----------+
        |                             |  Latency (cycles) | Iteration|  Initiation Interval  |  Trip  |          |
        |          Loop Name          |   min   |   max   |  Latency |  achieved |   target  |  Count | Pipelined|
        +-----------------------------+---------+---------+----------+-----------+-----------+--------+----------+
        |- StoreLoop_VITIS_LOOP_31_2  |   262151|   262151|         9|          1|          1|  262144|       yes|
        +-----------------------------+---------+---------+----------+-----------+-----------+--------+----------+



================================================================
== Utilization Estimates
================================================================
* Summary: 
+---------------------+---------+------+---------+---------+-----+
|         Name        | BRAM_18K|  DSP |    FF   |   LUT   | URAM|
+---------------------+---------+------+---------+---------+-----+
|DSP                  |        -|     -|        -|        -|    -|
|Expression           |        -|     -|        0|      193|    -|
|FIFO                 |        -|     -|        -|        -|    -|
|Instance             |        -|     -|        -|        -|    -|
|Memory               |        -|     -|        -|        -|    -|
|Multiplexer          |        -|     -|        -|      108|    -|
|Register             |        -|     -|      214|       32|    -|
+---------------------+---------+------+---------+---------+-----+
|Total                |        0|     0|      214|      333|    0|
+---------------------+---------+------+---------+---------+-----+
|Available SLR        |     1344|  3008|   869120|   434560|  320|
+---------------------+---------+------+---------+---------+-----+
|Utilization SLR (%)  |        0|     0|       ~0|       ~0|    0|
+---------------------+---------+------+---------+---------+-----+
|Available            |     4032|  9024|  2607360|  1303680|  960|
+---------------------+---------+------+---------+---------+-----+
|Utilization (%)      |        0|     0|       ~0|       ~0|    0|
+---------------------+---------+------+---------+---------+-----+

+ Detail: 
    * Instance: 
    N/A

    * DSP: 
    N/A

    * Memory: 
    N/A

    * FIFO: 
    N/A

    * Expression: 
    +----------------------------------+----------+----+---+----+------------+------------+
    |           Variable Name          | Operation| DSP| FF| LUT| Bitwidth P0| Bitwidth P1|
    +----------------------------------+----------+----+---+----+------------+------------+
    |add_ln30_1_fu_165_p2              |         +|   0|  0|  26|          19|           1|
    |add_ln30_fu_177_p2                |         +|   0|  0|  17|          10|           1|
    |add_ln31_fu_227_p2                |         +|   0|  0|  17|          10|           1|
    |add_ln33_fu_221_p2                |         +|   0|  0|  25|          18|          18|
    |ap_block_state2_pp0_stage0_iter1  |       and|   0|  0|   2|           1|           1|
    |ap_block_state3_io                |       and|   0|  0|   2|           1|           1|
    |ap_block_state9_pp0_stage0_iter8  |       and|   0|  0|   2|           1|           1|
    |ap_condition_261                  |       and|   0|  0|   2|           1|           1|
    |ap_condition_381                  |       and|   0|  0|   2|           1|           1|
    |icmp_ln30_1_fu_233_p2             |      icmp|   0|  0|  27|          19|          20|
    |icmp_ln30_fu_159_p2               |      icmp|   0|  0|  27|          19|          20|
    |icmp_ln31_fu_183_p2               |      icmp|   0|  0|  18|          10|          11|
    |ap_block_pp0_stage0_01001         |        or|   0|  0|   2|           1|           1|
    |ap_block_pp0_stage0_11001         |        or|   0|  0|   2|           1|           1|
    |select_ln30_1_fu_197_p3           |    select|   0|  0|  10|           1|          10|
    |select_ln30_fu_189_p3             |    select|   0|  0|  10|           1|           1|
    |ap_enable_pp0                     |       xor|   0|  0|   2|           1|           2|
    +----------------------------------+----------+----+---+----+------------+------------+
    |Total                             |          |   0|  0| 193|         115|          92|
    +----------------------------------+----------+----+---+----+------------+------------+

    * Multiplexer: 
    +--------------------------------------+----+-----------+-----+-----------+
    |                 Name                 | LUT| Input Size| Bits| Total Bits|
    +--------------------------------------+----+-----------+-----+-----------+
    |ap_done_int                           |   9|          2|    1|          2|
    |ap_enable_reg_pp0_iter1               |   9|          2|    1|          2|
    |ap_sig_allocacmp_c_load               |   9|          2|   10|         20|
    |ap_sig_allocacmp_indvar_flatten_load  |   9|          2|   19|         38|
    |ap_sig_allocacmp_r_load               |   9|          2|   10|         20|
    |c_fu_74                               |   9|          2|   10|         20|
    |gmem_blk_n_AW                         |   9|          2|    1|          2|
    |gmem_blk_n_B                          |   9|          2|    1|          2|
    |gmem_blk_n_W                          |   9|          2|    1|          2|
    |indvar_flatten_fu_82                  |   9|          2|   19|         38|
    |out_r_blk_n                           |   9|          2|    1|          2|
    |r_fu_78                               |   9|          2|   10|         20|
    +--------------------------------------+----+-----------+-----+-----------+
    |Total                                 | 108|         24|   84|        168|
    +--------------------------------------+----+-----------+-----+-----------+

    * Register: 
    +------------------------------------+----+----+-----+-----------+
    |                Name                | FF | LUT| Bits| Const Bits|
    +------------------------------------+----+----+-----+-----------+
    |add_ln33_reg_309                    |  18|   0|   18|          0|
    |ap_CS_fsm                           |   1|   0|    1|          0|
    |ap_done_reg                         |   1|   0|    1|          0|
    |ap_enable_reg_pp0_iter1             |   1|   0|    1|          0|
    |ap_enable_reg_pp0_iter2             |   1|   0|    1|          0|
    |ap_enable_reg_pp0_iter3             |   1|   0|    1|          0|
    |ap_enable_reg_pp0_iter4             |   1|   0|    1|          0|
    |ap_enable_reg_pp0_iter5             |   1|   0|    1|          0|
    |ap_enable_reg_pp0_iter6             |   1|   0|    1|          0|
    |ap_enable_reg_pp0_iter7             |   1|   0|    1|          0|
    |ap_enable_reg_pp0_iter8             |   1|   0|    1|          0|
    |ap_loop_exit_ready_pp0_iter1_reg    |   1|   0|    1|          0|
    |ap_loop_exit_ready_pp0_iter2_reg    |   1|   0|    1|          0|
    |ap_loop_exit_ready_pp0_iter3_reg    |   1|   0|    1|          0|
    |ap_loop_exit_ready_pp0_iter4_reg    |   1|   0|    1|          0|
    |ap_loop_exit_ready_pp0_iter5_reg    |   1|   0|    1|          0|
    |ap_loop_exit_ready_pp0_iter6_reg    |   1|   0|    1|          0|
    |ap_loop_exit_ready_pp0_iter7_reg    |   1|   0|    1|          0|
    |c_fu_74                             |  10|   0|   10|          0|
    |first_iter_0_reg_129                |   1|   0|    1|          0|
    |first_iter_0_reg_129_pp0_iter1_reg  |   1|   0|    1|          0|
    |gmem_addr_reg_318                   |  64|   0|   64|          0|
    |icmp_ln30_1_reg_314                 |   1|   0|    1|          0|
    |icmp_ln30_reg_305                   |   1|   0|    1|          0|
    |indvar_flatten_fu_82                |  19|   0|   19|          0|
    |out_img_load_reg_328                |   8|   0|    8|          0|
    |r_fu_78                             |  10|   0|   10|          0|
    |icmp_ln30_1_reg_314                 |  64|  32|    1|          0|
    +------------------------------------+----+----+-----+-----------+
    |Total                               | 214|  32|  151|          0|
    +------------------------------------+----+----+-----+-----------+



================================================================
== Interface
================================================================
* Summary: 
+----------------------+-----+-----+------------+---------------------+--------------+
|       RTL Ports      | Dir | Bits|  Protocol  |    Source Object    |    C Type    |
+----------------------+-----+-----+------------+---------------------+--------------+
|ap_clk                |   in|    1|  ap_ctrl_hs|  Loop_StoreLoop_proc|  return value|
|ap_rst                |   in|    1|  ap_ctrl_hs|  Loop_StoreLoop_proc|  return value|
|ap_start              |   in|    1|  ap_ctrl_hs|  Loop_StoreLoop_proc|  return value|
|ap_done               |  out|    1|  ap_ctrl_hs|  Loop_StoreLoop_proc|  return value|
|ap_continue           |   in|    1|  ap_ctrl_hs|  Loop_StoreLoop_proc|  return value|
|ap_idle               |  out|    1|  ap_ctrl_hs|  Loop_StoreLoop_proc|  return value|
|ap_ready              |  out|    1|  ap_ctrl_hs|  Loop_StoreLoop_proc|  return value|
|out_r_dout            |   in|   64|     ap_fifo|                out_r|       pointer|
|out_r_num_data_valid  |   in|    3|     ap_fifo|                out_r|       pointer|
|out_r_fifo_cap        |   in|    3|     ap_fifo|                out_r|       pointer|
|out_r_empty_n         |   in|    1|     ap_fifo|                out_r|       pointer|
|out_r_read            |  out|    1|     ap_fifo|                out_r|       pointer|
|m_axi_gmem_AWVALID    |  out|    1|       m_axi|                 gmem|       pointer|
|m_axi_gmem_AWREADY    |   in|    1|       m_axi|                 gmem|       pointer|
|m_axi_gmem_AWADDR     |  out|   64|       m_axi|                 gmem|       pointer|
|m_axi_gmem_AWID       |  out|    1|       m_axi|                 gmem|       pointer|
|m_axi_gmem_AWLEN      |  out|   32|       m_axi|                 gmem|       pointer|
|m_axi_gmem_AWSIZE     |  out|    3|       m_axi|                 gmem|       pointer|
|m_axi_gmem_AWBURST    |  out|    2|       m_axi|                 gmem|       pointer|
|m_axi_gmem_AWLOCK     |  out|    2|       m_axi|                 gmem|       pointer|
|m_axi_gmem_AWCACHE    |  out|    4|       m_axi|                 gmem|       pointer|
|m_axi_gmem_AWPROT     |  out|    3|       m_axi|                 gmem|       pointer|
|m_axi_gmem_AWQOS      |  out|    4|       m_axi|                 gmem|       pointer|
|m_axi_gmem_AWREGION   |  out|    4|       m_axi|                 gmem|       pointer|
|m_axi_gmem_AWUSER     |  out|    1|       m_axi|                 gmem|       pointer|
|m_axi_gmem_WVALID     |  out|    1|       m_axi|                 gmem|       pointer|
|m_axi_gmem_WREADY     |   in|    1|       m_axi|                 gmem|       pointer|
|m_axi_gmem_WDATA      |  out|    8|       m_axi|                 gmem|       pointer|
|m_axi_gmem_WSTRB      |  out|    1|       m_axi|                 gmem|       pointer|
|m_axi_gmem_WLAST      |  out|    1|       m_axi|                 gmem|       pointer|
|m_axi_gmem_WID        |  out|    1|       m_axi|                 gmem|       pointer|
|m_axi_gmem_WUSER      |  out|    1|       m_axi|                 gmem|       pointer|
|m_axi_gmem_ARVALID    |  out|    1|       m_axi|                 gmem|       pointer|
|m_axi_gmem_ARREADY    |   in|    1|       m_axi|                 gmem|       pointer|
|m_axi_gmem_ARADDR     |  out|   64|       m_axi|                 gmem|       pointer|
|m_axi_gmem_ARID       |  out|    1|       m_axi|                 gmem|       pointer|
|m_axi_gmem_ARLEN      |  out|   32|       m_axi|                 gmem|       pointer|
|m_axi_gmem_ARSIZE     |  out|    3|       m_axi|                 gmem|       pointer|
|m_axi_gmem_ARBURST    |  out|    2|       m_axi|                 gmem|       pointer|
|m_axi_gmem_ARLOCK     |  out|    2|       m_axi|                 gmem|       pointer|
|m_axi_gmem_ARCACHE    |  out|    4|       m_axi|                 gmem|       pointer|
|m_axi_gmem_ARPROT     |  out|    3|       m_axi|                 gmem|       pointer|
|m_axi_gmem_ARQOS      |  out|    4|       m_axi|                 gmem|       pointer|
|m_axi_gmem_ARREGION   |  out|    4|       m_axi|                 gmem|       pointer|
|m_axi_gmem_ARUSER     |  out|    1|       m_axi|                 gmem|       pointer|
|m_axi_gmem_RVALID     |   in|    1|       m_axi|                 gmem|       pointer|
|m_axi_gmem_RREADY     |  out|    1|       m_axi|                 gmem|       pointer|
|m_axi_gmem_RDATA      |   in|    8|       m_axi|                 gmem|       pointer|
|m_axi_gmem_RLAST      |   in|    1|       m_axi|                 gmem|       pointer|
|m_axi_gmem_RID        |   in|    1|       m_axi|                 gmem|       pointer|
|m_axi_gmem_RFIFONUM   |   in|   11|       m_axi|                 gmem|       pointer|
|m_axi_gmem_RUSER      |   in|    1|       m_axi|                 gmem|       pointer|
|m_axi_gmem_RRESP      |   in|    2|       m_axi|                 gmem|       pointer|
|m_axi_gmem_BVALID     |   in|    1|       m_axi|                 gmem|       pointer|
|m_axi_gmem_BREADY     |  out|    1|       m_axi|                 gmem|       pointer|
|m_axi_gmem_BRESP      |   in|    2|       m_axi|                 gmem|       pointer|
|m_axi_gmem_BID        |   in|    1|       m_axi|                 gmem|       pointer|
|m_axi_gmem_BUSER      |   in|    1|       m_axi|                 gmem|       pointer|
|out_img_address0      |  out|   18|   ap_memory|              out_img|         array|
|out_img_ce0           |  out|    1|   ap_memory|              out_img|         array|
|out_img_q0            |   in|    8|   ap_memory|              out_img|         array|
+----------------------+-----+-----+------------+---------------------+--------------+

