

================================================================
== Vitis HLS Report for 'sobel_filter'
================================================================
* Date:           Fri Nov 21 01:08:01 2025

* Version:        2023.2 (Build 4023990 on Oct 11 2023)
* Project:        sobel_hls
* Solution:       solution1 (Vivado IP Flow Target)
* Product family: virtexuplusHBM
* Target device:  xcu280-fsvh2892-2L-e


================================================================
== Performance Estimates
================================================================
+ Timing: 
    * Summary: 
    +--------+---------+----------+------------+
    |  Clock |  Target | Estimated| Uncertainty|
    +--------+---------+----------+------------+
    |ap_clk  |  3.33 ns|  2.639 ns|     0.90 ns|
    +--------+---------+----------+------------+

+ Latency: 
    * Summary: 
    +---------+---------+----------+----------+--------+--------+---------+
    |  Latency (cycles) |  Latency (absolute) |     Interval    | Pipeline|
    |   min   |   max   |    min   |    max   |   min  |   max  |   Type  |
    +---------+---------+----------+----------+--------+--------+---------+
    |   262150|   262150|  0.873 ms|  0.873 ms|  262150|  262150|       no|
    +---------+---------+----------+----------+--------+--------+---------+

    + Detail: 
        * Instance: 
        N/A

        * Loop: 
        +-------------------+---------+---------+----------+-----------+-----------+--------+----------+
        |                   |  Latency (cycles) | Iteration|  Initiation Interval  |  Trip  |          |
        |     Loop Name     |   min   |   max   |  Latency |  achieved |   target  |  Count | Pipelined|
        +-------------------+---------+---------+----------+-----------+-----------+--------+----------+
        |- RowLoop_ColLoop  |   262148|   262148|         6|          1|          1|  262144|       yes|
        +-------------------+---------+---------+----------+-----------+-----------+--------+----------+



================================================================
== Utilization Estimates
================================================================
* Summary: 
+---------------------+---------+------+---------+---------+-----+
|         Name        | BRAM_18K|  DSP |    FF   |   LUT   | URAM|
+---------------------+---------+------+---------+---------+-----+
|DSP                  |        -|     -|        -|        -|    -|
|Expression           |        -|     -|        0|      488|    -|
|FIFO                 |        -|     -|        -|        -|    -|
|Instance             |        -|     -|        -|        -|    -|
|Memory               |        2|     -|        0|        0|    0|
|Multiplexer          |        -|     -|        -|       90|    -|
|Register             |        -|     -|      476|       96|    -|
+---------------------+---------+------+---------+---------+-----+
|Total                |        2|     0|      476|      674|    0|
+---------------------+---------+------+---------+---------+-----+
|Available SLR        |     1344|  3008|   869120|   434560|  320|
+---------------------+---------+------+---------+---------+-----+
|Utilization SLR (%)  |       ~0|     0|       ~0|       ~0|    0|
+---------------------+---------+------+---------+---------+-----+
|Available            |     4032|  9024|  2607360|  1303680|  960|
+---------------------+---------+------+---------+---------+-----+
|Utilization (%)      |       ~0|     0|       ~0|       ~0|    0|
+---------------------+---------+------+---------+---------+-----+

+ Detail: 
    * Instance: 
    N/A

    * DSP: 
    N/A

    * Memory: 
    +-------------+------------------------------------+---------+---+----+-----+------+-----+------+-------------+
    |    Memory   |               Module               | BRAM_18K| FF| LUT| URAM| Words| Bits| Banks| W*Bits*Banks|
    +-------------+------------------------------------+---------+---+----+-----+------+-----+------+-------------+
    |linebuf_U    |sobel_filter_linebuf_RAM_AUTO_1R1W  |        1|  0|   0|    0|   512|    8|     1|         4096|
    |linebuf_1_U  |sobel_filter_linebuf_RAM_AUTO_1R1W  |        1|  0|   0|    0|   512|    8|     1|         4096|
    +-------------+------------------------------------+---------+---+----+-----+------+-----+------+-------------+
    |Total        |                                    |        2|  0|   0|    0|  1024|   16|     2|         8192|
    +-------------+------------------------------------+---------+---+----+-----+------+-----+------+-------------+

    * FIFO: 
    N/A

    * Expression: 
    +---------------------------+----------+----+---+----+------------+------------+
    |       Variable Name       | Operation| DSP| FF| LUT| Bitwidth P0| Bitwidth P1|
    +---------------------------+----------+----+---+----+------------+------------+
    |add_ln32_1_fu_211_p2       |         +|   0|  0|  26|          19|           1|
    |add_ln32_fu_223_p2         |         +|   0|  0|  17|          10|           1|
    |add_ln34_fu_323_p2         |         +|   0|  0|  17|          10|           1|
    |add_ln49_fu_295_p2         |         +|   0|  0|  25|          18|          18|
    |add_ln74_1_fu_450_p2       |         +|   0|  0|  17|          10|          10|
    |add_ln74_fu_515_p2         |         +|   0|  0|  17|          11|          11|
    |add_ln75_fu_474_p2         |         +|   0|  0|  18|          11|          11|
    |gx_fu_523_p2               |         +|   0|  0|  17|          11|          11|
    |gy_fu_538_p2               |         +|   0|  0|  17|          11|          11|
    |mag_fu_600_p2              |         +|   0|  0|  19|          12|          12|
    |gy_3_fu_533_p2             |         -|   0|  0|  17|          11|          11|
    |sub_ln74_1_fu_415_p2       |         -|   0|  0|  17|           1|          10|
    |sub_ln74_2_fu_436_p2       |         -|   0|  0|  18|          11|          11|
    |sub_ln74_fu_397_p2         |         -|   0|  0|  16|           9|           9|
    |sub_ln79_fu_556_p2         |         -|   0|  0|  17|           1|          10|
    |sub_ln80_fu_582_p2         |         -|   0|  0|  18|           1|          11|
    |tmp_fu_456_p2              |         -|   0|  0|  16|           9|           9|
    |ap_condition_186           |       and|   0|  0|   2|           1|           1|
    |cmp5_fu_263_p2             |      icmp|   0|  0|  17|          10|           1|
    |icmp28_fu_279_p2           |      icmp|   0|  0|  16|           9|           1|
    |icmp_ln32_fu_205_p2        |      icmp|   0|  0|  27|          19|          20|
    |icmp_ln34_fu_229_p2        |      icmp|   0|  0|  18|          10|          11|
    |icmp_ln62_fu_311_p2        |      icmp|   0|  0|  16|           9|           1|
    |icmp_ln83_fu_620_p2        |      icmp|   0|  0|  12|           4|           1|
    |ap_block_pp0_stage0_11001  |        or|   0|  0|   2|           1|           1|
    |or_ln62_fu_317_p2          |        or|   0|  0|   2|           1|           1|
    |abs_gx_fu_562_p3           |    select|   0|  0|  10|           1|          10|
    |abs_gy_fu_588_p3           |    select|   0|  0|  11|           1|          11|
    |pix_2_fu_349_p3            |    select|   0|  0|   8|           1|           1|
    |pix_fu_365_p3              |    select|   0|  0|   8|           1|           1|
    |select_ln32_1_fu_243_p3    |    select|   0|  0|  10|           1|          10|
    |select_ln32_fu_235_p3      |    select|   0|  0|  10|           1|           1|
    |select_ln85_fu_625_p3      |    select|   0|  0|   8|           1|           2|
    |ap_enable_pp0              |       xor|   0|  0|   2|           1|           2|
    +---------------------------+----------+----+---+----+------------+------------+
    |Total                      |          |   0|  0| 488|         238|         234|
    +---------------------------+----------+----+---+----+------------+------------+

    * Multiplexer: 
    +-----------------------------------------+----+-----------+-----+-----------+
    |                   Name                  | LUT| Input Size| Bits| Total Bits|
    +-----------------------------------------+----+-----------+-----+-----------+
    |ap_done_int                              |   9|          2|    1|          2|
    |ap_enable_reg_pp0_iter3                  |   9|          2|    1|          2|
    |ap_phi_reg_pp0_iter1_storemerge_reg_175  |   9|          2|    8|         16|
    |ap_phi_reg_pp0_iter5_storemerge_reg_175  |   9|          2|    8|         16|
    |ap_sig_allocacmp_c_load                  |   9|          2|   10|         20|
    |ap_sig_allocacmp_indvar_flatten_load     |   9|          2|   19|         38|
    |ap_sig_allocacmp_r_load                  |   9|          2|   10|         20|
    |c_fu_84                                  |   9|          2|   10|         20|
    |indvar_flatten_fu_92                     |   9|          2|   19|         38|
    |r_fu_88                                  |   9|          2|   10|         20|
    +-----------------------------------------+----+-----------+-----+-----------+
    |Total                                    |  90|         20|   96|        192|
    +-----------------------------------------+----+-----------+-----+-----------+

    * Register: 
    +-----------------------------------------+----+----+-----+-----------+
    |                   Name                  | FF | LUT| Bits| Const Bits|
    +-----------------------------------------+----+----+-----+-----------+
    |add_ln49_reg_703                         |  18|   0|   18|          0|
    |add_ln74_1_reg_756                       |  10|   0|   10|          0|
    |add_ln75_reg_761                         |  11|   0|   11|          0|
    |ap_CS_fsm                                |   1|   0|    1|          0|
    |ap_done_reg                              |   1|   0|    1|          0|
    |ap_enable_reg_pp0_iter1                  |   1|   0|    1|          0|
    |ap_enable_reg_pp0_iter2                  |   1|   0|    1|          0|
    |ap_enable_reg_pp0_iter3                  |   1|   0|    1|          0|
    |ap_enable_reg_pp0_iter4                  |   1|   0|    1|          0|
    |ap_enable_reg_pp0_iter5                  |   1|   0|    1|          0|
    |ap_loop_exit_ready_pp0_iter1_reg         |   1|   0|    1|          0|
    |ap_loop_exit_ready_pp0_iter2_reg         |   1|   0|    1|          0|
    |ap_loop_exit_ready_pp0_iter3_reg         |   1|   0|    1|          0|
    |ap_loop_exit_ready_pp0_iter4_reg         |   1|   0|    1|          0|
    |ap_phi_reg_pp0_iter1_storemerge_reg_175  |   8|   0|    8|          0|
    |ap_phi_reg_pp0_iter2_storemerge_reg_175  |   8|   0|    8|          0|
    |ap_phi_reg_pp0_iter3_storemerge_reg_175  |   8|   0|    8|          0|
    |ap_phi_reg_pp0_iter4_storemerge_reg_175  |   8|   0|    8|          0|
    |ap_phi_reg_pp0_iter5_storemerge_reg_175  |   8|   0|    8|          0|
    |c_fu_84                                  |  10|   0|   10|          0|
    |cmp5_reg_693                             |   1|   0|    1|          0|
    |cmp5_reg_693_pp0_iter1_reg               |   1|   0|    1|          0|
    |gy_1_fu_72                               |   8|   0|    8|          0|
    |icmp28_reg_698                           |   1|   0|    1|          0|
    |icmp_ln32_reg_689                        |   1|   0|    1|          0|
    |indvar_flatten_fu_92                     |  19|   0|   19|          0|
    |linebuf_1_addr_reg_714                   |   9|   0|    9|          0|
    |linebuf_1_addr_reg_714_pp0_iter1_reg     |   9|   0|    9|          0|
    |linebuf_addr_reg_708                     |   9|   0|    9|          0|
    |linebuf_addr_reg_708_pp0_iter1_reg       |   9|   0|    9|          0|
    |or_ln62_reg_720                          |   1|   0|    1|          0|
    |out_img_addr_reg_729                     |  18|   0|   18|          0|
    |p_0_0_04328_fu_100                       |   8|   0|    8|          0|
    |p_0_0_04426_fu_96                        |   8|   0|    8|          0|
    |p_0_0_05130_fu_104                       |   8|   0|    8|          0|
    |pix_1_fu_76                              |   8|   0|    8|          0|
    |pix_2_reg_734                            |   8|   0|    8|          0|
    |pix_3_fu_80                              |   8|   0|    8|          0|
    |pix_4_reg_741                            |   8|   0|    8|          0|
    |r_fu_88                                  |  10|   0|   10|          0|
    |sub_ln74_2_reg_751                       |  11|   0|   11|          0|
    |sub_ln74_reg_746                         |   9|   0|    9|          0|
    |tmp_7_reg_766                            |   4|   0|    4|          0|
    |trunc_ln85_reg_771                       |   8|   0|    8|          0|
    |icmp_ln32_reg_689                        |  64|  32|    1|          0|
    |or_ln62_reg_720                          |  64|  32|    1|          0|
    |out_img_addr_reg_729                     |  64|  32|   18|          0|
    +-----------------------------------------+----+----+-----+-----------+
    |Total                                    | 476|  96|  304|          0|
    +-----------------------------------------+----+----+-----+-----------+



================================================================
== Interface
================================================================
* Summary: 
+------------------+-----+-----+------------+--------------+--------------+
|     RTL Ports    | Dir | Bits|  Protocol  | Source Object|    C Type    |
+------------------+-----+-----+------------+--------------+--------------+
|ap_clk            |   in|    1|  ap_ctrl_hs|  sobel_filter|  return value|
|ap_rst            |   in|    1|  ap_ctrl_hs|  sobel_filter|  return value|
|ap_start          |   in|    1|  ap_ctrl_hs|  sobel_filter|  return value|
|ap_done           |  out|    1|  ap_ctrl_hs|  sobel_filter|  return value|
|ap_continue       |   in|    1|  ap_ctrl_hs|  sobel_filter|  return value|
|ap_idle           |  out|    1|  ap_ctrl_hs|  sobel_filter|  return value|
|ap_ready          |  out|    1|  ap_ctrl_hs|  sobel_filter|  return value|
|in_img_address0   |  out|   18|   ap_memory|        in_img|         array|
|in_img_ce0        |  out|    1|   ap_memory|        in_img|         array|
|in_img_q0         |   in|    8|   ap_memory|        in_img|         array|
|out_img_address0  |  out|   18|   ap_memory|       out_img|         array|
|out_img_ce0       |  out|    1|   ap_memory|       out_img|         array|
|out_img_we0       |  out|    1|   ap_memory|       out_img|         array|
|out_img_d0        |  out|    8|   ap_memory|       out_img|         array|
+------------------+-----+-----+------------+--------------+--------------+

